Component: ARM Compiler 5.06 update 7 (build 960) Tool: armlink [4d3601]

==============================================================================

Section Cross References

    startup_stm32f407xx.o(STACK) refers (Special) to heapauxi.o(.text) for __use_two_region_memory
    startup_stm32f407xx.o(HEAP) refers (Special) to heapauxi.o(.text) for __use_two_region_memory
    startup_stm32f407xx.o(RESET) refers (Special) to heapauxi.o(.text) for __use_two_region_memory
    startup_stm32f407xx.o(RESET) refers to startup_stm32f407xx.o(STACK) for __initial_sp
    startup_stm32f407xx.o(RESET) refers to startup_stm32f407xx.o(.text) for Reset_Handler
    startup_stm32f407xx.o(RESET) refers to stm32f4xx_it.o(i.NMI_Handler) for NMI_Handler
    startup_stm32f407xx.o(RESET) refers to stm32f4xx_it.o(i.HardFault_Handler) for HardFault_Handler
    startup_stm32f407xx.o(RESET) refers to stm32f4xx_it.o(i.MemManage_Handler) for MemManage_Handler
    startup_stm32f407xx.o(RESET) refers to stm32f4xx_it.o(i.BusFault_Handler) for BusFault_Handler
    startup_stm32f407xx.o(RESET) refers to stm32f4xx_it.o(i.UsageFault_Handler) for UsageFault_Handler
    startup_stm32f407xx.o(RESET) refers to port.o(.emb_text) for SVC_Handler
    startup_stm32f407xx.o(RESET) refers to stm32f4xx_it.o(i.DebugMon_Handler) for DebugMon_Handler
    startup_stm32f407xx.o(RESET) refers to port.o(i.SysTick_Handler) for SysTick_Handler
    startup_stm32f407xx.o(RESET) refers to stm32f4xx_it.o(i.EXTI0_IRQHandler) for EXTI0_IRQHandler
    startup_stm32f407xx.o(RESET) refers to stm32f4xx_it.o(i.EXTI3_IRQHandler) for EXTI3_IRQHandler
    startup_stm32f407xx.o(RESET) refers to stm32f4xx_it.o(i.EXTI4_IRQHandler) for EXTI4_IRQHandler
    startup_stm32f407xx.o(RESET) refers to stm32f4xx_it.o(i.CAN1_RX0_IRQHandler) for CAN1_RX0_IRQHandler
    startup_stm32f407xx.o(RESET) refers to stm32f4xx_it.o(i.EXTI9_5_IRQHandler) for EXTI9_5_IRQHandler
    startup_stm32f407xx.o(RESET) refers to main.o(i.USART1_IRQHandler) for USART1_IRQHandler
    startup_stm32f407xx.o(RESET) refers to remote_control.o(i.USART3_IRQHandler) for USART3_IRQHandler
    startup_stm32f407xx.o(RESET) refers to stm32f4xx_it.o(i.TIM7_IRQHandler) for TIM7_IRQHandler
    startup_stm32f407xx.o(RESET) refers to ins_task.o(i.DMA2_Stream2_IRQHandler) for DMA2_Stream2_IRQHandler
    startup_stm32f407xx.o(.text) refers (Special) to heapauxi.o(.text) for __use_two_region_memory
    startup_stm32f407xx.o(.text) refers to system_stm32f4xx.o(i.SystemInit) for SystemInit
    startup_stm32f407xx.o(.text) refers to __main.o(!!!main) for __main
    startup_stm32f407xx.o(.text) refers to startup_stm32f407xx.o(HEAP) for Heap_Mem
    startup_stm32f407xx.o(.text) refers to startup_stm32f407xx.o(STACK) for Stack_Mem
    main.o(i.HAL_TIM_PeriodElapsedCallback) refers to stm32f4xx_hal.o(i.HAL_IncTick) for HAL_IncTick
    main.o(i.SystemClock_Config) refers to rt_memclr_w.o(.text) for __aeabi_memclr4
    main.o(i.SystemClock_Config) refers to stm32f4xx_hal_rcc.o(i.HAL_RCC_OscConfig) for HAL_RCC_OscConfig
    main.o(i.SystemClock_Config) refers to main.o(i.Error_Handler) for Error_Handler
    main.o(i.SystemClock_Config) refers to stm32f4xx_hal_rcc.o(i.HAL_RCC_ClockConfig) for HAL_RCC_ClockConfig
    main.o(i.USART1_IRQHandler) refers to scanf1.o(x$fpl$scanf1) for _scanf_real
    main.o(i.USART1_IRQHandler) refers to _printf_percent.o(.ARM.Collect$$_printf_percent$$00000000) for _printf_percent
    main.o(i.USART1_IRQHandler) refers to _printf_f.o(.ARM.Collect$$_printf_percent$$00000003) for _printf_f
    main.o(i.USART1_IRQHandler) refers to printf1.o(x$fpl$printf1) for _printf_fp_dec
    main.o(i.USART1_IRQHandler) refers to __0sscanf.o(.text) for __0sscanf
    main.o(i.USART1_IRQHandler) refers to f2d.o(x$fpl$f2d) for __aeabi_f2d
    main.o(i.USART1_IRQHandler) refers to noretval__2sprintf.o(.text) for __2sprintf
    main.o(i.USART1_IRQHandler) refers to strlen.o(.text) for strlen
    main.o(i.USART1_IRQHandler) refers to stm32f4xx_hal_uart.o(i.HAL_UART_Transmit) for HAL_UART_Transmit
    main.o(i.USART1_IRQHandler) refers to usart.o(.bss) for huart1
    main.o(i.USART1_IRQHandler) refers to main.o(.bss) for recv_data
    main.o(i.USART1_IRQHandler) refers to main.o(.data) for serial_i
    main.o(i.main) refers to stm32f4xx_hal.o(i.HAL_Init) for HAL_Init
    main.o(i.main) refers to main.o(i.SystemClock_Config) for SystemClock_Config
    main.o(i.main) refers to gpio.o(i.MX_GPIO_Init) for MX_GPIO_Init
    main.o(i.main) refers to dma.o(i.MX_DMA_Init) for MX_DMA_Init
    main.o(i.main) refers to can.o(i.MX_CAN1_Init) for MX_CAN1_Init
    main.o(i.main) refers to can.o(i.MX_CAN2_Init) for MX_CAN2_Init
    main.o(i.main) refers to spi.o(i.MX_SPI1_Init) for MX_SPI1_Init
    main.o(i.main) refers to tim.o(i.MX_TIM4_Init) for MX_TIM4_Init
    main.o(i.main) refers to tim.o(i.MX_TIM5_Init) for MX_TIM5_Init
[...]
    xTaskGetSchedulerState                   0x080108b5   Thumb Code    24  tasks.o(i.xTaskGetSchedulerState)
    xTaskGetTickCount                        0x080108d5   Thumb Code     6  tasks.o(i.xTaskGetTickCount)
    xTaskIncrementTick                       0x080108e1   Thumb Code   282  tasks.o(i.xTaskIncrementTick)
    xTaskPriorityDisinherit                  0x08010a29   Thumb Code   188  tasks.o(i.xTaskPriorityDisinherit)
    xTaskRemoveFromEventList                 0x08010af1   Thumb Code   128  tasks.o(i.xTaskRemoveFromEventList)
    xTaskResumeAll                           0x08010b89   Thumb Code   224  tasks.o(i.xTaskResumeAll)
    xTimerCreateTimerTask                    0x08010c8d   Thumb Code   100  timers.o(i.xTimerCreateTimerTask)
    xTimerGenericCommand                     0x08010d05   Thumb Code   128  timers.o(i.xTimerGenericCommand)
    _get_lc_numeric                          0x08010d89   Thumb Code    44  lc_numeric_c.o(locale$$code)
    _get_lc_ctype                            0x08010db5   Thumb Code    44  lc_ctype_c.o(locale$$code)
    __aeabi_d2f                              0x08010de1   Thumb Code     0  d2f_clz.o(x$fpl$d2f)
    _d2f                                     0x08010de1   Thumb Code   700  d2f_clz.o(x$fpl$d2f)
    __fpl_dcheck_NaN1                        0x080110a5   Thumb Code    28  dcheck1.o(x$fpl$dcheck1)
    __fpl_dcmp_Inf                           0x080110c1   Thumb Code    24  dcmpi.o(x$fpl$dcmpinf)
    __aeabi_cdcmpeq                          0x080110d9   Thumb Code     0  deqf.o(x$fpl$deqf)
    _dcmpeq                                  0x080110d9   Thumb Code   116  deqf.o(x$fpl$deqf)
    __aeabi_d2iz                             0x0801114d   Thumb Code     0  dfix.o(x$fpl$dfix)
    _dfix                                    0x0801114d   Thumb Code   192  dfix.o(x$fpl$dfix)
    __dflt_normalise                         0x08011215   Thumb Code    26  dflt_clz.o(x$fpl$dfltn)
    __aeabi_cdcmple                          0x08011231   Thumb Code     0  dleqf.o(x$fpl$dleqf)
    _dcmple                                  0x08011231   Thumb Code   120  dleqf.o(x$fpl$dleqf)
    __fpl_dcmple_InfNaN                      0x08011289   Thumb Code     0  dleqf.o(x$fpl$dleqf)
    __aeabi_dmul                             0x080112a9   Thumb Code     0  dmul_clz.o(x$fpl$dmul)
    _dmul                                    0x080112a9   Thumb Code   440  dmul_clz.o(x$fpl$dmul)
    __fpl_dnaninf                            0x08011469   Thumb Code   258  dnaninf.o(x$fpl$dnaninf)
    __fpl_drenorm2                           0x0801156b   Thumb Code   106  drenorm_clz.o(x$fpl$drenorm)
    __fpl_drenorm1                           0x080115d5   Thumb Code     6  drenorm_clz.o(x$fpl$drenorm)
    __fpl_dretinf                            0x080115db   Thumb Code    12  dretinf.o(x$fpl$dretinf)
    __aeabi_cdrcmple                         0x080115e7   Thumb Code     0  drleqf.o(x$fpl$drleqf)
    _drcmple                                 0x080115e7   Thumb Code    98  drleqf.o(x$fpl$drleqf)
    __dunder                                 0x08011649   Thumb Code   314  dunder_clz.o(x$fpl$dunder)
    __dunder_d                               0x08011783   Thumb Code    64  dunder_clz.o(x$fpl$dunder)
    __fpl_exception                          0x080117c5   Thumb Code   454  except.o(x$fpl$exception)
    __aeabi_f2d                              0x080119b1   Thumb Code     0  f2d.o(x$fpl$f2d)
    _f2d                                     0x080119b1   Thumb Code   122  f2d.o(x$fpl$f2d)
    __fpl_fnaninf                            0x08011a2b   Thumb Code   242  fnaninf.o(x$fpl$fnaninf)
    _fp_init                                 0x08011b1d   Thumb Code    10  fpinit.o(x$fpl$fpinit)
    __fplib_config_fpu_vfp                   0x08011b25   Thumb Code     0  fpinit.o(x$fpl$fpinit)
    __fplib_config_pureend_doubles           0x08011b25   Thumb Code     0  fpinit.o(x$fpl$fpinit)
    __fpl_fretinf                            0x08011b27   Thumb Code    10  fretinf.o(x$fpl$fretinf)
    __funder                                 0x08011b31   Thumb Code   254  funder_clz.o(x$fpl$funder)
    __funder_d                               0x08011c2f   Thumb Code    62  funder_clz.o(x$fpl$funder)
    __ieee_status                            0x08011c6d   Thumb Code    28  istatus.o(x$fpl$ieeestatus)
    _printf_fp_dec                           0x08011c8d   Thumb Code     4  printf1.o(x$fpl$printf1)
    __fpl_return_NaN                         0x08011c91   Thumb Code   178  retnan.o(x$fpl$retnan)
    __ARM_scalbn                             0x08011d45   Thumb Code   270  scalbn_clz.o(x$fpl$scalbn)
    _scanf_real                              0x08011e59   Thumb Code     4  scanf1.o(x$fpl$scanf1)
    _scanf_hex_real                          0x08011e5d   Thumb Code     4  scanf2.o(x$fpl$scanf2)
    _scanf_infnan                            0x08011e61   Thumb Code     4  scanf2.o(x$fpl$scanf2)
    _fp_trapveneer                           0x08011e65   Thumb Code    36  trapv.o(x$fpl$trapveneer)
    __fpl_cmpreturn                          0x08011e89   Thumb Code    90  trapv.o(x$fpl$trapveneer)
    __I$use$fp                               0x08011ee2   Number         0  usenofp.o(x$fpl$usenofp)
    AHBPrescTable                            0x08011f70   Data          16  system_stm32f4xx.o(.constdata)
    APBPrescTable                            0x08011f80   Data           8  system_stm32f4xx.o(.constdata)
    sinTable_f32                             0x08012004   Data        2052  arm_common_tables.o(.constdata)
    Region$$Table$$Base                      0x080128c4   Number         0  anon$$obj.o(Region$$Table)
    Region$$Table$$Limit                     0x080128e4   Number         0  anon$$obj.o(Region$$Table)
    __aeabi_HUGE_VAL                         0x080128e4   Data           0  fpconst.o(c$$dinf)
    __aeabi_HUGE_VALL                        0x080128e4   Data           0  fpconst.o(c$$dinf)
    __aeabi_INFINITY                         0x080128e4   Data           0  fpconst.o(c$$dinf)
    __dInf                                   0x080128e4   Data           0  fpconst.o(c$$dinf)
    __huge_val                               0x080128e4   Data           0  fpconst.o(c$$dinf)
    __dbl_max                                0x080128ec   Data           0  fpconst.o(c$$dmax)
    __ctype                                  0x0801291d   Data           0  lc_ctype_c.o(locale$$data)
    keyset_vx                                0x20000000   Data           8  main.o(.data)
    keyset_vy                                0x20000008   Data           8  main.o(.data)
    keyset_wz                                0x20000010   Data           8  main.o(.data)
    serial_i                                 0x20000018   Data           1  main.o(.data)
    calibrate_tast_handle                    0x2000001c   Data           4  freertos.o(.data)
    chassisTaskHandle                        0x20000020   Data           4  freertos.o(.data)
    detect_handle                            0x20000024   Data           4  freertos.o(.data)
    imuTaskHandle                            0x20000028   Data           4  freertos.o(.data)
    led_RGB_flow_handle                      0x2000002c   Data           4  freertos.o(.data)
    testHandle                               0x20000030   Data           4  freertos.o(.data)
    SystemCoreClock                          0x20000038   Data           4  system_stm32f4xx.o(.data)
    calibrate_task_stack                     0x2000005c   Data           4  calibrate_task.o(.data)
    cali_hook_fun                            0x20000088   Data          20  calibrate_task.o(.data)
    chassis_behaviour_mode                   0x200000c4   Data           1  chassis_behaviour.o(.data)
    chassis_high_water                       0x200000d8   Data           4  chassis_task.o(.data)
    gyro_dma_rx_buf                          0x200000e0   Data           8  ins_task.o(.data)
    gyro_dma_tx_buf                          0x200000e8   Data           8  ins_task.o(.data)
    accel_dma_tx_buf                         0x200000f0   Data           9  ins_task.o(.data)
    accel_temp_dma_rx_buf                    0x200000f9   Data           4  ins_task.o(.data)
    accel_temp_dma_tx_buf                    0x200000fd   Data           4  ins_task.o(.data)
    gyro_update_flag                         0x20000101   Data           1  ins_task.o(.data)
    accel_update_flag                        0x20000102   Data           1  ins_task.o(.data)
    accel_temp_update_flag                   0x20000103   Data           1  ins_task.o(.data)
    mag_update_flag                          0x20000104   Data           1  ins_task.o(.data)
    imu_start_dma_flag                       0x20000105   Data           1  ins_task.o(.data)
    gyro_scale_factor                        0x20000108   Data          36  ins_task.o(.data)
    accel_scale_factor                       0x2000012c   Data          36  ins_task.o(.data)
    mag_scale_factor                         0x20000150   Data          36  ins_task.o(.data)
    RGB_flow_color                           0x2000017c   Data          28  led_flow_task.o(.data)
    error_list_test_local                    0x2000019c   Data           4  test_task.o(.data)
    BMI088_ACCEL_SEN                         0x200001a8   Data           4  bmi088driver.o(.data)
    BMI088_GYRO_SEN                          0x200001ac   Data           4  bmi088driver.o(.data)
    uwTick                                   0x200001d4   Data           4  stm32f4xx_hal.o(.data)
    uwTickPrio                               0x200001d8   Data           4  stm32f4xx_hal.o(.data)
    uwTickFreq                               0x200001dc   Data           1  stm32f4xx_hal.o(.data)
    pxCurrentTCB                             0x200001e0   Data           4  tasks.o(.data)
    recv_data                                0x20000264   Data          48  main.o(.bss)
    hcan1                                    0x2000093c   Data          40  can.o(.bss)
    hcan2                                    0x20000964   Data          40  can.o(.bss)
    hi2c3                                    0x2000098c   Data          84  i2c.o(.bss)
    hrtc                                     0x200009e0   Data          32  rtc.o(.bss)
    hspi1                                    0x20000a00   Data          88  spi.o(.bss)
    hdma_spi1_rx                             0x20000a58   Data          96  spi.o(.bss)
    hdma_spi1_tx                             0x20000ab8   Data          96  spi.o(.bss)
    htim3                                    0x20000b18   Data          64  tim.o(.bss)
    htim4                                    0x20000b58   Data          64  tim.o(.bss)
    htim5                                    0x20000b98   Data          64  tim.o(.bss)
    htim8                                    0x20000bd8   Data          64  tim.o(.bss)
    htim10                                   0x20000c18   Data          64  tim.o(.bss)
    huart1                                   0x20000c58   Data          64  usart.o(.bss)
    huart3                                   0x20000c98   Data          64  usart.o(.bss)
    hdma_usart3_rx                           0x20000cd8   Data          96  usart.o(.bss)
    htim7                                    0x20000d38   Data          64  stm32f4xx_hal_timebase_tim.o(.bss)
    cali_sensor                              0x20000e4c   Data          65  calibrate_task.o(.bss)
    chassis_move                             0x20000f08   Data         548  chassis_task.o(.bss)
    fake_signal                              0x2000112c   Data          22  chassis_task.o(.bss)
    error_list                               0x20001142   Data         540  detect_task.o(.bss)
    accel_dma_rx_buf                         0x20001360   Data           9  ins_task.o(.bss)
    bmi088_real_data                         0x2000136c   Data          36  ins_task.o(.bss)
    gyro_offset                              0x20001390   Data          12  ins_task.o(.bss)
    gyro_cali_offset                         0x2000139c   Data          12  ins_task.o(.bss)
    accel_offset                             0x200013a8   Data          12  ins_task.o(.bss)
    accel_cali_offset                        0x200013b4   Data          12  ins_task.o(.bss)
    ist8310_real_data                        0x200013c0   Data          16  ins_task.o(.bss)
    mag_offset                               0x200013d0   Data          12  ins_task.o(.bss)
    mag_cali_offset                          0x200013dc   Data          12  ins_task.o(.bss)
    INS_angle                                0x20001488   Data          12  ins_task.o(.bss)
    rc_ctrl                                  0x20001494   Data          22  remote_control.o(.bss)
    pFlash                                   0x200014f4   Data          32  stm32f4xx_hal_flash.o(.bss)
    xQueueRegistry                           0x20001514   Data          64  queue.o(.bss)
    __libspace_start                         0x20007754   Data          96  libspace.o(.bss)
    __temporary_stack_top$libspace           0x200077b4   Data           0  libspace.o(.bss)



==============================================================================

Memory Map of the image

  Image Entry point : 0x08000189

  Load Region LR_IROM1 (Base: 0x08000000, Size: 0x00012c84, Max: 0x00100000, ABSOLUTE, COMPRESSED[0x00012ac0])

    Execution Region ER_IROM1 (Exec base: 0x08000000, Load base: 0x08000000, Size: 0x00012a20, Max: 0x00100000, ABSOLUTE)

    Exec Addr    Load Addr    Size         Type   Attr      Idx    E Section Name        Object

    0x08000000   0x08000000   0x00000188   Data   RO            3    RESET               startup_stm32f407xx.o
    0x08000188   0x08000188   0x00000008   Code   RO         8598  * !!!main             c_w.l(__main.o)
    0x08000190   0x08000190   0x00000034   Code   RO         9060    !!!scatter          c_w.l(__scatter.o)
    0x080001c4   0x080001c4   0x0000005a   Code   RO         9058    !!dczerorl2         c_w.l(__dczerorl2.o)
    0x0800021e   0x0800021e   0x00000002   PAD
    0x08000220   0x08000220   0x0000001c   Code   RO         9062    !!handler_zi        c_w.l(__scatter_zi.o)
    0x0800023c   0x0800023c   0x00000000   Code   RO         8581    .ARM.Collect$$_printf_percent$$00000000  c_w.l(_printf_percent.o)
    0x0800023c   0x0800023c   0x00000006   Code   RO         8580    .ARM.Collect$$_printf_percent$$00000003  c_w.l(_printf_f.o)
    0x08000242   0x08000242   0x00000006   Code   RO         8579    .ARM.Collect$$_printf_percent$$00000009  c_w.l(_printf_d.o)
    0x08000248   0x08000248   0x00000004   Code   RO         8695    .ARM.Collect$$_printf_percent$$00000017  c_w.l(_printf_percent_end.o)
    0x0800024c   0x0800024c   0x00000002   Code   RO         8863    .ARM.Collect$$libinit$$00000000  c_w.l(libinit.o)
    0x0800024e   0x0800024e   0x00000004   Code   RO         8864    .ARM.Collect$$libinit$$00000001  c_w.l(libinit2.o)
    0x08000252   0x08000252   0x00000000   Code   RO         8867    .ARM.Collect$$libinit$$00000004  c_w.l(libinit2.o)
    0x08000252   0x08000252   0x00000000   Code   RO         8870    .ARM.Collect$$libinit$$0000000A  c_w.l(libinit2.o)
    0x08000252   0x08000252   0x00000000   Code   RO         8872    .ARM.Collect$$libinit$$0000000C  c_w.l(libinit2.o)
    0x08000252   0x08000252   0x00000000   Code   RO         8874    .ARM.Collect$$libinit$$0000000E  c_w.l(libinit2.o)
    0x08000252   0x08000252   0x00000006   Code   RO         8875    .ARM.Collect$$libinit$$0000000F  c_w.l(libinit2.o)
    0x08000258   0x08000258   0x00000000   Code   RO         8877    .ARM.Collect$$libinit$$00000011  c_w.l(libinit2.o)
    0x08000258   0x08000258   0x0000000c   Code   RO         8878    .ARM.Collect$$libinit$$00000012  c_w.l(libinit2.o)
    0x08000264   0x08000264   0x00000000   Code   RO         8879    .ARM.Collect$$libinit$$00000013  c_w.l(libinit2.o)
    0x08000264   0x08000264   0x00000000   Code   RO         8881    .ARM.Collect$$libinit$$00000015  c_w.l(libinit2.o)
    0x08000264   0x08000264   0x0000000a   Code   RO         8882    .ARM.Collect$$libinit$$00000016  c_w.l(libinit2.o)
    0x0800026e   0x0800026e   0x00000000   Code   RO         8883    .ARM.Collect$$libinit$$00000017  c_w.l(libinit2.o)
    0x0800026e   0x0800026e   0x00000000   Code   RO         8885    .ARM.Collect$$libinit$$00000019  c_w.l(libinit2.o)
    0x0800026e   0x0800026e   0x00000000   Code   RO         8887    .ARM.Collect$$libinit$$0000001B  c_w.l(libinit2.o)
    0x0800026e   0x0800026e   0x00000000   Code   RO         8889    .ARM.Collect$$libinit$$0000001D  c_w.l(libinit2.o)
    0x0800026e   0x0800026e   0x00000000   Code   RO         8891    .ARM.Collect$$libinit$$0000001F  c_w.l(libinit2.o)
    0x0800026e   0x0800026e   0x00000000   Code   RO         8893    .ARM.Collect$$libinit$$00000021  c_w.l(libinit2.o)
    0x0800026e   0x0800026e   0x00000000   Code   RO         8895    .ARM.Collect$$libinit$$00000023  c_w.l(libinit2.o)
    0x0800026e   0x0800026e   0x00000000   Code   RO         8897    .ARM.Collect$$libinit$$00000025  c_w.l(libinit2.o)
    0x0800026e   0x0800026e   0x00000000   Code   RO         8901    .ARM.Collect$$libinit$$0000002C  c_w.l(libinit2.o)
    0x0800026e   0x0800026e   0x00000000   Code   RO         8903    .ARM.Collect$$libinit$$0000002E  c_w.l(libinit2.o)
    0x0800026e   0x0800026e   0x00000000   Code   RO         8905    .ARM.Collect$$libinit$$00000030  c_w.l(libinit2.o)
    0x0800026e   0x0800026e   0x00000000   Code   RO         8907    .ARM.Collect$$libinit$$00000032  c_w.l(libinit2.o)
    0x0800026e   0x0800026e   0x00000002   Code   RO         8908    .ARM.Collect$$libinit$$00000033  c_w.l(libinit2.o)
    0x08000270   0x08000270   0x00000002   Code   RO         9009    .ARM.Collect$$libshutdown$$00000000  c_w.l(libshutdown.o)
    0x08000272   0x08000272   0x00000000   Code   RO         9039    .ARM.Collect$$libshutdown$$00000002  c_w.l(libshutdown2.o)
    0x08000272   0x08000272   0x00000000   Code   RO         9041    .ARM.Collect$$libshutdown$$00000004  c_w.l(libshutdown2.o)
    0x08000272   0x08000272   0x00000000   Code   RO         9043    .ARM.Collect$$libshutdown$$00000006  c_w.l(libshutdown2.o)
    0x08000272   0x08000272   0x00000000   Code   RO         9046    .ARM.Collect$$libshutdown$$00000009  c_w.l(libshutdown2.o)
    0x08000272   0x08000272   0x00000000   Code   RO         9049    .ARM.Collect$$libshutdown$$0000000C  c_w.l(libshutdown2.o)
    0x08000272   0x08000272   0x00000000   Code   RO         9051    .ARM.Collect$$libshutdown$$0000000E  c_w.l(libshutdown2.o)
    0x08000272   0x08000272   0x00000000   Code   RO         9054    .ARM.Collect$$libshutdown$$00000011  c_w.l(libshutdown2.o)
    0x08000272   0x08000272   0x00000002   Code   RO         9055    .ARM.Collect$$libshutdown$$00000012  c_w.l(libshutdown2.o)
    0x08000274   0x08000274   0x00000000   Code   RO         8680    .ARM.Collect$$rtentry$$00000000  c_w.l(__rtentry.o)
    0x08000274   0x08000274   0x00000000   Code   RO         8749    .ARM.Collect$$rtentry$$00000002  c_w.l(__rtentry2.o)
    0x08000274   0x08000274   0x00000006   Code   RO         8761    .ARM.Collect$$rtentry$$00000004  c_w.l(__rtentry4.o)
    0x0800027a   0x0800027a   0x00000000   Code   RO         8751    .ARM.Collect$$rtentry$$00000009  c_w.l(__rtentry2.o)
    0x0800027a   0x0800027a   0x00000004   Code   RO         8752    .ARM.Collect$$rtentry$$0000000A  c_w.l(__rtentry2.o)
    0x0800027e   0x0800027e   0x00000000   Code   RO         8754    .ARM.Collect$$rtentry$$0000000C  c_w.l(__rtentry2.o)
    0x0800027e   0x0800027e   0x00000008   Code   RO         8755    .ARM.Collect$$rtentry$$0000000D  c_w.l(__rtentry2.o)
    0x08000286   0x08000286   0x00000002   Code   RO         8919    .ARM.Collect$$rtexit$$00000000  c_w.l(rtexit.o)
    0x08000288   0x08000288   0x00000000   Code   RO         8961    .ARM.Collect$$rtexit$$00000002  c_w.l(rtexit2.o)
    0x08000288   0x08000288   0x00000004   Code   RO         8962    .ARM.Collect$$rtexit$$00000003  c_w.l(rtexit2.o)
    0x0800028c   0x0800028c   0x00000006   Code   RO         8963    .ARM.Collect$$rtexit$$00000004  c_w.l(rtexit2.o)
    0x08000292   0x08000292   0x00000002   PAD
    0x08000294   0x08000294   0x000000be   Code   RO         8224    .emb_text           port.o
    0x08000352   0x08000352   0x00000002   PAD
    0x08000354   0x08000354   0x00000040   Code   RO            4    .text               startup_stm32f407xx.o
    0x08000394   0x08000394   0x00000078   Code   RO         8391    .text               arm_cortexM4lf_math.lib(arm_cos_f32.o)
    0x0800040c   0x0800040c   0x00000074   Code   RO         8444    .text               arm_cortexM4lf_math.lib(arm_sin_f32.o)
    0x08000480   0x08000480   0x000000ee   Code   RO         8549    .text               c_w.l(lludivv7m.o)
    0x0800056e   0x0800056e   0x00000002   PAD
    0x08000570   0x08000570   0x00000028   Code   RO         8553    .text               c_w.l(noretval__2sprintf.o)
    0x08000598   0x08000598   0x00000078   Code   RO         8557    .text               c_w.l(_printf_dec.o)
    0x08000610   0x08000610   0x0000010e   Code   RO         8567    .text               c_w.l(__printf_wp.o)
    0x0800071e   0x0800071e   0x00000002   PAD
    0x08000720   0x08000720   0x0000003c   Code   RO         8582    .text               c_w.l(__0sscanf.o)
    0x0800075c   0x0800075c   0x0000003e   Code   RO         8584    .text               c_w.l(strlen.o)
    0x0800079a   0x0800079a   0x0000008a   Code   RO         8586    .text               c_w.l(rt_memcpy_v6.o)
    0x08000824   0x08000824   0x00000064   Code   RO         8588    .text               c_w.l(rt_memcpy_w.o)
    0x08000888   0x08000888   0x00000010   Code   RO         8592    .text               c_w.l(aeabi_memset.o)
    0x08000898   0x08000898   0x0000004e   Code   RO         8594    .text               c_w.l(rt_memclr_w.o)
    0x080008e6   0x080008e6   0x00000006   Code   RO         8596    .text               c_w.l(heapauxi.o)
    0x080008ec   0x080008ec   0x00000016   Code   RO         8685    .text               c_w.l(_rserrno.o)
    0x08000902   0x08000902   0x000000b2   Code   RO         8687    .text               c_w.l(_printf_intcommon.o)
    0x080009b4   0x080009b4   0x0000041e   Code   RO         8689    .text               c_w.l(_printf_fp_dec.o)
    0x08000dd2   0x08000dd2   0x00000002   PAD
    0x08000dd4   0x08000dd4   0x00000030   Code   RO         8691    .text               c_w.l(_printf_char_common.o)
    0x08000e04   0x08000e04   0x0000000a   Code   RO         8693    .text               c_w.l(_sputc.o)
    0x08000e0e   0x08000e0e   0x00000002   PAD
    0x08000e10   0x08000e10   0x000004f8   Code   RO         8696    .text               c_w.l(scanf_fp.o)
    0x08001308   0x08001308   0x0000002c   Code   RO         8698    .text               c_w.l(scanf_char.o)
    0x08001334   0x08001334   0x00000040   Code   RO         8700    .text               c_w.l(_sgetc.o)
    0x08001374   0x08001374   0x00000044   Code   RO         8702    .text               c_w.l(rt_memclr.o)
    0x080013b8   0x080013b8   0x00000008   Code   RO         8768    .text               c_w.l(rt_locale_intlibspace.o)
    0x080013c0   0x080013c0   0x00000008   Code   RO         8773    .text               c_w.l(rt_errno_addr_intlibspace.o)
    0x080013c8   0x080013c8   0x0000008a   Code   RO         8775    .text               c_w.l(lludiv10.o)
    0x08001452   0x08001452   0x00000002   PAD
    0x08001454   0x08001454   0x00000030   Code   RO         8777    .text               c_w.l(_fptrap.o)
    0x08001484   0x08001484   0x00000012   Code   RO         8779    .text               c_w.l(isspace.o)
    0x08001496   0x08001496   0x00000002   PAD
    0x08001498   0x08001498   0x00000080   Code   RO         8781    .text               c_w.l(_printf_fp_infnan.o)
    0x08001518   0x08001518   0x00000374   Code   RO         8785    .text               c_w.l(_scanf.o)
    0x0800188c   0x0800188c   0x000000e4   Code   RO         8787    .text               c_w.l(bigflt0.o)
    0x08001970   0x08001970   0x00000008   Code   RO         8839    .text               c_w.l(libspace.o)
    0x08001978   0x08001978   0x0000004a   Code   RO         8842    .text               c_w.l(sys_stackheap_outer.o)
    0x080019c2   0x080019c2   0x00000002   PAD
    0x080019c4   0x080019c4   0x00000010   Code   RO         8844    .text               c_w.l(rt_ctype_table.o)
    0x080019d4   0x080019d4   0x00000320   Code   RO         8846    .text               c_w.l(scanf_hexfp.o)
    0x08001cf4   0x08001cf4   0x00000134   Code   RO         8848    .text               c_w.l(scanf_infnan.o)
    0x08001e28   0x08001e28   0x00000012   Code   RO         8850    .text               c_w.l(exit.o)
    0x08001e3a   0x08001e3a   0x0000000e   Code   RO         8852    .text               c_w.l(defsig_fpe_outer.o)
    0x08001e48   0x08001e48   0x00000080   Code   RO         8856    .text               c_w.l(strcmpv7m.o)
    0x08001ec8   0x08001ec8   0x00000026   Code   RO         8923    .text               c_w.l(llshl.o)
    0x08001eee   0x08001eee   0x0000001c   Code   RO         8925    .text               c_w.l(_chval.o)
    0x08001f0a   0x08001f0a   0x0000000a   Code   RO         8930    .text               c_w.l(defsig_exit.o)
    0x08001f14   0x08001f14   0x000000ac   Code   RO         8932    .text               c_w.l(defsig_fpe_inner.o)
    0x08001fc0   0x08001fc0   0x0000000c   Code   RO         8958    .text               c_w.l(sys_exit.o)
    0x08001fcc   0x08001fcc   0x00000032   Code   RO         8969    .text               c_w.l(defsig_general.o)
    0x08001ffe   0x08001ffe   0x0000000e   Code   RO         8992    .text               c_w.l(sys_wrch.o)
    0x0800200c   0x0800200c   0x00000002   Code   RO         8996    .text               c_w.l(use_no_semi.o)
    0x0800200e   0x0800200e   0x00000000   Code   RO         8998    .text               c_w.l(indicate_semi.o)
    0x0800200e   0x0800200e   0x0000003e   Code   RO         8790    CL$$btod_d2e        c_w.l(btod.o)
    0x0800204c   0x0800204c   0x00000046   Code   RO         8792    CL$$btod_d2e_denorm_low  c_w.l(btod.o)
    0x08002092   0x08002092   0x00000060   Code   RO         8791    CL$$btod_d2e_norm_op1  c_w.l(btod.o)
    0x080020f2   0x080020f2   0x00000338   Code   RO         8800    CL$$btod_div_common  c_w.l(btod.o)
    0x0800242a   0x0800242a   0x00000002   PAD
    0x0800242c   0x0800242c   0x00000084   Code   RO         8798    CL$$btod_e2d        c_w.l(btod.o)
    0x080024b0   0x080024b0   0x000000dc   Code   RO         8797    CL$$btod_e2e        c_w.l(btod.o)
    0x0800258c   0x0800258c   0x0000002a   Code   RO         8794    CL$$btod_ediv       c_w.l(btod.o)
    0x080025b6   0x080025b6   0x0000002a   Code   RO         8796    CL$$btod_edivd      c_w.l(btod.o)
    0x080025e0   0x080025e0   0x0000002a   Code   RO         8793    CL$$btod_emul       c_w.l(btod.o)
    0x0800260a   0x0800260a   0x0000002a   Code   RO         8795    CL$$btod_emuld      c_w.l(btod.o)
    0x08002634   0x08002634   0x00000244   Code   RO         8799    CL$$btod_mult_common  c_w.l(btod.o)
    0x08002878   0x08002878   0x00000018   Code   RO         2647    i.AHRS_asinf        ahrs_middleware.o
    0x08002890   0x08002890   0x00000020   Code   RO         2648    i.AHRS_atan2f       ahrs_middleware.o
    0x080028b0   0x080028b0   0x00000018   Code   RO         2649    i.AHRS_cosf         ahrs_middleware.o
    0x080028c8   0x080028c8   0x0000001a   Code   RO         8301    i.AHRS_fabs         AHRS.lib(ahrs.o)
    0x080028e2   0x080028e2   0x00000002   PAD
    0x080028e4   0x080028e4   0x00000010   Code   RO         2650    i.AHRS_get_height   ahrs_middleware.o
    0x080028f4   0x080028f4   0x0000000c   Code   RO         2651    i.AHRS_get_latitude  ahrs_middleware.o
    0x08002900   0x08002900   0x0000029c   Code   RO         8302    i.AHRS_init         AHRS.lib(ahrs.o)
    0x08002b9c   0x08002b9c   0x00000024   Code   RO         2652    i.AHRS_invSqrt      ahrs_middleware.o
    0x08002bc0   0x08002bc0   0x00000018   Code   RO         2653    i.AHRS_sinf         ahrs_middleware.o
    0x08002bd8   0x08002bd8   0x0000013a   Code   RO         8303    i.AHRS_update       AHRS.lib(ahrs.o)
    0x08002d12   0x08002d12   0x00000002   PAD
    0x08002d14   0x08002d14   0x00000014   Code   RO         2435    i.BMI088_ACCEL_NS_H  bmi088middleware.o
    0x08002d28   0x08002d28   0x00000014   Code   RO         2436    i.BMI088_ACCEL_NS_L  bmi088middleware.o
    0x08002d3c   0x08002d3c   0x00000002   Code   RO         2437    i.BMI088_GPIO_init  bmi088middleware.o
    0x08002d3e   0x08002d3e   0x00000002   PAD
    0x08002d40   0x08002d40   0x00000014   Code   RO         2438    i.BMI088_GYRO_NS_H  bmi088middleware.o
    0x08002d54   0x08002d54   0x00000014   Code   RO         2439    i.BMI088_GYRO_NS_L  bmi088middleware.o
    0x08002d68   0x08002d68   0x00000090   Code   RO         2299    i.BMI088_accel_read_over  bmi088driver.o
    0x08002df8   0x08002df8   0x00000002   Code   RO         2440    i.BMI088_com_init   bmi088middleware.o
    0x08002dfa   0x08002dfa   0x0000000c   Code   RO         2441    i.BMI088_delay_ms   bmi088middleware.o
    0x08002e06   0x08002e06   0x0000000c   Code   RO         2442    i.BMI088_delay_us   bmi088middleware.o
    0x08002e12   0x08002e12   0x00000002   PAD
    0x08002e14   0x08002e14   0x00000068   Code   RO         2300    i.BMI088_gyro_read_over  bmi088driver.o
    0x08002e7c   0x08002e7c   0x00000034   Code   RO         2301    i.BMI088_init       bmi088driver.o
    0x08002eb0   0x08002eb0   0x0000017c   Code   RO         2302    i.BMI088_read       bmi088driver.o
    0x0800302c   0x0800302c   0x00000026   Code   RO         2305    i.BMI088_read_muli_reg  bmi088driver.o
    0x08003052   0x08003052   0x00000018   Code   RO         2306    i.BMI088_read_single_reg  bmi088driver.o
    0x0800306a   0x0800306a   0x00000002   PAD
    0x0800306c   0x0800306c   0x00000020   Code   RO         2443    i.BMI088_read_write_byte  bmi088middleware.o
    0x0800308c   0x0800308c   0x00000034   Code   RO         2307    i.BMI088_temperature_read_over  bmi088driver.o
    0x080030c0   0x080030c0   0x00000014   Code   RO         2308    i.BMI088_write_single_reg  bmi088driver.o
    0x080030d4   0x080030d4   0x00000004   Code   RO          809    i.BusFault_Handler  stm32f4xx_it.o
    0x080030d8   0x080030d8   0x00000010   Code   RO          810    i.CAN1_RX0_IRQHandler  stm32f4xx_it.o
    0x080030e8   0x080030e8   0x00000070   Code   RO         1597    i.CAN_cmd_chassis   can_receive.o
    0x08003158   0x08003158   0x00000024   Code   RO         1600    i.CAN_transform_3508_to_2006  can_receive.o
    0x0800317c   0x0800317c   0x00000898   Code   RO         2011    i.DMA2_Stream2_IRQHandler  ins_task.o
    0x08003a14   0x08003a14   0x00000034   Code   RO         3680    i.DMA_CalcBaseAndBitshift  stm32f4xx_hal_dma.o
    0x08003a48   0x08003a48   0x000000aa   Code   RO         3681    i.DMA_CheckFifoParam  stm32f4xx_hal_dma.o
    0x08003af2   0x08003af2   0x00000002   Code   RO          811    i.DebugMon_Handler  stm32f4xx_it.o
    0x08003af4   0x08003af4   0x0000000a   Code   RO          812    i.EXTI0_IRQHandler  stm32f4xx_it.o
    0x08003afe   0x08003afe   0x0000000a   Code   RO          813    i.EXTI3_IRQHandler  stm32f4xx_it.o
    0x08003b08   0x08003b08   0x0000000a   Code   RO          814    i.EXTI4_IRQHandler  stm32f4xx_it.o
    0x08003b12   0x08003b12   0x0000000a   Code   RO          815    i.EXTI9_5_IRQHandler  stm32f4xx_it.o
    0x08003b1c   0x08003b1c   0x00000002   Code   RO           13    i.Error_Handler     main.o
    0x08003b1e   0x08003b1e   0x00000002   PAD
    0x08003b20   0x08003b20   0x0000005c   Code   RO         3450    i.FLASH_Erase_Sector  stm32f4xx_hal_flash_ex.o
    0x08003b7c   0x08003b7c   0x00000078   Code   RO         3451    i.FLASH_FlushCaches  stm32f4xx_hal_flash_ex.o
    0x08003bf4   0x08003bf4   0x00000030   Code   RO         3452    i.FLASH_MassErase   stm32f4xx_hal_flash_ex.o
    0x08003c24   0x08003c24   0x00000024   Code   RO         3332    i.FLASH_Program_Byte  stm32f4xx_hal_flash.o
    0x08003c48   0x08003c48   0x0000002c   Code   RO         3333    i.FLASH_Program_DoubleWord  stm32f4xx_hal_flash.o
    0x08003c74   0x08003c74   0x00000028   Code   RO         3334    i.FLASH_Program_HalfWord  stm32f4xx_hal_flash.o
    0x08003c9c   0x08003c9c   0x00000028   Code   RO         3335    i.FLASH_Program_Word  stm32f4xx_hal_flash.o
    0x08003cc4   0x08003cc4   0x00000098   Code   RO         3336    i.FLASH_SetErrorCode  stm32f4xx_hal_flash.o
    0x08003d5c   0x08003d5c   0x00000064   Code   RO         3337    i.FLASH_WaitForLastOperation  stm32f4xx_hal_flash.o
    0x08003dc0   0x08003dc0   0x0000002a   Code   RO         2943    i.HAL_CAN_ActivateNotification  stm32f4xx_hal_can.o
    0x08003dea   0x08003dea   0x00000156   Code   RO         2944    i.HAL_CAN_AddTxMessage  stm32f4xx_hal_can.o
    0x08003f40   0x08003f40   0x00000124   Code   RO         2945    i.HAL_CAN_ConfigFilter  stm32f4xx_hal_can.o
    0x08004064   0x08004064   0x00000002   Code   RO         2948    i.HAL_CAN_ErrorCallback  stm32f4xx_hal_can.o
    0x08004066   0x08004066   0x0000017c   Code   RO         2951    i.HAL_CAN_GetRxMessage  stm32f4xx_hal_can.o
    0x080041e2   0x080041e2   0x0000024e   Code   RO         2955    i.HAL_CAN_IRQHandler  stm32f4xx_hal_can.o
    0x08004430   0x08004430   0x00000174   Code   RO         2956    i.HAL_CAN_Init      stm32f4xx_hal_can.o
    0x080045a4   0x080045a4   0x00000154   Code   RO          488    i.HAL_CAN_MspInit   can.o
    0x080046f8   0x080046f8   0x00000002   Code   RO         2963    i.HAL_CAN_RxFifo0FullCallback  stm32f4xx_hal_can.o
    0x080046fa   0x080046fa   0x00000002   PAD
    0x080046fc   0x080046fc   0x000000dc   Code   RO         1601    i.HAL_CAN_RxFifo0MsgPendingCallback  can_receive.o
    0x080047d8   0x080047d8   0x00000002   Code   RO         2965    i.HAL_CAN_RxFifo1FullCallback  stm32f4xx_hal_can.o
    0x080047da   0x080047da   0x00000002   Code   RO         2966    i.HAL_CAN_RxFifo1MsgPendingCallback  stm32f4xx_hal_can.o
    0x080047dc   0x080047dc   0x00000002   Code   RO         2967    i.HAL_CAN_SleepCallback  stm32f4xx_hal_can.o
    0x080047de   0x080047de   0x0000005e   Code   RO         2968    i.HAL_CAN_Start     stm32f4xx_hal_can.o
    0x0800483c   0x0800483c   0x00000002   Code   RO         2970    i.HAL_CAN_TxMailbox0AbortCallback  stm32f4xx_hal_can.o
    0x0800483e   0x0800483e   0x00000002   Code   RO         2971    i.HAL_CAN_TxMailbox0CompleteCallback  stm32f4xx_hal_can.o
    0x08004840   0x08004840   0x00000002   Code   RO         2972    i.HAL_CAN_TxMailbox1AbortCallback  stm32f4xx_hal_can.o
    0x08004842   0x08004842   0x00000002   Code   RO         2973    i.HAL_CAN_TxMailbox1CompleteCallback  stm32f4xx_hal_can.o
    0x08004844   0x08004844   0x00000002   Code   RO         2974    i.HAL_CAN_TxMailbox2AbortCallback  stm32f4xx_hal_can.o
    0x08004846   0x08004846   0x00000002   Code   RO         2975    i.HAL_CAN_TxMailbox2CompleteCallback  stm32f4xx_hal_can.o
    0x08004848   0x08004848   0x00000002   Code   RO         2977    i.HAL_CAN_WakeUpFromRxMsgCallback  stm32f4xx_hal_can.o
    0x0800484a   0x0800484a   0x00000002   PAD
    0x0800484c   0x0800484c   0x000000ec   Code   RO         3689    i.HAL_DMA_Init      stm32f4xx_hal_dma.o
    0x08004938   0x08004938   0x000000ac   Code   RO         3462    i.HAL_FLASHEx_Erase  stm32f4xx_hal_flash_ex.o
    0x080049e4   0x080049e4   0x00000014   Code   RO         3341    i.HAL_FLASH_Lock    stm32f4xx_hal_flash.o
    0x080049f8   0x080049f8   0x00000098   Code   RO         3346    i.HAL_FLASH_Program  stm32f4xx_hal_flash.o
    0x08004a90   0x08004a90   0x00000034   Code   RO         3348    i.HAL_FLASH_Unlock  stm32f4xx_hal_flash.o
    0x08004ac4   0x08004ac4   0x000000b8   Code   RO         2012    i.HAL_GPIO_EXTI_Callback  ins_task.o
    0x08004b7c   0x08004b7c   0x0000001c   Code   RO         3575    i.HAL_GPIO_EXTI_IRQHandler  stm32f4xx_hal_gpio.o
    0x08004b98   0x08004b98   0x00000200   Code   RO         3576    i.HAL_GPIO_Init     stm32f4xx_hal_gpio.o
    0x08004d98   0x08004d98   0x0000000c   Code   RO         3580    i.HAL_GPIO_WritePin  stm32f4xx_hal_gpio.o
    0x08004da4   0x08004da4   0x0000000c   Code   RO         4113    i.HAL_GetTick       stm32f4xx_hal.o
    0x08004db0   0x08004db0   0x000001b8   Code   RO         4366    i.HAL_I2C_Init      stm32f4xx_hal_i2c.o
    0x08004f68   0x08004f68   0x000002f4   Code   RO         4384    i.HAL_I2C_Mem_Read  stm32f4xx_hal_i2c.o
    0x0800525c   0x0800525c   0x00000164   Code   RO         4387    i.HAL_I2C_Mem_Write  stm32f4xx_hal_i2c.o
    0x080053c0   0x080053c0   0x000000c8   Code   RO          564    i.HAL_I2C_MspInit   i2c.o
    0x08005488   0x08005488   0x00000018   Code   RO         4119    i.HAL_IncTick       stm32f4xx_hal.o
    0x080054a0   0x080054a0   0x0000003c   Code   RO         4120    i.HAL_Init          stm32f4xx_hal.o
    0x080054dc   0x080054dc   0x000000b4   Code   RO          927    i.HAL_InitTick      stm32f4xx_hal_timebase_tim.o
    0x08005590   0x08005590   0x00000054   Code   RO          903    i.HAL_MspInit       stm32f4xx_hal_msp.o
    0x080055e4   0x080055e4   0x00000020   Code   RO         3965    i.HAL_NVIC_EnableIRQ  stm32f4xx_hal_cortex.o
    0x08005604   0x08005604   0x0000007c   Code   RO         3971    i.HAL_NVIC_SetPriority  stm32f4xx_hal_cortex.o
    0x08005680   0x08005680   0x00000028   Code   RO         3972    i.HAL_NVIC_SetPriorityGrouping  stm32f4xx_hal_cortex.o
    0x080056a8   0x080056a8   0x000001a0   Code   RO         3282    i.HAL_RCCEx_PeriphCLKConfig  stm32f4xx_hal_rcc_ex.o
    0x08005848   0x08005848   0x00000180   Code   RO         3177    i.HAL_RCC_ClockConfig  stm32f4xx_hal_rcc.o
    0x080059c8   0x080059c8   0x00000044   Code   RO         3181    i.HAL_RCC_GetClockConfig  stm32f4xx_hal_rcc.o
    0x08005a0c   0x08005a0c   0x0000000c   Code   RO         3182    i.HAL_RCC_GetHCLKFreq  stm32f4xx_hal_rcc.o
    0x08005a18   0x08005a18   0x00000020   Code   RO         3184    i.HAL_RCC_GetPCLK1Freq  stm32f4xx_hal_rcc.o
    0x08005a38   0x08005a38   0x00000020   Code   RO         3185    i.HAL_RCC_GetPCLK2Freq  stm32f4xx_hal_rcc.o
    0x08005a58   0x08005a58   0x000000b0   Code   RO         3186    i.HAL_RCC_GetSysClockFreq  stm32f4xx_hal_rcc.o
    0x08005b08   0x08005b08   0x00000448   Code   RO         3189    i.HAL_RCC_OscConfig  stm32f4xx_hal_rcc.o
    0x08005f50   0x08005f50   0x000000d8   Code   RO         4843    i.HAL_RTC_Init      stm32f4xx_hal_rtc.o
    0x08006028   0x08006028   0x00000040   Code   RO          606    i.HAL_RTC_MspInit   rtc.o
    0x08006068   0x08006068   0x0000003a   Code   RO         4851    i.HAL_RTC_WaitForSynchro  stm32f4xx_hal_rtc.o
    0x080060a2   0x080060a2   0x0000008c   Code   RO         5212    i.HAL_SPI_Init      stm32f4xx_hal_spi.o
    0x0800612e   0x0800612e   0x00000002   PAD
    0x08006130   0x08006130   0x00000158   Code   RO          648    i.HAL_SPI_MspInit   spi.o
    0x08006288   0x08006288   0x0000022a   Code   RO         5221    i.HAL_SPI_TransmitReceive  stm32f4xx_hal_spi.o
    0x080064b2   0x080064b2   0x00000002   Code   RO         6211    i.HAL_TIMEx_BreakCallback  stm32f4xx_hal_tim_ex.o
    0x080064b4   0x080064b4   0x00000002   Code   RO         6212    i.HAL_TIMEx_CommutCallback  stm32f4xx_hal_tim_ex.o
    0x080064b6   0x080064b6   0x00000054   Code   RO         6229    i.HAL_TIMEx_MasterConfigSynchronization  stm32f4xx_hal_tim_ex.o
    0x0800650a   0x0800650a   0x00000034   Code   RO         5525    i.HAL_TIM_Base_Init  stm32f4xx_hal_tim.o
    0x0800653e   0x0800653e   0x00000002   PAD
    0x08006540   0x08006540   0x000000ec   Code   RO          690    i.HAL_TIM_Base_MspInit  tim.o
    0x0800662c   0x0800662c   0x0000002a   Code   RO         5528    i.HAL_TIM_Base_Start  stm32f4xx_hal_tim.o
    0x08006656   0x08006656   0x0000002a   Code   RO         5530    i.HAL_TIM_Base_Start_IT  stm32f4xx_hal_tim.o
    0x08006680   0x08006680   0x00000108   Code   RO         5534    i.HAL_TIM_ConfigClockSource  stm32f4xx_hal_tim.o
    0x08006788   0x08006788   0x00000002   Code   RO         5554    i.HAL_TIM_IC_CaptureCallback  stm32f4xx_hal_tim.o
    0x0800678a   0x0800678a   0x00000196   Code   RO         5568    i.HAL_TIM_IRQHandler  stm32f4xx_hal_tim.o
    0x08006920   0x08006920   0x000001a4   Code   RO          691    i.HAL_TIM_MspPostInit  tim.o
    0x08006ac4   0x08006ac4   0x00000002   Code   RO         5571    i.HAL_TIM_OC_DelayElapsedCallback  stm32f4xx_hal_tim.o
    0x08006ac6   0x08006ac6   0x00000108   Code   RO         5592    i.HAL_TIM_PWM_ConfigChannel  stm32f4xx_hal_tim.o
    0x08006bce   0x08006bce   0x00000034   Code   RO         5595    i.HAL_TIM_PWM_Init  stm32f4xx_hal_tim.o
    0x08006c02   0x08006c02   0x00000002   Code   RO         5597    i.HAL_TIM_PWM_MspInit  stm32f4xx_hal_tim.o
    0x08006c04   0x08006c04   0x00000002   Code   RO         5598    i.HAL_TIM_PWM_PulseFinishedCallback  stm32f4xx_hal_tim.o
    0x08006c06   0x08006c06   0x00000002   PAD
    0x08006c08   0x08006c08   0x00000058   Code   RO         5600    i.HAL_TIM_PWM_Start  stm32f4xx_hal_tim.o
    0x08006c60   0x08006c60   0x00000018   Code   RO           14    i.HAL_TIM_PeriodElapsedCallback  main.o
    0x08006c78   0x08006c78   0x00000002   Code   RO         5611    i.HAL_TIM_TriggerCallback  stm32f4xx_hal_tim.o
    0x08006c7a   0x08006c7a   0x00000072   Code   RO         6487    i.HAL_UART_Init     stm32f4xx_hal_uart.o
    0x08006cec   0x08006cec   0x000001a4   Code   RO          762    i.HAL_UART_MspInit  usart.o
    0x08006e90   0x08006e90   0x000000d6   Code   RO         6495    i.HAL_UART_Transmit  stm32f4xx_hal_uart.o
    0x08006f66   0x08006f66   0x00000004   Code   RO          816    i.HardFault_Handler  stm32f4xx_it.o
    0x08006f6a   0x08006f6a   0x0000003e   Code   RO         4409    i.I2C_IsAcknowledgeFailed  stm32f4xx_hal_i2c.o
    0x08006fa8   0x08006fa8   0x00000138   Code   RO         4419    i.I2C_RequestMemoryRead  stm32f4xx_hal_i2c.o
    0x080070e0   0x080070e0   0x000000cc   Code   RO         4420    i.I2C_RequestMemoryWrite  stm32f4xx_hal_i2c.o
    0x080071ac   0x080071ac   0x0000005c   Code   RO         4428    i.I2C_WaitOnBTFFlagUntilTimeout  stm32f4xx_hal_i2c.o
    0x08007208   0x08007208   0x00000086   Code   RO         4429    i.I2C_WaitOnFlagUntilTimeout  stm32f4xx_hal_i2c.o
    0x0800728e   0x0800728e   0x000000c4   Code   RO         4430    i.I2C_WaitOnMasterAddressFlagUntilTimeout  stm32f4xx_hal_i2c.o
    0x08007352   0x08007352   0x00000080   Code   RO         4431    i.I2C_WaitOnRXNEFlagUntilTimeout  stm32f4xx_hal_i2c.o
    0x080073d2   0x080073d2   0x0000005c   Code   RO         4433    i.I2C_WaitOnTXEFlagUntilTimeout  stm32f4xx_hal_i2c.o
    0x0800742e   0x0800742e   0x00000002   PAD
    0x08007430   0x08007430   0x0000007c   Code   RO         2013    i.INS_cali_gyro     ins_task.o
    0x080074ac   0x080074ac   0x00000048   Code   RO         2014    i.INS_set_cali_gyro  ins_task.o
    0x080074f4   0x080074f4   0x00000304   Code   RO         2015    i.INS_task          ins_task.o
    0x080077f8   0x080077f8   0x00000044   Code   RO          489    i.MX_CAN1_Init      can.o
    0x0800783c   0x0800783c   0x00000038   Code   RO          490    i.MX_CAN2_Init      can.o
    0x08007874   0x08007874   0x00000078   Code   RO          536    i.MX_DMA_Init       dma.o
    0x080078ec   0x080078ec   0x00000098   Code   RO          431    i.MX_FREERTOS_Init  freertos.o
    0x08007984   0x08007984   0x000001c0   Code   RO          297    i.MX_GPIO_Init      gpio.o
    0x08007b44   0x08007b44   0x0000003c   Code   RO          565    i.MX_I2C3_Init      i2c.o
    0x08007b80   0x08007b80   0x00000034   Code   RO          607    i.MX_RTC_Init       rtc.o
    0x08007bb4   0x08007bb4   0x00000048   Code   RO          649    i.MX_SPI1_Init      spi.o
    0x08007bfc   0x08007bfc   0x0000006c   Code   RO          692    i.MX_TIM10_Init     tim.o
    0x08007c68   0x08007c68   0x000000a4   Code   RO          693    i.MX_TIM3_Init      tim.o
    0x08007d0c   0x08007d0c   0x000000a4   Code   RO          694    i.MX_TIM4_Init      tim.o
    0x08007db0   0x08007db0   0x000000c4   Code   RO          695    i.MX_TIM5_Init      tim.o
    0x08007e74   0x08007e74   0x00000070   Code   RO          696    i.MX_TIM8_Init      tim.o
    0x08007ee4   0x08007ee4   0x00000038   Code   RO          763    i.MX_USART1_UART_Init  usart.o
    0x08007f1c   0x08007f1c   0x0000003c   Code   RO          764    i.MX_USART3_UART_Init  usart.o
    0x08007f58   0x08007f58   0x00000004   Code   RO          817    i.MemManage_Handler  stm32f4xx_it.o
    0x08007f5c   0x08007f5c   0x00000002   Code   RO          818    i.NMI_Handler       stm32f4xx_it.o
    0x08007f5e   0x08007f5e   0x00000002   PAD
    0x08007f60   0x08007f60   0x000001f0   Code   RO         2903    i.PID_calc          pid.o
    0x08008150   0x08008150   0x00000060   Code   RO         2905    i.PID_init          pid.o
    0x080081b0   0x080081b0   0x00000050   Code   RO         1299    i.RC_restart        bsp_rc.o
    0x08008200   0x08008200   0x00000018   Code   RO         1300    i.RC_unable         bsp_rc.o
    0x08008218   0x08008218   0x0000003e   Code   RO         4854    i.RTC_EnterInitMode  stm32f4xx_hal_rtc.o
    0x08008256   0x08008256   0x00000002   PAD
    0x08008258   0x08008258   0x0000273c   Code   RO         1338    i.SPI1_DMA_enable   bsp_spi.o
    0x0800a994   0x0800a994   0x00000180   Code   RO         1339    i.SPI1_DMA_init     bsp_spi.o
    0x0800ab14   0x0800ab14   0x0000006c   Code   RO         5250    i.SPI_EndRxTxTransaction  stm32f4xx_hal_spi.o
    0x0800ab80   0x0800ab80   0x000000a8   Code   RO         5255    i.SPI_WaitFlagStateUntilTimeout  stm32f4xx_hal_spi.o
    0x0800ac28   0x0800ac28   0x00000034   Code   RO         8225    i.SysTick_Handler   port.o
    0x0800ac5c   0x0800ac5c   0x000000b4   Code   RO           15    i.SystemClock_Config  main.o
    0x0800ad10   0x0800ad10   0x00000064   Code   RO          968    i.SystemInit        system_stm32f4xx.o
    0x0800ad74   0x0800ad74   0x00000010   Code   RO          819    i.TIM7_IRQHandler   stm32f4xx_it.o
    0x0800ad84   0x0800ad84   0x000000d8   Code   RO         5613    i.TIM_Base_SetConfig  stm32f4xx_hal_tim.o
    0x0800ae5c   0x0800ae5c   0x00000022   Code   RO         5614    i.TIM_CCxChannelCmd  stm32f4xx_hal_tim.o
    0x0800ae7e   0x0800ae7e   0x00000016   Code   RO         5624    i.TIM_ETR_SetConfig  stm32f4xx_hal_tim.o
    0x0800ae94   0x0800ae94   0x00000012   Code   RO         5625    i.TIM_ITRx_SetConfig  stm32f4xx_hal_tim.o
    0x0800aea6   0x0800aea6   0x00000002   PAD
    0x0800aea8   0x0800aea8   0x00000070   Code   RO         5626    i.TIM_OC1_SetConfig  stm32f4xx_hal_tim.o
    0x0800af18   0x0800af18   0x0000007c   Code   RO         5627    i.TIM_OC2_SetConfig  stm32f4xx_hal_tim.o
    0x0800af94   0x0800af94   0x00000078   Code   RO         5628    i.TIM_OC3_SetConfig  stm32f4xx_hal_tim.o
    0x0800b00c   0x0800b00c   0x00000054   Code   RO         5629    i.TIM_OC4_SetConfig  stm32f4xx_hal_tim.o
    0x0800b060   0x0800b060   0x00000026   Code   RO         5631    i.TIM_TI1_ConfigInputStage  stm32f4xx_hal_tim.o
    0x0800b086   0x0800b086   0x00000028   Code   RO         5633    i.TIM_TI2_ConfigInputStage  stm32f4xx_hal_tim.o
    0x0800b0ae   0x0800b0ae   0x00000002   PAD
    0x0800b0b0   0x0800b0b0   0x00000368   Code   RO         6514    i.UART_SetConfig    stm32f4xx_hal_uart.o
    0x0800b418   0x0800b418   0x0000006c   Code   RO         6516    i.UART_WaitOnFlagUntilTimeout  stm32f4xx_hal_uart.o
    0x0800b484   0x0800b484   0x00000128   Code   RO           16    i.USART1_IRQHandler  main.o
    0x0800b5ac   0x0800b5ac   0x00000130   Code   RO         2197    i.USART3_IRQHandler  remote_control.o
    0x0800b6dc   0x0800b6dc   0x00000004   Code   RO          820    i.UsageFault_Handler  stm32f4xx_it.o
    0x0800b6e0   0x0800b6e0   0x00000030   Code   RO         8829    i.__ARM_fpclassify  m_wm.l(fpclassify.o)
    0x0800b710   0x0800b710   0x00000026   Code   RO         8729    i.__ARM_fpclassifyf  m_wm.l(fpclassifyf.o)
    0x0800b736   0x0800b736   0x00000002   PAD
    0x0800b738   0x0800b738   0x00000010   Code   RO         3978    i.__NVIC_GetPriorityGrouping  stm32f4xx_hal_cortex.o
    0x0800b748   0x0800b748   0x00000028   Code   RO         3979    i.__NVIC_SetPriority  stm32f4xx_hal_cortex.o
    0x0800b770   0x0800b770   0x000000f8   Code   RO         8831    i.__hardfp___mathlib_tofloat  m_wm.l(narrow.o)
    0x0800b868   0x0800b868   0x0000012c   Code   RO         8626    i.__hardfp_asinf    m_wm.l(asinf.o)
    0x0800b994   0x0800b994   0x000002ac   Code   RO         8638    i.__hardfp_atan2f   m_wm.l(atan2f.o)
    0x0800bc40   0x0800bc40   0x00000014   Code   RO         8650    i.__hardfp_fabs     m_wm.l(fabs.o)
    0x0800bc54   0x0800bc54   0x00000004   PAD
    0x0800bc58   0x0800bc58   0x000000d0   Code   RO         8942    i.__hardfp_ldexp    m_wm.l(ldexp.o)
    0x0800bd28   0x0800bd28   0x0000003a   Code   RO         8668    i.__hardfp_sqrtf    m_wm.l(sqrtf_full.o)
    0x0800bd62   0x0800bd62   0x00000006   PAD
    0x0800bd68   0x0800bd68   0x00000020   Code   RO         8981    i.__mathlib_dbl_overflow  m_wm.l(dunder.o)
    0x0800bd88   0x0800bd88   0x00000020   Code   RO         8983    i.__mathlib_dbl_underflow  m_wm.l(dunder.o)
    0x0800bda8   0x0800bda8   0x00000006   Code   RO         8732    i.__mathlib_flt_infnan  m_wm.l(funder.o)
    0x0800bdae   0x0800bdae   0x00000006   Code   RO         8733    i.__mathlib_flt_infnan2  m_wm.l(funder.o)
    0x0800bdb4   0x0800bdb4   0x00000010   Code   RO         8734    i.__mathlib_flt_invalid  m_wm.l(funder.o)
    0x0800bdc4   0x0800bdc4   0x00000010   Code   RO         8737    i.__mathlib_flt_underflow  m_wm.l(funder.o)
    0x0800bdd4   0x0800bdd4   0x00000012   Code   RO         8832    i.__mathlib_narrow  m_wm.l(narrow.o)
    0x0800bde6   0x0800bde6   0x00000014   Code   RO         8944    i.__support_ldexp   m_wm.l(ldexp.o)
    0x0800bdfa   0x0800bdfa   0x0000000e   Code   RO         8569    i._is_digit         c_w.l(__printf_wp.o)
    0x0800be08   0x0800be08   0x00000068   Code   RO         1269    i.aRGB_led_show     bsp_led.o
    0x0800be70   0x0800be70   0x000001d0   Code   RO         8304    i.accel_comple_filter  AHRS.lib(ahrs.o)
    0x0800c040   0x0800c040   0x0000018c   Code   RO         8305    i.accel_update_kp_ki  AHRS.lib(ahrs.o)
    0x0800c1cc   0x0800c1cc   0x0000016c   Code   RO         8306    i.angle_to_quat     AHRS.lib(ahrs.o)
    0x0800c338   0x0800c338   0x00000134   Code   RO         2309    i.bmi088_accel_init  bmi088driver.o
    0x0800c46c   0x0800c46c   0x000002fc   Code   RO         2310    i.bmi088_accel_self_test  bmi088driver.o
    0x0800c768   0x0800c768   0x000000f4   Code   RO         2311    i.bmi088_gyro_init  bmi088driver.o
    0x0800c85c   0x0800c85c   0x000000d0   Code   RO         2312    i.bmi088_gyro_self_test  bmi088driver.o
    0x0800c92c   0x0800c92c   0x00000010   Code   RO         1004    i.buzzer_off        bsp_buzzer.o
    0x0800c93c   0x0800c93c   0x00000014   Code   RO         1005    i.buzzer_on         bsp_buzzer.o
    0x0800c950   0x0800c950   0x0000007c   Code   RO         2264    i.buzzer_warn_error  test_task.o
    0x0800c9cc   0x0800c9cc   0x000000ec   Code   RO         1373    i.cali_data_read    calibrate_task.o
    0x0800cab8   0x0800cab8   0x0000008c   Code   RO         1374    i.cali_data_write   calibrate_task.o
    0x0800cb44   0x0800cb44   0x00000006   Code   RO         1375    i.cali_gimbal_hook  calibrate_task.o
    0x0800cb4a   0x0800cb4a   0x00000002   PAD
    0x0800cb4c   0x0800cb4c   0x00000064   Code   RO         1376    i.cali_gyro_hook    calibrate_task.o
    0x0800cbb0   0x0800cbb0   0x00000036   Code   RO         1377    i.cali_head_hook    calibrate_task.o
    0x0800cbe6   0x0800cbe6   0x00000002   PAD
    0x0800cbe8   0x0800cbe8   0x000000b8   Code   RO         1378    i.cali_param_init   calibrate_task.o
    0x0800cca0   0x0800cca0   0x0000017c   Code   RO         1379    i.calibrate_task    calibrate_task.o
    0x0800ce1c   0x0800ce1c   0x0000005c   Code   RO         1112    i.can_filter_init   bsp_can.o
    0x0800ce78   0x0800ce78   0x000000a0   Code   RO         1688    i.chassis_behaviour_control_set  chassis_behaviour.o
    0x0800cf18   0x0800cf18   0x0000022c   Code   RO         1813    i.chassis_control_loop  chassis_task.o
    0x0800d144   0x0800d144   0x00000060   Code   RO         1690    i.chassis_engineer_follow_chassis_yaw_control  chassis_behaviour.o
    0x0800d1a4   0x0800d1a4   0x00000150   Code   RO         1814    i.chassis_feedback_update  chassis_task.o
    0x0800d2f4   0x0800d2f4   0x0000011c   Code   RO         1691    i.chassis_infantry_follow_gimbal_yaw_control  chassis_behaviour.o
    0x0800d410   0x0800d410   0x000000c8   Code   RO         1815    i.chassis_init      chassis_task.o
    0x0800d4d8   0x0800d4d8   0x00000044   Code   RO         1692    i.chassis_no_follow_yaw_control  chassis_behaviour.o
    0x0800d51c   0x0800d51c   0x0000002c   Code   RO         1693    i.chassis_no_move_control  chassis_behaviour.o
    0x0800d548   0x0800d548   0x0000005c   Code   RO         1694    i.chassis_open_set_control  chassis_behaviour.o
    0x0800d5a4   0x0800d5a4   0x00000154   Code   RO         1817    i.chassis_rc_to_control_vector  chassis_task.o
    0x0800d6f8   0x0800d6f8   0x000001f8   Code   RO         1818    i.chassis_set_contorl  chassis_task.o
    0x0800d8f0   0x0800d8f0   0x000000f8   Code   RO         1820    i.chassis_task      chassis_task.o
    0x0800d9e8   0x0800d9e8   0x00000094   Code   RO         1821    i.chassis_vector_to_mecanum_wheel_speed  chassis_task.o
    0x0800da7c   0x0800da7c   0x0000002c   Code   RO         1695    i.chassis_zero_force_control  chassis_behaviour.o
    0x0800daa8   0x0800daa8   0x00000030   Code   RO         1140    i.delay_init        bsp_delay.o
    0x0800dad8   0x0800dad8   0x00000050   Code   RO         1142    i.delay_us          bsp_delay.o
    0x0800db28   0x0800db28   0x00000124   Code   RO         1968    i.detect_hook       detect_task.o
    0x0800dc4c   0x0800dc4c   0x00000054   Code   RO         2799    i.first_order_filter_cali  user_lib.o
    0x0800dca0   0x0800dca0   0x00000024   Code   RO         2800    i.first_order_filter_init  user_lib.o
    0x0800dcc4   0x0800dcc4   0x0000002e   Code   RO         1181    i.flash_erase_address  bsp_flash.o
    0x0800dcf2   0x0800dcf2   0x00000014   Code   RO         1182    i.flash_read        bsp_flash.o
    0x0800dd06   0x0800dd06   0x00000002   PAD
    0x0800dd08   0x0800dd08   0x00000098   Code   RO         1184    i.flash_write_single_address  bsp_flash.o
    0x0800dda0   0x0800dda0   0x0000002a   Code   RO         2801    i.fp32_constrain    user_lib.o
    0x0800ddca   0x0800ddca   0x00000006   PAD
    0x0800ddd0   0x0800ddd0   0x0000008c   Code   RO         8915    i.frexp             m_wm.l(frexp.o)
    0x0800de5c   0x0800de5c   0x000000f4   Code   RO         1185    i.ger_sector        bsp_flash.o
    0x0800df50   0x0800df50   0x00000008   Code   RO         2016    i.get_INS_angle_point  ins_task.o
    0x0800df58   0x0800df58   0x000000e8   Code   RO         8307    i.get_angle         AHRS.lib(ahrs.o)
    0x0800e040   0x0800e040   0x00000018   Code   RO         1602    i.get_chassis_motor_measure_point  can_receive.o
    0x0800e058   0x0800e058   0x0000000c   Code   RO         1380    i.get_control_temperature  calibrate_task.o
    0x0800e064   0x0800e064   0x00000008   Code   RO         1971    i.get_error_list_point  detect_task.o
    0x0800e06c   0x0800e06c   0x000000e8   Code   RO         1186    i.get_next_flash_address  bsp_flash.o
    0x0800e154   0x0800e154   0x00000054   Code   RO         2021    i.gyro_offset_calc  ins_task.o
    0x0800e1a8   0x0800e1a8   0x0000012c   Code   RO         2022    i.imu_cali_slove    ins_task.o
    0x0800e2d4   0x0800e2d4   0x000001a8   Code   RO         2023    i.imu_cmd_spi_dma   ins_task.o
    0x0800e47c   0x0800e47c   0x0000000c   Code   RO         1241    i.imu_pwm_set       bsp_imu_pwm.o
    0x0800e488   0x0800e488   0x000000b8   Code   RO         2024    i.imu_temp_control  ins_task.o
    0x0800e540   0x0800e540   0x00000002   Code   RO         2567    i.ist8310_GPIO_init  ist8310driver_middleware.o
    0x0800e542   0x0800e542   0x00000002   PAD
    0x0800e544   0x0800e544   0x00000028   Code   RO         2569    i.ist8310_IIC_read_single_reg  ist8310driver_middleware.o
    0x0800e56c   0x0800e56c   0x00000028   Code   RO         2571    i.ist8310_IIC_write_single_reg  ist8310driver_middleware.o
    0x0800e594   0x0800e594   0x00000014   Code   RO         2572    i.ist8310_RST_H     ist8310driver_middleware.o
    0x0800e5a8   0x0800e5a8   0x00000014   Code   RO         2573    i.ist8310_RST_L     ist8310driver_middleware.o
    0x0800e5bc   0x0800e5bc   0x00000002   Code   RO         2574    i.ist8310_com_init  ist8310driver_middleware.o
    0x0800e5be   0x0800e5be   0x0000000c   Code   RO         2575    i.ist8310_delay_ms  ist8310driver_middleware.o
    0x0800e5ca   0x0800e5ca   0x00000002   PAD
    0x0800e5cc   0x0800e5cc   0x00000094   Code   RO         2532    i.ist8310_init      ist8310driver.o
    0x0800e660   0x0800e660   0x000001b0   Code   RO         2162    i.led_RGB_flow_task  led_flow_task.o
    0x0800e810   0x0800e810   0x00000060   Code   RO         2806    i.loop_fp32_constrain  user_lib.o
    0x0800e870   0x0800e870   0x0000006c   Code   RO           17    i.main              main.o
    0x0800e8dc   0x0800e8dc   0x0000000e   Code   RO         7796    i.makeFreeRtosPriority  cmsis_os.o
    0x0800e8ea   0x0800e8ea   0x00000018   Code   RO         7798    i.osDelay           cmsis_os.o
    0x0800e902   0x0800e902   0x0000000a   Code   RO         7801    i.osKernelStart     cmsis_os.o
    0x0800e90c   0x0800e90c   0x0000005e   Code   RO         7835    i.osThreadCreate    cmsis_os.o
    0x0800e96a   0x0800e96a   0x00000002   PAD
    0x0800e96c   0x0800e96c   0x00000030   Code   RO         7293    i.pcTaskGetName     tasks.o
    0x0800e99c   0x0800e99c   0x000000a4   Code   RO         7294    i.prvAddCurrentTaskToDelayedList  tasks.o
    0x0800ea40   0x0800ea40   0x000000b4   Code   RO         7295    i.prvAddNewTaskToReadyList  tasks.o
    0x0800eaf4   0x0800eaf4   0x00000074   Code   RO         7643    i.prvCheckForValidListAndQueue  timers.o
    0x0800eb68   0x0800eb68   0x00000048   Code   RO         7296    i.prvCheckTasksWaitingTermination  tasks.o
    0x0800ebb0   0x0800ebb0   0x0000002a   Code   RO         6956    i.prvCopyDataFromQueue  queue.o
    0x0800ebda   0x0800ebda   0x0000007c   Code   RO         6957    i.prvCopyDataToQueue  queue.o
    0x0800ec56   0x0800ec56   0x00000050   Code   RO         7297    i.prvDeleteTCB      tasks.o
    0x0800eca6   0x0800eca6   0x00000002   PAD
    0x0800eca8   0x0800eca8   0x00000028   Code   RO         7644    i.prvGetNextExpireTime  timers.o
    0x0800ecd0   0x0800ecd0   0x0000007c   Code   RO         8175    i.prvHeapInit       heap_4.o
    0x0800ed4c   0x0800ed4c   0x00000028   Code   RO         7298    i.prvIdleTask       tasks.o
    0x0800ed74   0x0800ed74   0x00000026   Code   RO         6960    i.prvInitialiseNewQueue  queue.o
    0x0800ed9a   0x0800ed9a   0x000000b8   Code   RO         7299    i.prvInitialiseNewTask  tasks.o
    0x0800ee52   0x0800ee52   0x00000002   PAD
    0x0800ee54   0x0800ee54   0x00000068   Code   RO         7300    i.prvInitialiseTaskLists  tasks.o
    0x0800eebc   0x0800eebc   0x00000068   Code   RO         8176    i.prvInsertBlockIntoFreeList  heap_4.o
    0x0800ef24   0x0800ef24   0x00000058   Code   RO         7646    i.prvInsertTimerInActiveList  timers.o
    0x0800ef7c   0x0800ef7c   0x0000001a   Code   RO         6961    i.prvIsQueueEmpty   queue.o
    0x0800ef96   0x0800ef96   0x0000001e   Code   RO         6962    i.prvIsQueueFull    queue.o
    0x0800efb4   0x0800efb4   0x00000064   Code   RO         7647    i.prvProcessExpiredTimer  timers.o
    0x0800f018   0x0800f018   0x00000128   Code   RO         7648    i.prvProcessReceivedCommands  timers.o
    0x0800f140   0x0800f140   0x00000074   Code   RO         7649    i.prvProcessTimerOrBlockTask  timers.o
    0x0800f1b4   0x0800f1b4   0x00000034   Code   RO         7301    i.prvResetNextTaskUnblockTime  tasks.o
    0x0800f1e8   0x0800f1e8   0x0000002c   Code   RO         7650    i.prvSampleTimeNow  timers.o
    0x0800f214   0x0800f214   0x0000009e   Code   RO         7302    i.prvSearchForNameWithinSingleList  tasks.o
    0x0800f2b2   0x0800f2b2   0x00000002   PAD
    0x0800f2b4   0x0800f2b4   0x000000a0   Code   RO         7651    i.prvSwitchTimerLists  timers.o
    0x0800f354   0x0800f354   0x00000016   Code   RO         7303    i.prvTaskCheckFreeStackSpace  tasks.o
    0x0800f36a   0x0800f36a   0x00000002   PAD
    0x0800f36c   0x0800f36c   0x00000040   Code   RO         8226    i.prvTaskExitError  port.o
    0x0800f3ac   0x0800f3ac   0x0000001a   Code   RO         7652    i.prvTimerTask      timers.o
    0x0800f3c6   0x0800f3c6   0x0000007e   Code   RO         6963    i.prvUnlockQueue    queue.o
    0x0800f444   0x0800f444   0x0000013c   Code   RO         8177    i.pvPortMalloc      heap_4.o
    0x0800f580   0x0800f580   0x0000002c   Code   RO         8227    i.pxPortInitialiseStack  port.o
    0x0800f5ac   0x0800f5ac   0x00000084   Code   RO         8312    i.quat_normalization  AHRS.lib(ahrs.o)
    0x0800f630   0x0800f630   0x000000da   Code   RO         2200    i.sbus_to_rc        remote_control.o
    0x0800f70a   0x0800f70a   0x0000003e   Code   RO         8670    i.sqrtf             m_wm.l(sqrtf_full.o)
    0x0800f748   0x0800f748   0x0000008c   Code   RO         2265    i.test_task         test_task.o
    0x0800f7d4   0x0800f7d4   0x00000018   Code   RO         1972    i.toe_is_error      detect_task.o
    0x0800f7ec   0x0800f7ec   0x00000074   Code   RO         7306    i.ulTaskNotifyTake  tasks.o
    0x0800f860   0x0800f860   0x0000007a   Code   RO         8313    i.update_w          AHRS.lib(ahrs.o)
    0x0800f8da   0x0800f8da   0x00000028   Code   RO         6916    i.uxListRemove      list.o
    0x0800f902   0x0800f902   0x00000002   PAD
    0x0800f904   0x0800f904   0x00000028   Code   RO         7308    i.uxTaskGetStackHighWaterMark  tasks.o
    0x0800f92c   0x0800f92c   0x00000018   Code   RO          433    i.vApplicationGetIdleTaskMemory  freertos.o
    0x0800f944   0x0800f944   0x00000018   Code   RO          434    i.vApplicationGetTimerTaskMemory  freertos.o
    0x0800f95c   0x0800f95c   0x0000001a   Code   RO         6917    i.vListInitialise   list.o
    0x0800f976   0x0800f976   0x00000006   Code   RO         6918    i.vListInitialiseItem  list.o
    0x0800f97c   0x0800f97c   0x00000034   Code   RO         6919    i.vListInsert       list.o
    0x0800f9b0   0x0800f9b0   0x00000018   Code   RO         6920    i.vListInsertEnd    list.o
    0x0800f9c8   0x0800f9c8   0x00000054   Code   RO         8229    i.vPortEnterCritical  port.o
    0x0800fa1c   0x0800fa1c   0x0000003c   Code   RO         8230    i.vPortExitCritical  port.o
    0x0800fa58   0x0800fa58   0x00000094   Code   RO         8178    i.vPortFree         heap_4.o
    0x0800faec   0x0800faec   0x00000028   Code   RO         8231    i.vPortSetupTimerInterrupt  port.o
    0x0800fb14   0x0800fb14   0x00000078   Code   RO         8232    i.vPortValidateInterruptPriority  port.o
    0x0800fb8c   0x0800fb8c   0x0000002c   Code   RO         6967    i.vQueueAddToRegistry  queue.o
    0x0800fbb8   0x0800fbb8   0x0000004a   Code   RO         6970    i.vQueueWaitForMessageRestricted  queue.o
    0x0800fc02   0x0800fc02   0x00000002   PAD
    0x0800fc04   0x0800fc04   0x0000005c   Code   RO         7312    i.vTaskDelay        tasks.o
    0x0800fc60   0x0800fc60   0x00000018   Code   RO         7316    i.vTaskInternalSetTimeOutState  tasks.o
    0x0800fc78   0x0800fc78   0x0000000c   Code   RO         7317    i.vTaskMissedYield  tasks.o
    0x0800fc84   0x0800fc84   0x000000f0   Code   RO         7318    i.vTaskNotifyGiveFromISR  tasks.o
    0x0800fd74   0x0800fd74   0x00000038   Code   RO         7319    i.vTaskPlaceOnEventList  tasks.o
    0x0800fdac   0x0800fdac   0x00000040   Code   RO         7320    i.vTaskPlaceOnEventListRestricted  tasks.o
    0x0800fdec   0x0800fdec   0x000000b8   Code   RO         7327    i.vTaskStartScheduler  tasks.o
    0x0800fea4   0x0800fea4   0x00000010   Code   RO         7329    i.vTaskSuspendAll   tasks.o
    0x0800feb4   0x0800feb4   0x0000008c   Code   RO         7330    i.vTaskSwitchContext  tasks.o
    0x0800ff40   0x0800ff40   0x00000022   Code   RO         1822    i.write_fake_signal  chassis_task.o
    0x0800ff62   0x0800ff62   0x00000002   PAD
    0x0800ff64   0x0800ff64   0x00000168   Code   RO         8233    i.xPortStartScheduler  port.o
    0x080100cc   0x080100cc   0x000000de   Code   RO         6974    i.xQueueGenericCreateStatic  queue.o
    0x080101aa   0x080101aa   0x00000002   PAD
    0x080101ac   0x080101ac   0x00000098   Code   RO         6975    i.xQueueGenericReset  queue.o
    0x08010244   0x08010244   0x000001a8   Code   RO         6976    i.xQueueGenericSend  queue.o
    0x080103ec   0x080103ec   0x000000f8   Code   RO         6977    i.xQueueGenericSendFromISR  queue.o
    0x080104e4   0x080104e4   0x00000168   Code   RO         6985    i.xQueueReceive     queue.o
    0x0801064c   0x0801064c   0x000000a8   Code   RO         7332    i.xTaskCheckForTimeOut  tasks.o
    0x080106f4   0x080106f4   0x00000064   Code   RO         7333    i.xTaskCreate       tasks.o
    0x08010758   0x08010758   0x000000b8   Code   RO         7334    i.xTaskCreateStatic  tasks.o
    0x08010810   0x08010810   0x000000a4   Code   RO         7338    i.xTaskGetHandle    tasks.o
    0x080108b4   0x080108b4   0x00000020   Code   RO         7339    i.xTaskGetSchedulerState  tasks.o
    0x080108d4   0x080108d4   0x0000000c   Code   RO         7340    i.xTaskGetTickCount  tasks.o
    0x080108e0   0x080108e0   0x00000148   Code   RO         7342    i.xTaskIncrementTick  tasks.o
    0x08010a28   0x08010a28   0x000000c8   Code   RO         7345    i.xTaskPriorityDisinherit  tasks.o
    0x08010af0   0x08010af0   0x00000098   Code   RO         7347    i.xTaskRemoveFromEventList  tasks.o
    0x08010b88   0x08010b88   0x00000104   Code   RO         7348    i.xTaskResumeAll    tasks.o
    0x08010c8c   0x08010c8c   0x00000078   Code   RO         7657    i.xTimerCreateTimerTask  timers.o
    0x08010d04   0x08010d04   0x00000084   Code   RO         7658    i.xTimerGenericCommand  timers.o
    0x08010d88   0x08010d88   0x0000002c   Code   RO         8813    locale$$code        c_w.l(lc_numeric_c.o)
    0x08010db4   0x08010db4   0x0000002c   Code   RO         8928    locale$$code        c_w.l(lc_ctype_c.o)
    0x08010de0   0x08010de0   0x000002c4   Code   RO         8600    x$fpl$d2f           g_wm.l(d2f_clz.o)
    0x080110a4   0x080110a4   0x0000001c   Code   RO         9016    x$fpl$dcheck1       g_wm.l(dcheck1.o)
    0x080110c0   0x080110c0   0x00000018   Code   RO         8936    x$fpl$dcmpinf       g_wm.l(dcmpi.o)
    0x080110d8   0x080110d8   0x00000074   Code   RO         8909    x$fpl$deqf          g_wm.l(deqf.o)
    0x0801114c   0x0801114c   0x000000c8   Code   RO         8602    x$fpl$dfix          g_wm.l(dfix.o)
    0x08011214   0x08011214   0x0000001a   Code   RO         8706    x$fpl$dfltn         g_wm.l(dflt_clz.o)
    0x0801122e   0x0801122e   0x00000002   PAD
    0x08011230   0x08011230   0x00000078   Code   RO         8938    x$fpl$dleqf         g_wm.l(dleqf.o)
    0x080112a8   0x080112a8   0x000001c0   Code   RO         8606    x$fpl$dmul          g_wm.l(dmul_clz.o)
    0x08011468   0x08011468   0x00000102   Code   RO         8710    x$fpl$dnaninf       g_wm.l(dnaninf.o)
    0x0801156a   0x0801156a   0x00000070   Code   RO         8712    x$fpl$drenorm       g_wm.l(drenorm_clz.o)
    0x080115da   0x080115da   0x0000000c   Code   RO         8714    x$fpl$dretinf       g_wm.l(dretinf.o)
    0x080115e6   0x080115e6   0x00000062   Code   RO         8911    x$fpl$drleqf        g_wm.l(drleqf.o)
    0x08011648   0x08011648   0x0000017a   Code   RO         8716    x$fpl$dunder        g_wm.l(dunder_clz.o)
    0x080117c2   0x080117c2   0x00000002   PAD
    0x080117c4   0x080117c4   0x000001ec   Code   RO         8718    x$fpl$exception     g_wm.l(except.o)
    0x080119b0   0x080119b0   0x0000007a   Code   RO         8608    x$fpl$f2d           g_wm.l(f2d.o)
    0x08011a2a   0x08011a2a   0x000000f2   Code   RO         8720    x$fpl$fnaninf       g_wm.l(fnaninf.o)
    0x08011b1c   0x08011b1c   0x0000000a   Code   RO         8940    x$fpl$fpinit        g_wm.l(fpinit.o)
    0x08011b26   0x08011b26   0x0000000a   Code   RO         8722    x$fpl$fretinf       g_wm.l(fretinf.o)
    0x08011b30   0x08011b30   0x0000013c   Code   RO         8724    x$fpl$funder        g_wm.l(funder_clz.o)
    0x08011c6c   0x08011c6c   0x00000020   Code   RO         8819    x$fpl$ieeestatus    g_wm.l(istatus.o)
    0x08011c8c   0x08011c8c   0x00000004   Code   RO         8610    x$fpl$printf1       g_wm.l(printf1.o)
    0x08011c90   0x08011c90   0x000000b2   Code   RO         8821    x$fpl$retnan        g_wm.l(retnan.o)
    0x08011d42   0x08011d42   0x00000002   PAD
    0x08011d44   0x08011d44   0x00000114   Code   RO         8975    x$fpl$scalbn        g_wm.l(scalbn_clz.o)
    0x08011e58   0x08011e58   0x00000004   Code   RO         8612    x$fpl$scanf1        g_wm.l(scanf1.o)
    0x08011e5c   0x08011e5c   0x00000008   Code   RO         8823    x$fpl$scanf2        g_wm.l(scanf2.o)
    0x08011e64   0x08011e64   0x0000007e   Code   RO         8726    x$fpl$trapveneer    g_wm.l(trapv.o)
    0x08011ee2   0x08011ee2   0x00000000   Code   RO         8728    x$fpl$usenofp       g_wm.l(usenofp.o)
    0x08011ee2   0x08011ee2   0x00000002   PAD
    0x08011ee4   0x08011ee4   0x0000008c   Data   RO          436    .constdata          freertos.o
    0x08011f70   0x08011f70   0x00000018   Data   RO          969    .constdata          system_stm32f4xx.o
    0x08011f88   0x08011f88   0x0000000f   Data   RO         1383    .constdata          calibrate_task.o
    0x08011f97   0x08011f97   0x00000001   PAD
    0x08011f98   0x08011f98   0x00000020   Data   RO         1824    .constdata          chassis_task.o
    0x08011fb8   0x08011fb8   0x00000018   Data   RO         2026    .constdata          ins_task.o
    0x08011fd0   0x08011fd0   0x00000012   Data   RO         2317    .constdata          bmi088driver.o
    0x08011fe2   0x08011fe2   0x0000000c   Data   RO         2535    .constdata          ist8310driver.o
    0x08011fee   0x08011fee   0x00000008   Data   RO         3695    .constdata          stm32f4xx_hal_dma.o
    0x08011ff6   0x08011ff6   0x00000002   PAD
    0x08011ff8   0x08011ff8   0x0000000c   Data   RO         8314    .constdata          AHRS.lib(ahrs.o)
    0x08012004   0x08012004   0x00000804   Data   RO         8524    .constdata          arm_cortexM4lf_math.lib(arm_common_tables.o)
    0x08012808   0x08012808   0x00000094   Data   RO         8788    .constdata          c_w.l(bigflt0.o)
    0x0801289c   0x0801289c   0x00000025   Data   RO          437    .conststring        freertos.o
    0x080128c1   0x080128c1   0x00000003   PAD
    0x080128c4   0x080128c4   0x00000020   Data   RO         9056    Region$$Table       anon$$obj.o
    0x080128e4   0x080128e4   0x00000008   Data   RO         8815    c$$dinf             g_wm.l(fpconst.o)
    0x080128ec   0x080128ec   0x00000008   Data   RO         8818    c$$dmax             g_wm.l(fpconst.o)
    0x080128f4   0x080128f4   0x0000001c   Data   RO         8812    locale$$data        c_w.l(lc_numeric_c.o)
    0x08012910   0x08012910   0x00000110   Data   RO         8927    locale$$data        c_w.l(lc_ctype_c.o)


    Execution Region RW_IRAM1 (Exec base: 0x20000000, Load base: 0x08012a20, Size: 0x0000b7b8, Max: 0x00020000, ABSOLUTE, COMPRESSED[0x000000a0])

    Exec Addr    Load Addr    Size         Type   Attr      Idx    E Section Name        Object

    0x20000000   COMPRESSED   0x00000019   Data   RW           19    .data               main.o
    0x20000019   COMPRESSED   0x00000003   PAD
    0x2000001c   COMPRESSED   0x00000018   Data   RW          438    .data               freertos.o
    0x20000034   COMPRESSED   0x00000004   Data   RW          492    .data               can.o
    0x20000038   COMPRESSED   0x00000004   Data   RW          970    .data               system_stm32f4xx.o
    0x2000003c   COMPRESSED   0x00000008   Data   RW         1143    .data               bsp_delay.o
    0x20000044   COMPRESSED   0x00000010   Data   RW         1187    .data               bsp_flash.o
    0x20000054   COMPRESSED   0x00000008   Data   RW         1270    .data               bsp_led.o
    0x2000005c   COMPRESSED   0x00000054   Data   RW         1384    .data               calibrate_task.o
    0x200000b0   COMPRESSED   0x00000011   Data   RW         1607    .data               can_receive.o
    0x200000c1   COMPRESSED   0x00000003   PAD
    0x200000c4   COMPRESSED   0x00000011   Data   RW         1696    .data               chassis_behaviour.o
    0x200000d5   COMPRESSED   0x00000003   PAD
    0x200000d8   COMPRESSED   0x00000004   Data   RW         1825    .data               chassis_task.o
    0x200000dc   COMPRESSED   0x000000a0   Data   RW         2027    .data               ins_task.o
    0x2000017c   COMPRESSED   0x0000001c   Data   RW         2163    .data               led_flow_task.o
    0x20000198   COMPRESSED   0x00000002   Data   RW         2204    .data               remote_control.o
    0x2000019a   COMPRESSED   0x00000002   PAD
    0x2000019c   COMPRESSED   0x0000000a   Data   RW         2266    .data               test_task.o
    0x200001a6   COMPRESSED   0x00000002   PAD
    0x200001a8   COMPRESSED   0x0000002c   Data   RW         2318    .data               bmi088driver.o
    0x200001d4   COMPRESSED   0x00000009   Data   RW         4127    .data               stm32f4xx_hal.o
    0x200001dd   COMPRESSED   0x00000003   PAD
    0x200001e0   COMPRESSED   0x0000003c   Data   RW         7351    .data               tasks.o
    0x2000021c   COMPRESSED   0x00000014   Data   RW         7666    .data               timers.o
    0x20000230   COMPRESSED   0x00000018   Data   RW         8183    .data               heap_4.o
    0x20000248   COMPRESSED   0x0000000c   Data   RW         8234    .data               port.o
    0x20000254   COMPRESSED   0x00000010   Data   RW         8315    .data               AHRS.lib(ahrs.o)
    0x20000264        -       0x00000030   Zero   RW           18    .bss                main.o
    0x20000294        -       0x000006a8   Zero   RW          435    .bss                freertos.o
    0x2000093c        -       0x00000050   Zero   RW          491    .bss                can.o
    0x2000098c        -       0x00000054   Zero   RW          566    .bss                i2c.o
    0x200009e0        -       0x00000020   Zero   RW          608    .bss                rtc.o
    0x20000a00        -       0x00000118   Zero   RW          650    .bss                spi.o
    0x20000b18        -       0x00000140   Zero   RW          697    .bss                tim.o
    0x20000c58        -       0x000000e0   Zero   RW          765    .bss                usart.o
    0x20000d38        -       0x00000040   Zero   RW          930    .bss                stm32f4xx_hal_timebase_tim.o
    0x20000d78        -       0x00000115   Zero   RW         1382    .bss                calibrate_task.o
    0x20000e8d   COMPRESSED   0x00000003   PAD
    0x20000e90        -       0x00000078   Zero   RW         1606    .bss                can_receive.o
    0x20000f08        -       0x0000023a   Zero   RW         1823    .bss                chassis_task.o
    0x20001142        -       0x0000021c   Zero   RW         1973    .bss                detect_task.o
    0x2000135e   COMPRESSED   0x00000002   PAD
    0x20001360        -       0x00000134   Zero   RW         2025    .bss                ins_task.o
    0x20001494        -       0x0000005e   Zero   RW         2203    .bss                remote_control.o
    0x200014f2   COMPRESSED   0x00000002   PAD
    0x200014f4        -       0x00000020   Zero   RW         3349    .bss                stm32f4xx_hal_flash.o
    0x20001514        -       0x00000040   Zero   RW         6988    .bss                queue.o
    0x20001554        -       0x000000f0   Zero   RW         7350    .bss                tasks.o
    0x20001644        -       0x00000110   Zero   RW         7665    .bss                timers.o
    0x20001754        -       0x00006000   Zero   RW         8182    .bss                heap_4.o
    0x20007754        -       0x00000060   Zero   RW         8840    .bss                c_w.l(libspace.o)
    0x200077b4   COMPRESSED   0x00000004   PAD
    0x200077b8        -       0x00002000   Zero   RW            2    HEAP                startup_stm32f407xx.o
    0x200097b8        -       0x00002000   Zero   RW            1    STACK               startup_stm32f407xx.o


==============================================================================

Image component sizes


      Code (inc. data)   RO Data    RW Data    ZI Data      Debug   Object Name

       168          4          0          0          0       5672   ahrs_middleware.o
      2338         40         18         44          0      10923   bmi088driver.o
       140         28          0          0          0       5032   bmi088middleware.o
        36         12          0          0          0     576021   bsp_buzzer.o
        92          8          0          0          0        610   bsp_can.o
       128         20          0          8          0       1400   bsp_delay.o
       694        108          0         16          0       4213   bsp_flash.o
        12          4          0          0          0        522   bsp_imu_pwm.o
       104         22          0          8          0        612   bsp_led.o
       104         14          0          0          0       1005   bsp_rc.o
     10428        170          0          0          0       5702   bsp_spi.o
      1112        106         15         84        277     618462   calibrate_task.o
       464         44          0          4         80       2494   can.o
       392         38          0         17        120       5671   can_receive.o
       788         68          0         17          0      13873   chassis_behaviour.o
      2366        180         32          4        570      10348   chassis_task.o
       142          0          0          0          0      22235   cmsis_os.o
         0          0          0          0          0       5224   croutine.o
       324         12          0          0        540       2439   detect_task.o
       120          6          0          0          0        846   dma.o
         0          0          0          0          0      20448   event_groups.o
       200         44        177         24       1704       3357   freertos.o
       448         24          0          0          0     729219   gpio.o
       692         62          0         24      24576       4931   heap_4.o
       260         30          0          0         84       1785   i2c.o
      4352        326         24        160        308      19650   ins_task.o
       148          6         12          0          0       2043   ist8310driver.o
       136         22          0          0          0       4151   ist8310driver_middleware.o
       432         10          0         28          0       1729   led_flow_task.o
       148          0          0          0          0       3722   list.o
       610         80          0         25         48     703171   main.o
       592          8          0          0          0       2586   pid.o
      1014         92          0         12          0      12321   port.o
      1910         20          0          0         64      15008   queue.o
       522         28          0          2         94       2230   remote_control.o
       116         22          0          0         32       1595   rtc.o
       416         38          0          0        280       1995   spi.o
        64         26        392          0      16384        868   startup_stm32f407xx.o
        96         20          0          9          0       3366   stm32f4xx_hal.o
      2136          6          0          0          0      14807   stm32f4xx_hal_can.o
       252         22          0          0          0      33838   stm32f4xx_hal_cortex.o
       458         10          8          0          0       2863   stm32f4xx_hal_dma.o
       636         64          0          0         32       6202   stm32f4xx_hal_flash.o
       432         26          0          0          0       3382   stm32f4xx_hal_flash_ex.o
       552         50          0          0          0       3039   stm32f4xx_hal_gpio.o
      2772         46          0          0          0      11894   stm32f4xx_hal_i2c.o
        84          6          0          0          0        882   stm32f4xx_hal_msp.o
      1800         94          0          0          0       6385   stm32f4xx_hal_rcc.o
       416         20          0          0          0       1456   stm32f4xx_hal_rcc_ex.o
       336          4          0          0          0       2712   stm32f4xx_hal_rtc.o
       970          8          0          0          0       4629   stm32f4xx_hal_spi.o
      2028         90          0          0          0      17261   stm32f4xx_hal_tim.o
        88          0          0          0          0       2537   stm32f4xx_hal_tim_ex.o
       180         20          0          0         64       1568   stm32f4xx_hal_timebase_tim.o
      1308          8          0          0          0       3820   stm32f4xx_hal_uart.o
        92         12          0          0          0       5951   stm32f4xx_it.o
       100         18         24          4          0       1227   system_stm32f4xx.o
      3688        418          0         60        240      31453   tasks.o
       264         28          0         10          0       2092   test_task.o
      1400        126          0          0        320       5726   tim.o
      1238        124          0         20        272      27511   timers.o
       536         54          0          0        224       2606   usart.o
       258          4          0          0          0       3923   user_lib.o

    ----------------------------------------------------------------------
     54196       3000        740        596      46320    3025243   Object Totals
         0          0         32          0          0          0   (incl. Generated)
        64          0          6         16          7          0   (incl. Padding)

    ----------------------------------------------------------------------

      Code (inc. data)   RO Data    RW Data    ZI Data      Debug   Library Member Name

      2718         84         12         16          0       9922   ahrs.o
         0          0       2052          0          0       4636   arm_common_tables.o
       120         12          0          0          0      16970   arm_cos_f32.o
       116         12          0          0          0        658   arm_sin_f32.o
        60          8          0          0          0         84   __0sscanf.o
        90          0          0          0          0          0   __dczerorl2.o
         8          0          0          0          0         68   __main.o
       284          0          0          0          0        156   __printf_wp.o
         0          0          0          0          0          0   __rtentry.o
        12          0          0          0          0          0   __rtentry2.o
         6          0          0          0          0          0   __rtentry4.o
        52          8          0          0          0          0   __scatter.o
        28          0          0          0          0          0   __scatter_zi.o
        28          0          0          0          0         68   _chval.o
        48          4          0          0          0         84   _fptrap.o
        48          6          0          0          0         96   _printf_char_common.o
         6          0          0          0          0          0   _printf_d.o
       120         16          0          0          0         92   _printf_dec.o
         6          0          0          0          0          0   _printf_f.o
      1054          0          0          0          0        216   _printf_fp_dec.o
       128         16          0          0          0         84   _printf_fp_infnan.o
       178          0          0          0          0         88   _printf_intcommon.o
         0          0          0          0          0          0   _printf_percent.o
         4          0          0          0          0          0   _printf_percent_end.o
        22          0          0          0          0        100   _rserrno.o
       884          4          0          0          0        100   _scanf.o
        64          0          0          0          0         84   _sgetc.o
        10          0          0          0          0         68   _sputc.o
        16          0          0          0          0         68   aeabi_memset.o
       228          4        148          0          0         96   bigflt0.o
      2152        136          0          0          0        960   btod.o
        10          0          0          0          0         68   defsig_exit.o
       172        110          0          0          0         76   defsig_fpe_inner.o
        14          0          0          0          0         80   defsig_fpe_outer.o
        50          0          0          0          0         88   defsig_general.o
        18          0          0          0          0         80   exit.o
         6          0          0          0          0        152   heapauxi.o
         0          0          0          0          0          0   indicate_semi.o
        18          0          0          0          0         76   isspace.o
        44         10        272          0          0         76   lc_ctype_c.o
        44         10         28          0          0         76   lc_numeric_c.o
         2          0          0          0          0          0   libinit.o
        34          0          0          0          0          0   libinit2.o
         2          0          0          0          0          0   libshutdown.o
         2          0          0          0          0          0   libshutdown2.o
         8          4          0          0         96         68   libspace.o
        38          0          0          0          0         68   llshl.o
       138          0          0          0          0         80   lludiv10.o
       238          0          0          0          0        100   lludivv7m.o
        40          6          0          0          0         84   noretval__2sprintf.o
        16          4          0          0          0         76   rt_ctype_table.o
         8          4          0          0          0         68   rt_errno_addr_intlibspace.o
         8          4          0          0          0         68   rt_locale_intlibspace.o
        68          0          0          0          0         68   rt_memclr.o
        78          0          0          0          0         80   rt_memclr_w.o
       138          0          0          0          0         68   rt_memcpy_v6.o
       100          0          0          0          0         80   rt_memcpy_w.o
         2          0          0          0          0          0   rtexit.o
        10          0          0          0          0          0   rtexit2.o
        44          8          0          0          0         84   scanf_char.o
      1272         16          0          0          0        168   scanf_fp.o
       800         14          0          0          0        100   scanf_hexfp.o
       308         16          0          0          0        100   scanf_infnan.o
       128          0          0          0          0         68   strcmpv7m.o
        62          0          0          0          0         76   strlen.o
        12          4          0          0          0         68   sys_exit.o
        74          0          0          0          0         80   sys_stackheap_outer.o
        14          0          0          0          0         76   sys_wrch.o
         2          0          0          0          0         68   use_no_semi.o
       708         16          0          0          0        140   d2f_clz.o
        28          0          0          0          0        116   dcheck1.o
        24          0          0          0          0        116   dcmpi.o
       116          8          0          0          0        140   deqf.o
       200         16          0          0          0        184   dfix.o
        26          0          0          0          0        116   dflt_clz.o
       120          8          0          0          0        140   dleqf.o
       448         16          0          0          0        164   dmul_clz.o
       258          4          0          0          0        156   dnaninf.o
       112          0          0          0          0        160   drenorm_clz.o
        12          0          0          0          0        116   dretinf.o
        98          0          0          0          0        128   drleqf.o
       378          0          0          0          0        168   dunder_clz.o
       492         36          0          0          0        148   except.o
       122          8          0          0          0        132   f2d.o
       242          4          0          0          0        144   fnaninf.o
         0          0         16          0          0          0   fpconst.o
        10          0          0          0          0        116   fpinit.o
        10          0          0          0          0        116   fretinf.o
       316          0          0          0          0        132   funder_clz.o
        32          4          0          0          0        116   istatus.o
         4          0          0          0          0        116   printf1.o
       178          0          0          0          0        116   retnan.o
       276          4          0          0          0        124   scalbn_clz.o
         4          0          0          0          0        116   scanf1.o
         8          0          0          0          0        132   scanf2.o
       126          0          0          0          0        148   trapv.o
         0          0          0          0          0          0   usenofp.o
       300         42          0          0          0        176   asinf.o
       684         90          0          0          0        208   atan2f.o
        64         16          0          0          0        248   dunder.o
        20          0          0          0          0        124   fabs.o
        48          0          0          0          0        124   fpclassify.o
        38          0          0          0          0        116   fpclassifyf.o
       140         22          0          0          0        132   frexp.o
        44         12          0          0          0        464   funder.o
       228          8          0          0          0        308   ldexp.o
       266         16          0          0          0        308   narrow.o
       120          0          0          0          0        272   sqrtf_full.o

    ----------------------------------------------------------------------
     18856        852       2528         16        100      43246   Library Totals
        44          2          0          0          4          0   (incl. Padding)

    ----------------------------------------------------------------------

      Code (inc. data)   RO Data    RW Data    ZI Data      Debug   Library Name

      2718         84         12         16          0       9922   AHRS.lib
       236         24       2052          0          0      22264   arm_cortexM4lf_math.lib
      9558        412        448          0         96       5080   c_w.l
      4348        124         16          0          0       3500   g_wm.l
      1952        206          0          0          0       2480   m_wm.l

    ----------------------------------------------------------------------
     18856        852       2528         16        100      43246   Library Totals

    ----------------------------------------------------------------------

==============================================================================


      Code (inc. data)   RO Data    RW Data    ZI Data      Debug   

     73052       3852       3268        612      46420    3028777   Grand Totals
     73052       3852       3268        160      46420    3028777   ELF Image Totals (compressed)
     73052       3852       3268        160          0          0   ROM Totals

==============================================================================

    Total RO  Size (Code + RO Data)                76320 (  74.53kB)
    Total RW  Size (RW Data + ZI Data)             47032 (  45.93kB)
    Total ROM Size (Code + RO Data + RW Data)      76480 (  74.69kB)

==============================================================================

