Component: ARM Compiler 5.06 update 7 (build 960) Tool: armlink [4d3601]

==============================================================================

Section Cross References

    startup_stm32f407xx.o(STACK) refers (Special) to heapauxi.o(.text) for __use_two_region_memory
    startup_stm32f407xx.o(HEAP) refers (Special) to heapauxi.o(.text) for __use_two_region_memory
    startup_stm32f407xx.o(RESET) refers (Special) to heapauxi.o(.text) for __use_two_region_memory
    startup_stm32f407xx.o(RESET) refers to startup_stm32f407xx.o(STACK) for __initial_sp
    startup_stm32f407xx.o(RESET) refers to startup_stm32f407xx.o(.text) for Reset_Handler
    startup_stm32f407xx.o(RESET) refers to stm32f4xx_it.o(i.NMI_Handler) for NMI_Handler
    startup_stm32f407xx.o(RESET) refers to stm32f4xx_it.o(i.HardFault_Handler) for HardFault_Handler
    startup_stm32f407xx.o(RESET) refers to stm32f4xx_it.o(i.MemManage_Handler) for MemManage_Handler
    startup_stm32f407xx.o(RESET) refers to stm32f4xx_it.o(i.BusFault_Handler) for BusFault_Handler
    startup_stm32f407xx.o(RESET) refers to stm32f4xx_it.o(i.UsageFault_Handler) for UsageFault_Handler
    startup_stm32f407xx.o(RESET) refers to port.o(.emb_text) for SVC_Handler
    startup_stm32f407xx.o(RESET) refers to stm32f4xx_it.o(i.DebugMon_Handler) for DebugMon_Handler
    startup_stm32f407xx.o(RESET) refers to port.o(i.SysTick_Handler) for SysTick_Handler
    startup_stm32f407xx.o(RESET) refers to stm32f4xx_it.o(i.EXTI0_IRQHandler) for EXTI0_IRQHandler
    startup_stm32f407xx.o(RESET) refers to stm32f4xx_it.o(i.EXTI3_IRQHandler) for EXTI3_IRQHandler
    startup_stm32f407xx.o(RESET) refers to stm32f4xx_it.o(i.EXTI4_IRQHandler) for EXTI4_IRQHandler
    startup_stm32f407xx.o(RESET) refers to stm32f4xx_it.o(i.CAN1_RX0_IRQHandler) for CAN1_RX0_IRQHandler
    startup_stm32f407xx.o(RESET) refers to stm32f4xx_it.o(i.EXTI9_5_IRQHandler) for EXTI9_5_IRQHandler
    startup_stm32f407xx.o(RESET) refers to main.o(i.USART1_IRQHandler) for USART1_IRQHandler
    startup_stm32f407xx.o(RESET) refers to remote_control.o(i.USART3_IRQHandler) for USART3_IRQHandler
    startup_stm32f407xx.o(RESET) refers to stm32f4xx_it.o(i.TIM7_IRQHandler) for TIM7_IRQHandler
    startup_stm32f407xx.o(RESET) refers to ins_task.o(i.DMA2_Stream2_IRQHandler) for DMA2_Stream2_IRQHandler
    startup_stm32f407xx.o(.text) refers (Special) to heapauxi.o(.text) for __use_two_region_memory
    startup_stm32f407xx.o(.text) refers to system_stm32f4xx.o(i.SystemInit) for SystemInit
    startup_stm32f407xx.o(.text) refers to __main.o(!!!main) for __main
    startup_stm32f407xx.o(.text) refers to startup_stm32f407xx.o(HEAP) for Heap_Mem
    startup_stm32f407xx.o(.text) refers to startup_stm32f407xx.o(STACK) for Stack_Mem
    main.o(i.HAL_TIM_PeriodElapsedCallback) refers to stm32f4xx_hal.o(i.HAL_IncTick) for HAL_IncTick
    main.o(i.SystemClock_Config) refers to rt_memclr_w.o(.text) for __aeabi_memclr4
    main.o(i.SystemClock_Config) refers to stm32f4xx_hal_rcc.o(i.HAL_RCC_OscConfig) for HAL_RCC_OscConfig
    main.o(i.SystemClock_Config) refers to main.o(i.Error_Handler) for Error_Handler
    main.o(i.SystemClock_Config) refers to stm32f4xx_hal_rcc.o(i.HAL_RCC_ClockConfig) for HAL_RCC_ClockConfig
    main.o(i.USART1_IRQHandler) refers to _printf_percent.o(.ARM.Collect$$_printf_percent$$00000000) for _printf_percent
    main.o(i.USART1_IRQHandler) refers to _printf_f.o(.ARM.Collect$$_printf_percent$$00000003) for _printf_f
    main.o(i.USART1_IRQHandler) refers to printf1.o(x$fpl$printf1) for _printf_fp_dec
    main.o(i.USART1_IRQHandler) refers to stm32f4xx_hal_uart.o(i.HAL_UART_Transmit) for HAL_UART_Transmit
    main.o(i.USART1_IRQHandler) refers to noretval__2sprintf.o(.text) for __2sprintf
    main.o(i.USART1_IRQHandler) refers to strlen.o(.text) for strlen
    main.o(i.USART1_IRQHandler) refers to dleqf.o(x$fpl$dleqf) for __aeabi_cdcmple
    main.o(i.USART1_IRQHandler) refers to daddsub_clz.o(x$fpl$dadd) for __aeabi_dadd
    main.o(i.USART1_IRQHandler) refers to drleqf.o(x$fpl$drleqf) for __aeabi_cdrcmple
    main.o(i.USART1_IRQHandler) refers to daddsub_clz.o(x$fpl$dsub) for __aeabi_dsub
    main.o(i.USART1_IRQHandler) refers to usart.o(.bss) for huart1
    main.o(i.USART1_IRQHandler) refers to chassis_task.o(.bss) for chassis_move
    main.o(i.USART1_IRQHandler) refers to main.o(.data) for keyset_vx
    main.o(i.main) refers to stm32f4xx_hal.o(i.HAL_Init) for HAL_Init
    main.o(i.main) refers to main.o(i.SystemClock_Config) for SystemClock_Config
    main.o(i.main) refers to gpio.o(i.MX_GPIO_Init) for MX_GPIO_Init
    main.o(i.main) refers to dma.o(i.MX_DMA_Init) for MX_DMA_Init
    main.o(i.main) refers to can.o(i.MX_CAN1_Init) for MX_CAN1_Init
    main.o(i.main) refers to can.o(i.MX_CAN2_Init) for MX_CAN2_Init
    main.o(i.main) refers to spi.o(i.MX_SPI1_Init) for MX_SPI1_Init
    main.o(i.main) refers to tim.o(i.MX_TIM5_Init) for MX_TIM5_Init
[...]
    detect_hook                              0x0800c709   Thumb Code   288  detect_task.o(i.detect_hook)
    first_order_filter_init                  0x0800c82d   Thumb Code    32  user_lib.o(i.first_order_filter_init)
    flash_erase_address                      0x0800c851   Thumb Code    46  bsp_flash.o(i.flash_erase_address)
    flash_read                               0x0800c87f   Thumb Code    20  bsp_flash.o(i.flash_read)
    flash_write_single_address               0x0800c895   Thumb Code   136  bsp_flash.o(i.flash_write_single_address)
    fp32_constrain                           0x0800c92d   Thumb Code    42  user_lib.o(i.fp32_constrain)
    get_INS_angle_point                      0x0800ca4d   Thumb Code     4  ins_task.o(i.get_INS_angle_point)
    get_angle                                0x0800ca55   Thumb Code   232  ahrs.o(i.get_angle)
    get_chassis_motor_measure_point          0x0800cb3d   Thumb Code    18  can_receive.o(i.get_chassis_motor_measure_point)
    get_control_temperature                  0x0800cb55   Thumb Code     8  calibrate_task.o(i.get_control_temperature)
    get_error_list_point                     0x0800cb61   Thumb Code     4  detect_task.o(i.get_error_list_point)
    get_next_flash_address                   0x0800cb69   Thumb Code   186  bsp_flash.o(i.get_next_flash_address)
    gyro_offset_calc                         0x0800cc51   Thumb Code    78  ins_task.o(i.gyro_offset_calc)
    imu_pwm_set                              0x0800cf79   Thumb Code     8  bsp_imu_pwm.o(i.imu_pwm_set)
    ist8310_GPIO_init                        0x0800d03d   Thumb Code     2  ist8310driver_middleware.o(i.ist8310_GPIO_init)
    ist8310_IIC_read_single_reg              0x0800d041   Thumb Code    36  ist8310driver_middleware.o(i.ist8310_IIC_read_single_reg)
    ist8310_IIC_write_single_reg             0x0800d069   Thumb Code    34  ist8310driver_middleware.o(i.ist8310_IIC_write_single_reg)
    ist8310_RST_H                            0x0800d091   Thumb Code    14  ist8310driver_middleware.o(i.ist8310_RST_H)
    ist8310_RST_L                            0x0800d0a5   Thumb Code    14  ist8310driver_middleware.o(i.ist8310_RST_L)
    ist8310_com_init                         0x0800d0b9   Thumb Code     2  ist8310driver_middleware.o(i.ist8310_com_init)
    ist8310_delay_ms                         0x0800d0bb   Thumb Code    12  ist8310driver_middleware.o(i.ist8310_delay_ms)
    ist8310_init                             0x0800d0c9   Thumb Code   142  ist8310driver.o(i.ist8310_init)
    led_RGB_flow_task                        0x0800d15d   Thumb Code   422  led_flow_task.o(i.led_RGB_flow_task)
    loop_fp32_constrain                      0x0800d30d   Thumb Code    96  user_lib.o(i.loop_fp32_constrain)
    main                                     0x0800d36d   Thumb Code   104  main.o(i.main)
    osDelay                                  0x0800d3e7   Thumb Code    24  cmsis_os.o(i.osDelay)
    osKernelStart                            0x0800d3ff   Thumb Code    10  cmsis_os.o(i.osKernelStart)
    osThreadCreate                           0x0800d409   Thumb Code    94  cmsis_os.o(i.osThreadCreate)
    pcTaskGetName                            0x0800d469   Thumb Code    44  tasks.o(i.pcTaskGetName)
    pvPortMalloc                             0x0800df41   Thumb Code   296  heap_4.o(i.pvPortMalloc)
    pxPortInitialiseStack                    0x0800e07d   Thumb Code    38  port.o(i.pxPortInitialiseStack)
    sqrtf                                    0x0800e207   Thumb Code    62  sqrtf_full.o(i.sqrtf)
    test_task                                0x0800e245   Thumb Code   124  test_task.o(i.test_task)
    toe_is_error                             0x0800e2d1   Thumb Code    20  detect_task.o(i.toe_is_error)
    ulTaskNotifyTake                         0x0800e2e9   Thumb Code   108  tasks.o(i.ulTaskNotifyTake)
    uxListRemove                             0x0800e3d7   Thumb Code    40  list.o(i.uxListRemove)
    uxTaskGetStackHighWaterMark              0x0800e401   Thumb Code    34  tasks.o(i.uxTaskGetStackHighWaterMark)
    vApplicationGetIdleTaskMemory            0x0800e429   Thumb Code    14  freertos.o(i.vApplicationGetIdleTaskMemory)
    vApplicationGetTimerTaskMemory           0x0800e441   Thumb Code    16  freertos.o(i.vApplicationGetTimerTaskMemory)
    vListInitialise                          0x0800e459   Thumb Code    26  list.o(i.vListInitialise)
    vListInitialiseItem                      0x0800e473   Thumb Code     6  list.o(i.vListInitialiseItem)
    vListInsert                              0x0800e479   Thumb Code    52  list.o(i.vListInsert)
    vListInsertEnd                           0x0800e4ad   Thumb Code    24  list.o(i.vListInsertEnd)
    vPortEnterCritical                       0x0800e4c5   Thumb Code    76  port.o(i.vPortEnterCritical)
    vPortExitCritical                        0x0800e519   Thumb Code    56  port.o(i.vPortExitCritical)
    vPortFree                                0x0800e555   Thumb Code   140  heap_4.o(i.vPortFree)
    vPortSetupTimerInterrupt                 0x0800e5e9   Thumb Code    36  port.o(i.vPortSetupTimerInterrupt)
    vPortValidateInterruptPriority           0x0800e611   Thumb Code   106  port.o(i.vPortValidateInterruptPriority)
    vQueueAddToRegistry                      0x0800e689   Thumb Code    38  queue.o(i.vQueueAddToRegistry)
    vQueueWaitForMessageRestricted           0x0800e6b5   Thumb Code    74  queue.o(i.vQueueWaitForMessageRestricted)
    vTaskDelay                               0x0800e701   Thumb Code    82  tasks.o(i.vTaskDelay)
    vTaskInternalSetTimeOutState             0x0800e75d   Thumb Code    14  tasks.o(i.vTaskInternalSetTimeOutState)
    vTaskMissedYield                         0x0800e775   Thumb Code     8  tasks.o(i.vTaskMissedYield)
    vTaskNotifyGiveFromISR                   0x0800e781   Thumb Code   216  tasks.o(i.vTaskNotifyGiveFromISR)
    vTaskPlaceOnEventList                    0x0800e871   Thumb Code    52  tasks.o(i.vTaskPlaceOnEventList)
    vTaskPlaceOnEventListRestricted          0x0800e8a9   Thumb Code    60  tasks.o(i.vTaskPlaceOnEventListRestricted)
    vTaskStartScheduler                      0x0800e8e9   Thumb Code   156  tasks.o(i.vTaskStartScheduler)
    vTaskSuspendAll                          0x0800e9a1   Thumb Code    12  tasks.o(i.vTaskSuspendAll)
    vTaskSwitchContext                       0x0800e9b1   Thumb Code   118  tasks.o(i.vTaskSwitchContext)
    write_fake_signal                        0x0800ea3d   Thumb Code    34  chassis_task.o(i.write_fake_signal)
    xPortStartScheduler                      0x0800ea61   Thumb Code   330  port.o(i.xPortStartScheduler)
    xQueueGenericCreateStatic                0x0800ebc9   Thumb Code   222  queue.o(i.xQueueGenericCreateStatic)
    xQueueGenericReset                       0x0800eca9   Thumb Code   146  queue.o(i.xQueueGenericReset)
    xQueueGenericSend                        0x0800ed41   Thumb Code   420  queue.o(i.xQueueGenericSend)
    xQueueGenericSendFromISR                 0x0800eee9   Thumb Code   248  queue.o(i.xQueueGenericSendFromISR)
    xQueueReceive                            0x0800efe1   Thumb Code   356  queue.o(i.xQueueReceive)
    xTaskCheckForTimeOut                     0x0800f149   Thumb Code   156  tasks.o(i.xTaskCheckForTimeOut)
    xTaskCreate                              0x0800f1f1   Thumb Code   100  tasks.o(i.xTaskCreate)
    xTaskCreateStatic                        0x0800f255   Thumb Code   184  tasks.o(i.xTaskCreateStatic)
    xTaskGetHandle                           0x0800f30d   Thumb Code   142  tasks.o(i.xTaskGetHandle)
    xTaskGetSchedulerState                   0x0800f3b1   Thumb Code    24  tasks.o(i.xTaskGetSchedulerState)
    xTaskGetTickCount                        0x0800f3d1   Thumb Code     6  tasks.o(i.xTaskGetTickCount)
    xTaskIncrementTick                       0x0800f3dd   Thumb Code   282  tasks.o(i.xTaskIncrementTick)
    xTaskPriorityDisinherit                  0x0800f525   Thumb Code   188  tasks.o(i.xTaskPriorityDisinherit)
    xTaskRemoveFromEventList                 0x0800f5ed   Thumb Code   128  tasks.o(i.xTaskRemoveFromEventList)
    xTaskResumeAll                           0x0800f685   Thumb Code   224  tasks.o(i.xTaskResumeAll)
    xTimerCreateTimerTask                    0x0800f789   Thumb Code   100  timers.o(i.xTimerCreateTimerTask)
    xTimerGenericCommand                     0x0800f801   Thumb Code   128  timers.o(i.xTimerGenericCommand)
    _get_lc_numeric                          0x0800f885   Thumb Code    44  lc_numeric_c.o(locale$$code)
    __aeabi_d2f                              0x0800f8b1   Thumb Code     0  d2f_clz.o(x$fpl$d2f)
    _d2f                                     0x0800f8b1   Thumb Code   700  d2f_clz.o(x$fpl$d2f)
    __aeabi_dadd                             0x0800fb75   Thumb Code     0  daddsub_clz.o(x$fpl$dadd)
    _dadd                                    0x0800fb75   Thumb Code   580  daddsub_clz.o(x$fpl$dadd)
    __fpl_dcmp_Inf                           0x0800fdc1   Thumb Code    24  dcmpi.o(x$fpl$dcmpinf)
    __aeabi_d2iz                             0x0800fdd9   Thumb Code     0  dfix.o(x$fpl$dfix)
    _dfix                                    0x0800fdd9   Thumb Code   192  dfix.o(x$fpl$dfix)
    __dflt_normalise                         0x0800fea1   Thumb Code    26  dflt_clz.o(x$fpl$dfltn)
    __aeabi_cdcmple                          0x0800febd   Thumb Code     0  dleqf.o(x$fpl$dleqf)
    _dcmple                                  0x0800febd   Thumb Code   120  dleqf.o(x$fpl$dleqf)
    __fpl_dcmple_InfNaN                      0x0800ff15   Thumb Code     0  dleqf.o(x$fpl$dleqf)
    __aeabi_dmul                             0x0800ff35   Thumb Code     0  dmul_clz.o(x$fpl$dmul)
    _dmul                                    0x0800ff35   Thumb Code   440  dmul_clz.o(x$fpl$dmul)
    __fpl_dnaninf                            0x080100f5   Thumb Code   258  dnaninf.o(x$fpl$dnaninf)
    __fpl_drenorm2                           0x080101f7   Thumb Code   106  drenorm_clz.o(x$fpl$drenorm)
    __fpl_drenorm1                           0x08010261   Thumb Code     6  drenorm_clz.o(x$fpl$drenorm)
    __fpl_dretinf                            0x08010267   Thumb Code    12  dretinf.o(x$fpl$dretinf)
    __aeabi_cdrcmple                         0x08010273   Thumb Code     0  drleqf.o(x$fpl$drleqf)
    _drcmple                                 0x08010273   Thumb Code    98  drleqf.o(x$fpl$drleqf)
    __aeabi_dsub                             0x080102d5   Thumb Code     0  daddsub_clz.o(x$fpl$dsub)
    _dsub                                    0x080102d5   Thumb Code   664  daddsub_clz.o(x$fpl$dsub)
    __dunder                                 0x08010571   Thumb Code   314  dunder_clz.o(x$fpl$dunder)
    __dunder_d                               0x080106ab   Thumb Code    64  dunder_clz.o(x$fpl$dunder)
    __fpl_exception                          0x080106ed   Thumb Code   454  except.o(x$fpl$exception)
    __aeabi_f2d                              0x080108d9   Thumb Code     0  f2d.o(x$fpl$f2d)
    _f2d                                     0x080108d9   Thumb Code   122  f2d.o(x$fpl$f2d)
    __fpl_fnaninf                            0x08010953   Thumb Code   242  fnaninf.o(x$fpl$fnaninf)
    _fp_init                                 0x08010a45   Thumb Code    10  fpinit.o(x$fpl$fpinit)
    __fplib_config_fpu_vfp                   0x08010a4d   Thumb Code     0  fpinit.o(x$fpl$fpinit)
    __fplib_config_pureend_doubles           0x08010a4d   Thumb Code     0  fpinit.o(x$fpl$fpinit)
    __fpl_fretinf                            0x08010a4f   Thumb Code    10  fretinf.o(x$fpl$fretinf)
    __funder                                 0x08010a59   Thumb Code   254  funder_clz.o(x$fpl$funder)
    __funder_d                               0x08010b57   Thumb Code    62  funder_clz.o(x$fpl$funder)
    __ieee_status                            0x08010b95   Thumb Code    28  istatus.o(x$fpl$ieeestatus)
    _printf_fp_dec                           0x08010bb5   Thumb Code     4  printf1.o(x$fpl$printf1)
    __fpl_return_NaN                         0x08010bb9   Thumb Code   178  retnan.o(x$fpl$retnan)
    _fp_trapveneer                           0x08010c6b   Thumb Code    36  trapv.o(x$fpl$trapveneer)
    __fpl_cmpreturn                          0x08010c8f   Thumb Code    90  trapv.o(x$fpl$trapveneer)
    __I$use$fp                               0x08010ce8   Number         0  usenofp.o(x$fpl$usenofp)
    AHBPrescTable                            0x08010d74   Data          16  system_stm32f4xx.o(.constdata)
    APBPrescTable                            0x08010d84   Data           8  system_stm32f4xx.o(.constdata)
    sinTable_f32                             0x08010e08   Data        2052  arm_common_tables.o(.constdata)
    Region$$Table$$Base                      0x080116c8   Number         0  anon$$obj.o(Region$$Table)
    Region$$Table$$Limit                     0x080116e8   Number         0  anon$$obj.o(Region$$Table)
    keyset_vx                                0x20000000   Data           8  main.o(.data)
    keyset_vy                                0x20000008   Data           8  main.o(.data)
    keyset_wz                                0x20000010   Data           8  main.o(.data)
    calibrate_tast_handle                    0x20000018   Data           4  freertos.o(.data)
    chassisTaskHandle                        0x2000001c   Data           4  freertos.o(.data)
    detect_handle                            0x20000020   Data           4  freertos.o(.data)
    imuTaskHandle                            0x20000024   Data           4  freertos.o(.data)
    led_RGB_flow_handle                      0x20000028   Data           4  freertos.o(.data)
    testHandle                               0x2000002c   Data           4  freertos.o(.data)
    SystemCoreClock                          0x20000034   Data           4  system_stm32f4xx.o(.data)
    calibrate_task_stack                     0x20000058   Data           4  calibrate_task.o(.data)
    cali_hook_fun                            0x20000084   Data          20  calibrate_task.o(.data)
    chassis_high_water                       0x200000c0   Data           4  chassis_task.o(.data)
    gyro_dma_rx_buf                          0x200000c8   Data           8  ins_task.o(.data)
    gyro_dma_tx_buf                          0x200000d0   Data           8  ins_task.o(.data)
    accel_dma_tx_buf                         0x200000d8   Data           9  ins_task.o(.data)
    accel_temp_dma_rx_buf                    0x200000e1   Data           4  ins_task.o(.data)
    accel_temp_dma_tx_buf                    0x200000e5   Data           4  ins_task.o(.data)
    gyro_update_flag                         0x200000e9   Data           1  ins_task.o(.data)
    accel_update_flag                        0x200000ea   Data           1  ins_task.o(.data)
    accel_temp_update_flag                   0x200000eb   Data           1  ins_task.o(.data)
    mag_update_flag                          0x200000ec   Data           1  ins_task.o(.data)
    imu_start_dma_flag                       0x200000ed   Data           1  ins_task.o(.data)
    gyro_scale_factor                        0x200000f0   Data          36  ins_task.o(.data)
    accel_scale_factor                       0x20000114   Data          36  ins_task.o(.data)
    mag_scale_factor                         0x20000138   Data          36  ins_task.o(.data)
    RGB_flow_color                           0x20000164   Data          28  led_flow_task.o(.data)
    error_list_test_local                    0x20000184   Data           4  test_task.o(.data)
    BMI088_ACCEL_SEN                         0x20000190   Data           4  bmi088driver.o(.data)
    BMI088_GYRO_SEN                          0x20000194   Data           4  bmi088driver.o(.data)
    uwTick                                   0x200001bc   Data           4  stm32f4xx_hal.o(.data)
    uwTickPrio                               0x200001c0   Data           4  stm32f4xx_hal.o(.data)
    uwTickFreq                               0x200001c4   Data           1  stm32f4xx_hal.o(.data)
    pxCurrentTCB                             0x200001c8   Data           4  tasks.o(.data)
    hcan1                                    0x200008f4   Data          40  can.o(.bss)
    hcan2                                    0x2000091c   Data          40  can.o(.bss)
    hi2c3                                    0x20000944   Data          84  i2c.o(.bss)
    hrtc                                     0x20000998   Data          32  rtc.o(.bss)
    hspi1                                    0x200009b8   Data          88  spi.o(.bss)
    hdma_spi1_rx                             0x20000a10   Data          96  spi.o(.bss)
    hdma_spi1_tx                             0x20000a70   Data          96  spi.o(.bss)
    htim3                                    0x20000ad0   Data          64  tim.o(.bss)
    htim4                                    0x20000b10   Data          64  tim.o(.bss)
    htim5                                    0x20000b50   Data          64  tim.o(.bss)
    htim8                                    0x20000b90   Data          64  tim.o(.bss)
    htim10                                   0x20000bd0   Data          64  tim.o(.bss)
    huart1                                   0x20000c10   Data          64  usart.o(.bss)
    huart3                                   0x20000c50   Data          64  usart.o(.bss)
    hdma_usart3_rx                           0x20000c90   Data          96  usart.o(.bss)
    htim7                                    0x20000cf0   Data          64  stm32f4xx_hal_timebase_tim.o(.bss)
    cali_sensor                              0x20000e04   Data          65  calibrate_task.o(.bss)
    chassis_move                             0x20000ec0   Data         548  chassis_task.o(.bss)
    fake_signal                              0x200010e4   Data          22  chassis_task.o(.bss)
    error_list                               0x200010fa   Data         540  detect_task.o(.bss)
    accel_dma_rx_buf                         0x20001318   Data           9  ins_task.o(.bss)
    bmi088_real_data                         0x20001324   Data          36  ins_task.o(.bss)
    gyro_offset                              0x20001348   Data          12  ins_task.o(.bss)
    gyro_cali_offset                         0x20001354   Data          12  ins_task.o(.bss)
    accel_offset                             0x20001360   Data          12  ins_task.o(.bss)
    accel_cali_offset                        0x2000136c   Data          12  ins_task.o(.bss)
    ist8310_real_data                        0x20001378   Data          16  ins_task.o(.bss)
    mag_offset                               0x20001388   Data          12  ins_task.o(.bss)
    mag_cali_offset                          0x20001394   Data          12  ins_task.o(.bss)
    INS_angle                                0x20001440   Data          12  ins_task.o(.bss)
    rc_ctrl                                  0x2000144c   Data          22  remote_control.o(.bss)
    pFlash                                   0x200014ac   Data          32  stm32f4xx_hal_flash.o(.bss)
    xQueueRegistry                           0x200014cc   Data          64  queue.o(.bss)
    __libspace_start                         0x2000770c   Data          96  libspace.o(.bss)
    __temporary_stack_top$libspace           0x2000776c   Data           0  libspace.o(.bss)



==============================================================================

Memory Map of the image

  Image Entry point : 0x08000189

  Load Region LR_IROM1 (Base: 0x08000000, Size: 0x00011950, Max: 0x00100000, ABSOLUTE, COMPRESSED[0x0001179c])

    Execution Region ER_IROM1 (Exec base: 0x08000000, Load base: 0x08000000, Size: 0x00011704, Max: 0x00100000, ABSOLUTE)

    Exec Addr    Load Addr    Size         Type   Attr      Idx    E Section Name        Object

    0x08000000   0x08000000   0x00000188   Data   RO            3    RESET               startup_stm32f407xx.o
    0x08000188   0x08000188   0x00000008   Code   RO         8295  * !!!main             c_w.l(__main.o)
    0x08000190   0x08000190   0x00000034   Code   RO         8667    !!!scatter          c_w.l(__scatter.o)
    0x080001c4   0x080001c4   0x0000005a   Code   RO         8665    !!dczerorl2         c_w.l(__dczerorl2.o)
    0x0800021e   0x0800021e   0x00000002   PAD
    0x08000220   0x08000220   0x0000001c   Code   RO         8669    !!handler_zi        c_w.l(__scatter_zi.o)
    0x0800023c   0x0800023c   0x00000000   Code   RO         8280    .ARM.Collect$$_printf_percent$$00000000  c_w.l(_printf_percent.o)
    0x0800023c   0x0800023c   0x00000006   Code   RO         8279    .ARM.Collect$$_printf_percent$$00000003  c_w.l(_printf_f.o)
    0x08000242   0x08000242   0x00000006   Code   RO         8278    .ARM.Collect$$_printf_percent$$00000009  c_w.l(_printf_d.o)
    0x08000248   0x08000248   0x00000004   Code   RO         8400    .ARM.Collect$$_printf_percent$$00000017  c_w.l(_printf_percent_end.o)
    0x0800024c   0x0800024c   0x00000002   Code   RO         8536    .ARM.Collect$$libinit$$00000000  c_w.l(libinit.o)
    0x0800024e   0x0800024e   0x00000004   Code   RO         8537    .ARM.Collect$$libinit$$00000001  c_w.l(libinit2.o)
    0x08000252   0x08000252   0x00000000   Code   RO         8540    .ARM.Collect$$libinit$$00000004  c_w.l(libinit2.o)
    0x08000252   0x08000252   0x00000000   Code   RO         8543    .ARM.Collect$$libinit$$0000000A  c_w.l(libinit2.o)
    0x08000252   0x08000252   0x00000000   Code   RO         8545    .ARM.Collect$$libinit$$0000000C  c_w.l(libinit2.o)
    0x08000252   0x08000252   0x00000000   Code   RO         8547    .ARM.Collect$$libinit$$0000000E  c_w.l(libinit2.o)
    0x08000252   0x08000252   0x00000006   Code   RO         8548    .ARM.Collect$$libinit$$0000000F  c_w.l(libinit2.o)
    0x08000258   0x08000258   0x00000000   Code   RO         8550    .ARM.Collect$$libinit$$00000011  c_w.l(libinit2.o)
    0x08000258   0x08000258   0x00000000   Code   RO         8552    .ARM.Collect$$libinit$$00000013  c_w.l(libinit2.o)
    0x08000258   0x08000258   0x00000000   Code   RO         8554    .ARM.Collect$$libinit$$00000015  c_w.l(libinit2.o)
    0x08000258   0x08000258   0x0000000a   Code   RO         8555    .ARM.Collect$$libinit$$00000016  c_w.l(libinit2.o)
    0x08000262   0x08000262   0x00000000   Code   RO         8556    .ARM.Collect$$libinit$$00000017  c_w.l(libinit2.o)
    0x08000262   0x08000262   0x00000000   Code   RO         8558    .ARM.Collect$$libinit$$00000019  c_w.l(libinit2.o)
    0x08000262   0x08000262   0x00000000   Code   RO         8560    .ARM.Collect$$libinit$$0000001B  c_w.l(libinit2.o)
    0x08000262   0x08000262   0x00000000   Code   RO         8562    .ARM.Collect$$libinit$$0000001D  c_w.l(libinit2.o)
    0x08000262   0x08000262   0x00000000   Code   RO         8564    .ARM.Collect$$libinit$$0000001F  c_w.l(libinit2.o)
    0x08000262   0x08000262   0x00000000   Code   RO         8566    .ARM.Collect$$libinit$$00000021  c_w.l(libinit2.o)
    0x08000262   0x08000262   0x00000000   Code   RO         8568    .ARM.Collect$$libinit$$00000023  c_w.l(libinit2.o)
    0x08000262   0x08000262   0x00000000   Code   RO         8570    .ARM.Collect$$libinit$$00000025  c_w.l(libinit2.o)
    0x08000262   0x08000262   0x00000000   Code   RO         8574    .ARM.Collect$$libinit$$0000002C  c_w.l(libinit2.o)
    0x08000262   0x08000262   0x00000000   Code   RO         8576    .ARM.Collect$$libinit$$0000002E  c_w.l(libinit2.o)
    0x08000262   0x08000262   0x00000000   Code   RO         8578    .ARM.Collect$$libinit$$00000030  c_w.l(libinit2.o)
    0x08000262   0x08000262   0x00000000   Code   RO         8580    .ARM.Collect$$libinit$$00000032  c_w.l(libinit2.o)
    0x08000262   0x08000262   0x00000002   Code   RO         8581    .ARM.Collect$$libinit$$00000033  c_w.l(libinit2.o)
    0x08000264   0x08000264   0x00000002   Code   RO         8628    .ARM.Collect$$libshutdown$$00000000  c_w.l(libshutdown.o)
    0x08000266   0x08000266   0x00000000   Code   RO         8646    .ARM.Collect$$libshutdown$$00000002  c_w.l(libshutdown2.o)
    0x08000266   0x08000266   0x00000000   Code   RO         8648    .ARM.Collect$$libshutdown$$00000004  c_w.l(libshutdown2.o)
    0x08000266   0x08000266   0x00000000   Code   RO         8650    .ARM.Collect$$libshutdown$$00000006  c_w.l(libshutdown2.o)
    0x08000266   0x08000266   0x00000000   Code   RO         8653    .ARM.Collect$$libshutdown$$00000009  c_w.l(libshutdown2.o)
    0x08000266   0x08000266   0x00000000   Code   RO         8656    .ARM.Collect$$libshutdown$$0000000C  c_w.l(libshutdown2.o)
    0x08000266   0x08000266   0x00000000   Code   RO         8658    .ARM.Collect$$libshutdown$$0000000E  c_w.l(libshutdown2.o)
    0x08000266   0x08000266   0x00000000   Code   RO         8661    .ARM.Collect$$libshutdown$$00000011  c_w.l(libshutdown2.o)
    0x08000266   0x08000266   0x00000002   Code   RO         8662    .ARM.Collect$$libshutdown$$00000012  c_w.l(libshutdown2.o)
    0x08000268   0x08000268   0x00000000   Code   RO         8385    .ARM.Collect$$rtentry$$00000000  c_w.l(__rtentry.o)
    0x08000268   0x08000268   0x00000000   Code   RO         8450    .ARM.Collect$$rtentry$$00000002  c_w.l(__rtentry2.o)
    0x08000268   0x08000268   0x00000006   Code   RO         8462    .ARM.Collect$$rtentry$$00000004  c_w.l(__rtentry4.o)
    0x0800026e   0x0800026e   0x00000000   Code   RO         8452    .ARM.Collect$$rtentry$$00000009  c_w.l(__rtentry2.o)
    0x0800026e   0x0800026e   0x00000004   Code   RO         8453    .ARM.Collect$$rtentry$$0000000A  c_w.l(__rtentry2.o)
    0x08000272   0x08000272   0x00000000   Code   RO         8455    .ARM.Collect$$rtentry$$0000000C  c_w.l(__rtentry2.o)
    0x08000272   0x08000272   0x00000008   Code   RO         8456    .ARM.Collect$$rtentry$$0000000D  c_w.l(__rtentry2.o)
    0x0800027a   0x0800027a   0x00000002   Code   RO         8582    .ARM.Collect$$rtexit$$00000000  c_w.l(rtexit.o)
    0x0800027c   0x0800027c   0x00000000   Code   RO         8597    .ARM.Collect$$rtexit$$00000002  c_w.l(rtexit2.o)
    0x0800027c   0x0800027c   0x00000004   Code   RO         8598    .ARM.Collect$$rtexit$$00000003  c_w.l(rtexit2.o)
    0x08000280   0x08000280   0x00000006   Code   RO         8599    .ARM.Collect$$rtexit$$00000004  c_w.l(rtexit2.o)
    0x08000286   0x08000286   0x00000002   PAD
    0x08000288   0x08000288   0x000000be   Code   RO         7923    .emb_text           port.o
    0x08000346   0x08000346   0x00000002   PAD
    0x08000348   0x08000348   0x00000040   Code   RO            4    .text               startup_stm32f407xx.o
    0x08000388   0x08000388   0x00000078   Code   RO         8090    .text               arm_cortexM4lf_math.lib(arm_cos_f32.o)
    0x08000400   0x08000400   0x00000074   Code   RO         8143    .text               arm_cortexM4lf_math.lib(arm_sin_f32.o)
    0x08000474   0x08000474   0x000000ee   Code   RO         8248    .text               c_w.l(lludivv7m.o)
    0x08000562   0x08000562   0x00000002   PAD
    0x08000564   0x08000564   0x00000028   Code   RO         8252    .text               c_w.l(noretval__2sprintf.o)
    0x0800058c   0x0800058c   0x00000078   Code   RO         8256    .text               c_w.l(_printf_dec.o)
    0x08000604   0x08000604   0x0000010e   Code   RO         8266    .text               c_w.l(__printf_wp.o)
    0x08000712   0x08000712   0x0000003e   Code   RO         8281    .text               c_w.l(strlen.o)
    0x08000750   0x08000750   0x0000008a   Code   RO         8283    .text               c_w.l(rt_memcpy_v6.o)
    0x080007da   0x080007da   0x00000064   Code   RO         8285    .text               c_w.l(rt_memcpy_w.o)
    0x0800083e   0x0800083e   0x00000010   Code   RO         8289    .text               c_w.l(aeabi_memset.o)
    0x0800084e   0x0800084e   0x0000004e   Code   RO         8291    .text               c_w.l(rt_memclr_w.o)
    0x0800089c   0x0800089c   0x00000006   Code   RO         8293    .text               c_w.l(heapauxi.o)
    0x080008a2   0x080008a2   0x00000016   Code   RO         8390    .text               c_w.l(_rserrno.o)
    0x080008b8   0x080008b8   0x000000b2   Code   RO         8392    .text               c_w.l(_printf_intcommon.o)
    0x0800096a   0x0800096a   0x0000041e   Code   RO         8394    .text               c_w.l(_printf_fp_dec.o)
    0x08000d88   0x08000d88   0x00000030   Code   RO         8396    .text               c_w.l(_printf_char_common.o)
    0x08000db8   0x08000db8   0x0000000a   Code   RO         8398    .text               c_w.l(_sputc.o)
    0x08000dc2   0x08000dc2   0x00000044   Code   RO         8401    .text               c_w.l(rt_memclr.o)
    0x08000e06   0x08000e06   0x00000002   PAD
    0x08000e08   0x08000e08   0x00000008   Code   RO         8469    .text               c_w.l(rt_locale_intlibspace.o)
    0x08000e10   0x08000e10   0x00000008   Code   RO         8474    .text               c_w.l(rt_errno_addr_intlibspace.o)
    0x08000e18   0x08000e18   0x0000008a   Code   RO         8476    .text               c_w.l(lludiv10.o)
    0x08000ea2   0x08000ea2   0x00000002   PAD
    0x08000ea4   0x08000ea4   0x00000030   Code   RO         8478    .text               c_w.l(_fptrap.o)
    0x08000ed4   0x08000ed4   0x00000080   Code   RO         8480    .text               c_w.l(_printf_fp_infnan.o)
    0x08000f54   0x08000f54   0x000000e4   Code   RO         8484    .text               c_w.l(bigflt0.o)
    0x08001038   0x08001038   0x00000008   Code   RO         8518    .text               c_w.l(libspace.o)
    0x08001040   0x08001040   0x0000004a   Code   RO         8521    .text               c_w.l(sys_stackheap_outer.o)
    0x0800108a   0x0800108a   0x00000012   Code   RO         8523    .text               c_w.l(exit.o)
    0x0800109c   0x0800109c   0x0000000e   Code   RO         8525    .text               c_w.l(defsig_fpe_outer.o)
    0x080010aa   0x080010aa   0x00000002   PAD
    0x080010ac   0x080010ac   0x00000080   Code   RO         8529    .text               c_w.l(strcmpv7m.o)
    0x0800112c   0x0800112c   0x0000000a   Code   RO         8586    .text               c_w.l(defsig_exit.o)
    0x08001136   0x08001136   0x00000002   PAD
    0x08001138   0x08001138   0x000000ac   Code   RO         8588    .text               c_w.l(defsig_fpe_inner.o)
    0x080011e4   0x080011e4   0x0000000c   Code   RO         8594    .text               c_w.l(sys_exit.o)
    0x080011f0   0x080011f0   0x00000032   Code   RO         8605    .text               c_w.l(defsig_general.o)
    0x08001222   0x08001222   0x0000000e   Code   RO         8611    .text               c_w.l(sys_wrch.o)
    0x08001230   0x08001230   0x00000002   Code   RO         8615    .text               c_w.l(use_no_semi.o)
    0x08001232   0x08001232   0x00000000   Code   RO         8617    .text               c_w.l(indicate_semi.o)
    0x08001232   0x08001232   0x0000003e   Code   RO         8487    CL$$btod_d2e        c_w.l(btod.o)
    0x08001270   0x08001270   0x00000046   Code   RO         8489    CL$$btod_d2e_denorm_low  c_w.l(btod.o)
    0x080012b6   0x080012b6   0x00000060   Code   RO         8488    CL$$btod_d2e_norm_op1  c_w.l(btod.o)
    0x08001316   0x08001316   0x00000338   Code   RO         8497    CL$$btod_div_common  c_w.l(btod.o)
    0x0800164e   0x0800164e   0x000000dc   Code   RO         8494    CL$$btod_e2e        c_w.l(btod.o)
    0x0800172a   0x0800172a   0x0000002a   Code   RO         8491    CL$$btod_ediv       c_w.l(btod.o)
    0x08001754   0x08001754   0x0000002a   Code   RO         8490    CL$$btod_emul       c_w.l(btod.o)
    0x0800177e   0x0800177e   0x00000244   Code   RO         8496    CL$$btod_mult_common  c_w.l(btod.o)
    0x080019c2   0x080019c2   0x00000018   Code   RO         2371    i.AHRS_asinf        ahrs_middleware.o
    0x080019da   0x080019da   0x00000020   Code   RO         2372    i.AHRS_atan2f       ahrs_middleware.o
    0x080019fa   0x080019fa   0x00000018   Code   RO         2373    i.AHRS_cosf         ahrs_middleware.o
    0x08001a12   0x08001a12   0x0000001a   Code   RO         8000    i.AHRS_fabs         AHRS.lib(ahrs.o)
    0x08001a2c   0x08001a2c   0x00000010   Code   RO         2374    i.AHRS_get_height   ahrs_middleware.o
    0x08001a3c   0x08001a3c   0x0000000c   Code   RO         2375    i.AHRS_get_latitude  ahrs_middleware.o
    0x08001a48   0x08001a48   0x0000029c   Code   RO         8001    i.AHRS_init         AHRS.lib(ahrs.o)
    0x08001ce4   0x08001ce4   0x00000024   Code   RO         2376    i.AHRS_invSqrt      ahrs_middleware.o
    0x08001d08   0x08001d08   0x00000018   Code   RO         2377    i.AHRS_sinf         ahrs_middleware.o
    0x08001d20   0x08001d20   0x0000013a   Code   RO         8002    i.AHRS_update       AHRS.lib(ahrs.o)
    0x08001e5a   0x08001e5a   0x00000002   PAD
    0x08001e5c   0x08001e5c   0x00000014   Code   RO         2162    i.BMI088_ACCEL_NS_H  bmi088middleware.o
    0x08001e70   0x08001e70   0x00000014   Code   RO         2163    i.BMI088_ACCEL_NS_L  bmi088middleware.o
    0x08001e84   0x08001e84   0x00000002   Code   RO         2164    i.BMI088_GPIO_init  bmi088middleware.o
    0x08001e86   0x08001e86   0x00000002   PAD
    0x08001e88   0x08001e88   0x00000014   Code   RO         2165    i.BMI088_GYRO_NS_H  bmi088middleware.o
    0x08001e9c   0x08001e9c   0x00000014   Code   RO         2166    i.BMI088_GYRO_NS_L  bmi088middleware.o
    0x08001eb0   0x08001eb0   0x00000090   Code   RO         2026    i.BMI088_accel_read_over  bmi088driver.o
    0x08001f40   0x08001f40   0x00000002   Code   RO         2167    i.BMI088_com_init   bmi088middleware.o
    0x08001f42   0x08001f42   0x0000000c   Code   RO         2168    i.BMI088_delay_ms   bmi088middleware.o
    0x08001f4e   0x08001f4e   0x0000000c   Code   RO         2169    i.BMI088_delay_us   bmi088middleware.o
    0x08001f5a   0x08001f5a   0x00000002   PAD
    0x08001f5c   0x08001f5c   0x00000068   Code   RO         2027    i.BMI088_gyro_read_over  bmi088driver.o
    0x08001fc4   0x08001fc4   0x00000034   Code   RO         2028    i.BMI088_init       bmi088driver.o
    0x08001ff8   0x08001ff8   0x0000017c   Code   RO         2029    i.BMI088_read       bmi088driver.o
    0x08002174   0x08002174   0x00000026   Code   RO         2032    i.BMI088_read_muli_reg  bmi088driver.o
    0x0800219a   0x0800219a   0x00000018   Code   RO         2033    i.BMI088_read_single_reg  bmi088driver.o
    0x080021b2   0x080021b2   0x00000002   PAD
    0x080021b4   0x080021b4   0x00000020   Code   RO         2170    i.BMI088_read_write_byte  bmi088middleware.o
    0x080021d4   0x080021d4   0x00000034   Code   RO         2034    i.BMI088_temperature_read_over  bmi088driver.o
    0x08002208   0x08002208   0x00000014   Code   RO         2035    i.BMI088_write_single_reg  bmi088driver.o
    0x0800221c   0x0800221c   0x00000004   Code   RO          693    i.BusFault_Handler  stm32f4xx_it.o
    0x08002220   0x08002220   0x00000010   Code   RO          694    i.CAN1_RX0_IRQHandler  stm32f4xx_it.o
    0x08002230   0x08002230   0x00000070   Code   RO         1379    i.CAN_cmd_chassis   can_receive.o
    0x080022a0   0x080022a0   0x00000024   Code   RO         1382    i.CAN_transform_3508_to_2006  can_receive.o
    0x080022c4   0x080022c4   0x00000898   Code   RO         1744    i.DMA2_Stream2_IRQHandler  ins_task.o
    0x08002b5c   0x08002b5c   0x00000034   Code   RO         3401    i.DMA_CalcBaseAndBitshift  stm32f4xx_hal_dma.o
    0x08002b90   0x08002b90   0x000000aa   Code   RO         3402    i.DMA_CheckFifoParam  stm32f4xx_hal_dma.o
    0x08002c3a   0x08002c3a   0x00000002   Code   RO          695    i.DebugMon_Handler  stm32f4xx_it.o
    0x08002c3c   0x08002c3c   0x0000000a   Code   RO          696    i.EXTI0_IRQHandler  stm32f4xx_it.o
    0x08002c46   0x08002c46   0x0000000a   Code   RO          697    i.EXTI3_IRQHandler  stm32f4xx_it.o
    0x08002c50   0x08002c50   0x0000000a   Code   RO          698    i.EXTI4_IRQHandler  stm32f4xx_it.o
    0x08002c5a   0x08002c5a   0x0000000a   Code   RO          699    i.EXTI9_5_IRQHandler  stm32f4xx_it.o
    0x08002c64   0x08002c64   0x00000002   Code   RO           13    i.Error_Handler     main.o
    0x08002c66   0x08002c66   0x00000002   PAD
    0x08002c68   0x08002c68   0x0000005c   Code   RO         3171    i.FLASH_Erase_Sector  stm32f4xx_hal_flash_ex.o
    0x08002cc4   0x08002cc4   0x00000078   Code   RO         3172    i.FLASH_FlushCaches  stm32f4xx_hal_flash_ex.o
    0x08002d3c   0x08002d3c   0x00000030   Code   RO         3173    i.FLASH_MassErase   stm32f4xx_hal_flash_ex.o
    0x08002d6c   0x08002d6c   0x00000024   Code   RO         3053    i.FLASH_Program_Byte  stm32f4xx_hal_flash.o
    0x08002d90   0x08002d90   0x0000002c   Code   RO         3054    i.FLASH_Program_DoubleWord  stm32f4xx_hal_flash.o
    0x08002dbc   0x08002dbc   0x00000028   Code   RO         3055    i.FLASH_Program_HalfWord  stm32f4xx_hal_flash.o
    0x08002de4   0x08002de4   0x00000028   Code   RO         3056    i.FLASH_Program_Word  stm32f4xx_hal_flash.o
    0x08002e0c   0x08002e0c   0x00000098   Code   RO         3057    i.FLASH_SetErrorCode  stm32f4xx_hal_flash.o
    0x08002ea4   0x08002ea4   0x00000064   Code   RO         3058    i.FLASH_WaitForLastOperation  stm32f4xx_hal_flash.o
    0x08002f08   0x08002f08   0x0000002a   Code   RO         2664    i.HAL_CAN_ActivateNotification  stm32f4xx_hal_can.o
    0x08002f32   0x08002f32   0x00000156   Code   RO         2665    i.HAL_CAN_AddTxMessage  stm32f4xx_hal_can.o
    0x08003088   0x08003088   0x00000124   Code   RO         2666    i.HAL_CAN_ConfigFilter  stm32f4xx_hal_can.o
    0x080031ac   0x080031ac   0x00000002   Code   RO         2669    i.HAL_CAN_ErrorCallback  stm32f4xx_hal_can.o
    0x080031ae   0x080031ae   0x0000017c   Code   RO         2672    i.HAL_CAN_GetRxMessage  stm32f4xx_hal_can.o
    0x0800332a   0x0800332a   0x0000024e   Code   RO         2676    i.HAL_CAN_IRQHandler  stm32f4xx_hal_can.o
    0x08003578   0x08003578   0x00000174   Code   RO         2677    i.HAL_CAN_Init      stm32f4xx_hal_can.o
    0x080036ec   0x080036ec   0x00000154   Code   RO          375    i.HAL_CAN_MspInit   can.o
    0x08003840   0x08003840   0x00000002   Code   RO         2684    i.HAL_CAN_RxFifo0FullCallback  stm32f4xx_hal_can.o
    0x08003842   0x08003842   0x00000002   PAD
    0x08003844   0x08003844   0x000000dc   Code   RO         1383    i.HAL_CAN_RxFifo0MsgPendingCallback  can_receive.o
    0x08003920   0x08003920   0x00000002   Code   RO         2686    i.HAL_CAN_RxFifo1FullCallback  stm32f4xx_hal_can.o
    0x08003922   0x08003922   0x00000002   Code   RO         2687    i.HAL_CAN_RxFifo1MsgPendingCallback  stm32f4xx_hal_can.o
    0x08003924   0x08003924   0x00000002   Code   RO         2688    i.HAL_CAN_SleepCallback  stm32f4xx_hal_can.o
    0x08003926   0x08003926   0x0000005e   Code   RO         2689    i.HAL_CAN_Start     stm32f4xx_hal_can.o
    0x08003984   0x08003984   0x00000002   Code   RO         2691    i.HAL_CAN_TxMailbox0AbortCallback  stm32f4xx_hal_can.o
    0x08003986   0x08003986   0x00000002   Code   RO         2692    i.HAL_CAN_TxMailbox0CompleteCallback  stm32f4xx_hal_can.o
    0x08003988   0x08003988   0x00000002   Code   RO         2693    i.HAL_CAN_TxMailbox1AbortCallback  stm32f4xx_hal_can.o
    0x0800398a   0x0800398a   0x00000002   Code   RO         2694    i.HAL_CAN_TxMailbox1CompleteCallback  stm32f4xx_hal_can.o
    0x0800398c   0x0800398c   0x00000002   Code   RO         2695    i.HAL_CAN_TxMailbox2AbortCallback  stm32f4xx_hal_can.o
    0x0800398e   0x0800398e   0x00000002   Code   RO         2696    i.HAL_CAN_TxMailbox2CompleteCallback  stm32f4xx_hal_can.o
    0x08003990   0x08003990   0x00000002   Code   RO         2698    i.HAL_CAN_WakeUpFromRxMsgCallback  stm32f4xx_hal_can.o
    0x08003992   0x08003992   0x00000002   PAD
    0x08003994   0x08003994   0x000000ec   Code   RO         3410    i.HAL_DMA_Init      stm32f4xx_hal_dma.o
    0x08003a80   0x08003a80   0x000000ac   Code   RO         3183    i.HAL_FLASHEx_Erase  stm32f4xx_hal_flash_ex.o
    0x08003b2c   0x08003b2c   0x00000014   Code   RO         3062    i.HAL_FLASH_Lock    stm32f4xx_hal_flash.o
    0x08003b40   0x08003b40   0x00000098   Code   RO         3067    i.HAL_FLASH_Program  stm32f4xx_hal_flash.o
    0x08003bd8   0x08003bd8   0x00000034   Code   RO         3069    i.HAL_FLASH_Unlock  stm32f4xx_hal_flash.o
    0x08003c0c   0x08003c0c   0x000000b8   Code   RO         1745    i.HAL_GPIO_EXTI_Callback  ins_task.o
    0x08003cc4   0x08003cc4   0x0000001c   Code   RO         3296    i.HAL_GPIO_EXTI_IRQHandler  stm32f4xx_hal_gpio.o
    0x08003ce0   0x08003ce0   0x00000200   Code   RO         3297    i.HAL_GPIO_Init     stm32f4xx_hal_gpio.o
    0x08003ee0   0x08003ee0   0x0000000c   Code   RO         3301    i.HAL_GPIO_WritePin  stm32f4xx_hal_gpio.o
    0x08003eec   0x08003eec   0x0000000c   Code   RO         3834    i.HAL_GetTick       stm32f4xx_hal.o
    0x08003ef8   0x08003ef8   0x000001b8   Code   RO         4087    i.HAL_I2C_Init      stm32f4xx_hal_i2c.o
    0x080040b0   0x080040b0   0x000002f4   Code   RO         4105    i.HAL_I2C_Mem_Read  stm32f4xx_hal_i2c.o
    0x080043a4   0x080043a4   0x00000164   Code   RO         4108    i.HAL_I2C_Mem_Write  stm32f4xx_hal_i2c.o
    0x08004508   0x08004508   0x000000c8   Code   RO          448    i.HAL_I2C_MspInit   i2c.o
    0x080045d0   0x080045d0   0x00000018   Code   RO         3840    i.HAL_IncTick       stm32f4xx_hal.o
    0x080045e8   0x080045e8   0x0000003c   Code   RO         3841    i.HAL_Init          stm32f4xx_hal.o
    0x08004624   0x08004624   0x000000b4   Code   RO          811    i.HAL_InitTick      stm32f4xx_hal_timebase_tim.o
    0x080046d8   0x080046d8   0x00000054   Code   RO          787    i.HAL_MspInit       stm32f4xx_hal_msp.o
    0x0800472c   0x0800472c   0x00000020   Code   RO         3686    i.HAL_NVIC_EnableIRQ  stm32f4xx_hal_cortex.o
    0x0800474c   0x0800474c   0x0000007c   Code   RO         3692    i.HAL_NVIC_SetPriority  stm32f4xx_hal_cortex.o
    0x080047c8   0x080047c8   0x00000028   Code   RO         3693    i.HAL_NVIC_SetPriorityGrouping  stm32f4xx_hal_cortex.o
    0x080047f0   0x080047f0   0x000001a0   Code   RO         3003    i.HAL_RCCEx_PeriphCLKConfig  stm32f4xx_hal_rcc_ex.o
    0x08004990   0x08004990   0x00000180   Code   RO         2898    i.HAL_RCC_ClockConfig  stm32f4xx_hal_rcc.o
    0x08004b10   0x08004b10   0x00000044   Code   RO         2902    i.HAL_RCC_GetClockConfig  stm32f4xx_hal_rcc.o
    0x08004b54   0x08004b54   0x0000000c   Code   RO         2903    i.HAL_RCC_GetHCLKFreq  stm32f4xx_hal_rcc.o
    0x08004b60   0x08004b60   0x00000020   Code   RO         2905    i.HAL_RCC_GetPCLK1Freq  stm32f4xx_hal_rcc.o
    0x08004b80   0x08004b80   0x00000020   Code   RO         2906    i.HAL_RCC_GetPCLK2Freq  stm32f4xx_hal_rcc.o
    0x08004ba0   0x08004ba0   0x000000b0   Code   RO         2907    i.HAL_RCC_GetSysClockFreq  stm32f4xx_hal_rcc.o
    0x08004c50   0x08004c50   0x00000448   Code   RO         2910    i.HAL_RCC_OscConfig  stm32f4xx_hal_rcc.o
    0x08005098   0x08005098   0x000000d8   Code   RO         4564    i.HAL_RTC_Init      stm32f4xx_hal_rtc.o
    0x08005170   0x08005170   0x00000040   Code   RO          490    i.HAL_RTC_MspInit   rtc.o
    0x080051b0   0x080051b0   0x0000003a   Code   RO         4572    i.HAL_RTC_WaitForSynchro  stm32f4xx_hal_rtc.o
    0x080051ea   0x080051ea   0x0000008c   Code   RO         4933    i.HAL_SPI_Init      stm32f4xx_hal_spi.o
    0x08005276   0x08005276   0x00000002   PAD
    0x08005278   0x08005278   0x00000158   Code   RO          532    i.HAL_SPI_MspInit   spi.o
    0x080053d0   0x080053d0   0x0000022a   Code   RO         4942    i.HAL_SPI_TransmitReceive  stm32f4xx_hal_spi.o
    0x080055fa   0x080055fa   0x00000002   Code   RO         5932    i.HAL_TIMEx_BreakCallback  stm32f4xx_hal_tim_ex.o
    0x080055fc   0x080055fc   0x00000002   Code   RO         5933    i.HAL_TIMEx_CommutCallback  stm32f4xx_hal_tim_ex.o
    0x080055fe   0x080055fe   0x00000054   Code   RO         5950    i.HAL_TIMEx_MasterConfigSynchronization  stm32f4xx_hal_tim_ex.o
    0x08005652   0x08005652   0x00000034   Code   RO         5246    i.HAL_TIM_Base_Init  stm32f4xx_hal_tim.o
    0x08005686   0x08005686   0x00000002   PAD
    0x08005688   0x08005688   0x000000ec   Code   RO          574    i.HAL_TIM_Base_MspInit  tim.o
    0x08005774   0x08005774   0x0000002a   Code   RO         5249    i.HAL_TIM_Base_Start  stm32f4xx_hal_tim.o
    0x0800579e   0x0800579e   0x0000002a   Code   RO         5251    i.HAL_TIM_Base_Start_IT  stm32f4xx_hal_tim.o
    0x080057c8   0x080057c8   0x00000108   Code   RO         5255    i.HAL_TIM_ConfigClockSource  stm32f4xx_hal_tim.o
    0x080058d0   0x080058d0   0x00000002   Code   RO         5275    i.HAL_TIM_IC_CaptureCallback  stm32f4xx_hal_tim.o
    0x080058d2   0x080058d2   0x00000196   Code   RO         5289    i.HAL_TIM_IRQHandler  stm32f4xx_hal_tim.o
    0x08005a68   0x08005a68   0x000001a4   Code   RO          575    i.HAL_TIM_MspPostInit  tim.o
    0x08005c0c   0x08005c0c   0x00000002   Code   RO         5292    i.HAL_TIM_OC_DelayElapsedCallback  stm32f4xx_hal_tim.o
    0x08005c0e   0x08005c0e   0x00000108   Code   RO         5313    i.HAL_TIM_PWM_ConfigChannel  stm32f4xx_hal_tim.o
    0x08005d16   0x08005d16   0x00000034   Code   RO         5316    i.HAL_TIM_PWM_Init  stm32f4xx_hal_tim.o
    0x08005d4a   0x08005d4a   0x00000002   Code   RO         5318    i.HAL_TIM_PWM_MspInit  stm32f4xx_hal_tim.o
    0x08005d4c   0x08005d4c   0x00000002   Code   RO         5319    i.HAL_TIM_PWM_PulseFinishedCallback  stm32f4xx_hal_tim.o
    0x08005d4e   0x08005d4e   0x00000002   PAD
    0x08005d50   0x08005d50   0x00000058   Code   RO         5321    i.HAL_TIM_PWM_Start  stm32f4xx_hal_tim.o
    0x08005da8   0x08005da8   0x00000018   Code   RO           14    i.HAL_TIM_PeriodElapsedCallback  main.o
    0x08005dc0   0x08005dc0   0x00000002   Code   RO         5332    i.HAL_TIM_TriggerCallback  stm32f4xx_hal_tim.o
    0x08005dc2   0x08005dc2   0x00000072   Code   RO         6208    i.HAL_UART_Init     stm32f4xx_hal_uart.o
    0x08005e34   0x08005e34   0x000001a4   Code   RO          646    i.HAL_UART_MspInit  usart.o
    0x08005fd8   0x08005fd8   0x000000d6   Code   RO         6216    i.HAL_UART_Transmit  stm32f4xx_hal_uart.o
    0x080060ae   0x080060ae   0x00000004   Code   RO          700    i.HardFault_Handler  stm32f4xx_it.o
    0x080060b2   0x080060b2   0x0000003e   Code   RO         4130    i.I2C_IsAcknowledgeFailed  stm32f4xx_hal_i2c.o
    0x080060f0   0x080060f0   0x00000138   Code   RO         4140    i.I2C_RequestMemoryRead  stm32f4xx_hal_i2c.o
    0x08006228   0x08006228   0x000000cc   Code   RO         4141    i.I2C_RequestMemoryWrite  stm32f4xx_hal_i2c.o
    0x080062f4   0x080062f4   0x0000005c   Code   RO         4149    i.I2C_WaitOnBTFFlagUntilTimeout  stm32f4xx_hal_i2c.o
    0x08006350   0x08006350   0x00000086   Code   RO         4150    i.I2C_WaitOnFlagUntilTimeout  stm32f4xx_hal_i2c.o
    0x080063d6   0x080063d6   0x000000c4   Code   RO         4151    i.I2C_WaitOnMasterAddressFlagUntilTimeout  stm32f4xx_hal_i2c.o
    0x0800649a   0x0800649a   0x00000080   Code   RO         4152    i.I2C_WaitOnRXNEFlagUntilTimeout  stm32f4xx_hal_i2c.o
    0x0800651a   0x0800651a   0x0000005c   Code   RO         4154    i.I2C_WaitOnTXEFlagUntilTimeout  stm32f4xx_hal_i2c.o
    0x08006576   0x08006576   0x00000002   PAD
    0x08006578   0x08006578   0x0000007c   Code   RO         1746    i.INS_cali_gyro     ins_task.o
    0x080065f4   0x080065f4   0x00000048   Code   RO         1747    i.INS_set_cali_gyro  ins_task.o
    0x0800663c   0x0800663c   0x00000304   Code   RO         1748    i.INS_task          ins_task.o
    0x08006940   0x08006940   0x00000044   Code   RO          376    i.MX_CAN1_Init      can.o
    0x08006984   0x08006984   0x00000038   Code   RO          377    i.MX_CAN2_Init      can.o
    0x080069bc   0x080069bc   0x00000078   Code   RO          423    i.MX_DMA_Init       dma.o
    0x08006a34   0x08006a34   0x00000098   Code   RO          318    i.MX_FREERTOS_Init  freertos.o
    0x08006acc   0x08006acc   0x000001c0   Code   RO          294    i.MX_GPIO_Init      gpio.o
    0x08006c8c   0x08006c8c   0x0000003c   Code   RO          449    i.MX_I2C3_Init      i2c.o
    0x08006cc8   0x08006cc8   0x00000034   Code   RO          491    i.MX_RTC_Init       rtc.o
    0x08006cfc   0x08006cfc   0x00000048   Code   RO          533    i.MX_SPI1_Init      spi.o
    0x08006d44   0x08006d44   0x0000006c   Code   RO          576    i.MX_TIM10_Init     tim.o
    0x08006db0   0x08006db0   0x000000a4   Code   RO          577    i.MX_TIM3_Init      tim.o
    0x08006e54   0x08006e54   0x000000c4   Code   RO          579    i.MX_TIM5_Init      tim.o
    0x08006f18   0x08006f18   0x00000070   Code   RO          580    i.MX_TIM8_Init      tim.o
    0x08006f88   0x08006f88   0x00000038   Code   RO          647    i.MX_USART1_UART_Init  usart.o
    0x08006fc0   0x08006fc0   0x0000003c   Code   RO          648    i.MX_USART3_UART_Init  usart.o
    0x08006ffc   0x08006ffc   0x00000004   Code   RO          701    i.MemManage_Handler  stm32f4xx_it.o
    0x08007000   0x08007000   0x00000002   Code   RO          702    i.NMI_Handler       stm32f4xx_it.o
    0x08007002   0x08007002   0x00000002   PAD
    0x08007004   0x08007004   0x000001f0   Code   RO         2624    i.PID_calc          pid.o
    0x080071f4   0x080071f4   0x00000060   Code   RO         2626    i.PID_init          pid.o
    0x08007254   0x08007254   0x00000050   Code   RO         1183    i.RC_restart        bsp_rc.o
    0x080072a4   0x080072a4   0x00000018   Code   RO         1184    i.RC_unable         bsp_rc.o
    0x080072bc   0x080072bc   0x0000003e   Code   RO         4575    i.RTC_EnterInitMode  stm32f4xx_hal_rtc.o
    0x080072fa   0x080072fa   0x00000002   PAD
    0x080072fc   0x080072fc   0x0000273c   Code   RO         1222    i.SPI1_DMA_enable   bsp_spi.o
    0x08009a38   0x08009a38   0x00000180   Code   RO         1223    i.SPI1_DMA_init     bsp_spi.o
    0x08009bb8   0x08009bb8   0x0000006c   Code   RO         4971    i.SPI_EndRxTxTransaction  stm32f4xx_hal_spi.o
    0x08009c24   0x08009c24   0x000000a8   Code   RO         4976    i.SPI_WaitFlagStateUntilTimeout  stm32f4xx_hal_spi.o
    0x08009ccc   0x08009ccc   0x00000034   Code   RO         7924    i.SysTick_Handler   port.o
    0x08009d00   0x08009d00   0x000000b4   Code   RO           15    i.SystemClock_Config  main.o
    0x08009db4   0x08009db4   0x00000064   Code   RO          852    i.SystemInit        system_stm32f4xx.o
    0x08009e18   0x08009e18   0x00000010   Code   RO          703    i.TIM7_IRQHandler   stm32f4xx_it.o
    0x08009e28   0x08009e28   0x000000d8   Code   RO         5334    i.TIM_Base_SetConfig  stm32f4xx_hal_tim.o
    0x08009f00   0x08009f00   0x00000022   Code   RO         5335    i.TIM_CCxChannelCmd  stm32f4xx_hal_tim.o
    0x08009f22   0x08009f22   0x00000016   Code   RO         5345    i.TIM_ETR_SetConfig  stm32f4xx_hal_tim.o
    0x08009f38   0x08009f38   0x00000012   Code   RO         5346    i.TIM_ITRx_SetConfig  stm32f4xx_hal_tim.o
    0x08009f4a   0x08009f4a   0x00000002   PAD
    0x08009f4c   0x08009f4c   0x00000070   Code   RO         5347    i.TIM_OC1_SetConfig  stm32f4xx_hal_tim.o
    0x08009fbc   0x08009fbc   0x0000007c   Code   RO         5348    i.TIM_OC2_SetConfig  stm32f4xx_hal_tim.o
    0x0800a038   0x0800a038   0x00000078   Code   RO         5349    i.TIM_OC3_SetConfig  stm32f4xx_hal_tim.o
    0x0800a0b0   0x0800a0b0   0x00000054   Code   RO         5350    i.TIM_OC4_SetConfig  stm32f4xx_hal_tim.o
    0x0800a104   0x0800a104   0x00000026   Code   RO         5352    i.TIM_TI1_ConfigInputStage  stm32f4xx_hal_tim.o
    0x0800a12a   0x0800a12a   0x00000028   Code   RO         5354    i.TIM_TI2_ConfigInputStage  stm32f4xx_hal_tim.o
    0x0800a152   0x0800a152   0x00000002   PAD
    0x0800a154   0x0800a154   0x00000368   Code   RO         6235    i.UART_SetConfig    stm32f4xx_hal_uart.o
    0x0800a4bc   0x0800a4bc   0x0000006c   Code   RO         6237    i.UART_WaitOnFlagUntilTimeout  stm32f4xx_hal_uart.o
    0x0800a528   0x0800a528   0x000002f8   Code   RO           16    i.USART1_IRQHandler  main.o
    0x0800a820   0x0800a820   0x00000130   Code   RO         1924    i.USART3_IRQHandler  remote_control.o
    0x0800a950   0x0800a950   0x00000004   Code   RO          704    i.UsageFault_Handler  stm32f4xx_it.o
    0x0800a954   0x0800a954   0x00000030   Code   RO         8516    i.__ARM_fpclassify  m_wm.l(fpclassify.o)
    0x0800a984   0x0800a984   0x00000026   Code   RO         8430    i.__ARM_fpclassifyf  m_wm.l(fpclassifyf.o)
    0x0800a9aa   0x0800a9aa   0x00000002   PAD
    0x0800a9ac   0x0800a9ac   0x00000010   Code   RO         3699    i.__NVIC_GetPriorityGrouping  stm32f4xx_hal_cortex.o
    0x0800a9bc   0x0800a9bc   0x00000028   Code   RO         3700    i.__NVIC_SetPriority  stm32f4xx_hal_cortex.o
    0x0800a9e4   0x0800a9e4   0x0000012c   Code   RO         8331    i.__hardfp_asinf    m_wm.l(asinf.o)
    0x0800ab10   0x0800ab10   0x000002ac   Code   RO         8343    i.__hardfp_atan2f   m_wm.l(atan2f.o)
    0x0800adbc   0x0800adbc   0x00000014   Code   RO         8355    i.__hardfp_fabs     m_wm.l(fabs.o)
    0x0800add0   0x0800add0   0x0000003a   Code   RO         8373    i.__hardfp_sqrtf    m_wm.l(sqrtf_full.o)
    0x0800ae0a   0x0800ae0a   0x00000006   Code   RO         8433    i.__mathlib_flt_infnan  m_wm.l(funder.o)
    0x0800ae10   0x0800ae10   0x00000006   Code   RO         8434    i.__mathlib_flt_infnan2  m_wm.l(funder.o)
    0x0800ae16   0x0800ae16   0x00000002   PAD
    0x0800ae18   0x0800ae18   0x00000010   Code   RO         8435    i.__mathlib_flt_invalid  m_wm.l(funder.o)
    0x0800ae28   0x0800ae28   0x00000010   Code   RO         8438    i.__mathlib_flt_underflow  m_wm.l(funder.o)
    0x0800ae38   0x0800ae38   0x0000000e   Code   RO         8268    i._is_digit         c_w.l(__printf_wp.o)
    0x0800ae46   0x0800ae46   0x00000002   PAD
    0x0800ae48   0x0800ae48   0x00000068   Code   RO         1153    i.aRGB_led_show     bsp_led.o
    0x0800aeb0   0x0800aeb0   0x000001d0   Code   RO         8003    i.accel_comple_filter  AHRS.lib(ahrs.o)
    0x0800b080   0x0800b080   0x0000018c   Code   RO         8004    i.accel_update_kp_ki  AHRS.lib(ahrs.o)
    0x0800b20c   0x0800b20c   0x0000016c   Code   RO         8005    i.angle_to_quat     AHRS.lib(ahrs.o)
    0x0800b378   0x0800b378   0x00000134   Code   RO         2036    i.bmi088_accel_init  bmi088driver.o
    0x0800b4ac   0x0800b4ac   0x000002fc   Code   RO         2037    i.bmi088_accel_self_test  bmi088driver.o
    0x0800b7a8   0x0800b7a8   0x000000f4   Code   RO         2038    i.bmi088_gyro_init  bmi088driver.o
    0x0800b89c   0x0800b89c   0x000000d0   Code   RO         2039    i.bmi088_gyro_self_test  bmi088driver.o
    0x0800b96c   0x0800b96c   0x00000010   Code   RO          888    i.buzzer_off        bsp_buzzer.o
    0x0800b97c   0x0800b97c   0x00000014   Code   RO          889    i.buzzer_on         bsp_buzzer.o
    0x0800b990   0x0800b990   0x0000007c   Code   RO         1991    i.buzzer_warn_error  test_task.o
    0x0800ba0c   0x0800ba0c   0x000000ec   Code   RO         1254    i.cali_data_read    calibrate_task.o
    0x0800baf8   0x0800baf8   0x0000008c   Code   RO         1255    i.cali_data_write   calibrate_task.o
    0x0800bb84   0x0800bb84   0x00000006   Code   RO         1256    i.cali_gimbal_hook  calibrate_task.o
    0x0800bb8a   0x0800bb8a   0x00000002   PAD
    0x0800bb8c   0x0800bb8c   0x00000064   Code   RO         1257    i.cali_gyro_hook    calibrate_task.o
    0x0800bbf0   0x0800bbf0   0x00000036   Code   RO         1258    i.cali_head_hook    calibrate_task.o
    0x0800bc26   0x0800bc26   0x00000002   PAD
    0x0800bc28   0x0800bc28   0x000000b8   Code   RO         1259    i.cali_param_init   calibrate_task.o
    0x0800bce0   0x0800bce0   0x00000138   Code   RO         1260    i.calibrate_task    calibrate_task.o
    0x0800be18   0x0800be18   0x0000005c   Code   RO          996    i.can_filter_init   bsp_can.o
    0x0800be74   0x0800be74   0x0000022c   Code   RO         1627    i.chassis_control_loop  chassis_task.o
    0x0800c0a0   0x0800c0a0   0x00000150   Code   RO         1628    i.chassis_feedback_update  chassis_task.o
    0x0800c1f0   0x0800c1f0   0x000000c8   Code   RO         1629    i.chassis_init      chassis_task.o
    0x0800c2b8   0x0800c2b8   0x00000002   Code   RO         1630    i.chassis_mode_change_control_transit  chassis_task.o
    0x0800c2ba   0x0800c2ba   0x00000002   PAD
    0x0800c2bc   0x0800c2bc   0x00000224   Code   RO         1632    i.chassis_set_contorl  chassis_task.o
    0x0800c4e0   0x0800c4e0   0x0000000c   Code   RO         1633    i.chassis_set_mode  chassis_task.o
    0x0800c4ec   0x0800c4ec   0x00000108   Code   RO         1634    i.chassis_task      chassis_task.o
    0x0800c5f4   0x0800c5f4   0x00000094   Code   RO         1635    i.chassis_vector_to_mecanum_wheel_speed  chassis_task.o
    0x0800c688   0x0800c688   0x00000030   Code   RO         1024    i.delay_init        bsp_delay.o
    0x0800c6b8   0x0800c6b8   0x00000050   Code   RO         1026    i.delay_us          bsp_delay.o
    0x0800c708   0x0800c708   0x00000124   Code   RO         1701    i.detect_hook       detect_task.o
    0x0800c82c   0x0800c82c   0x00000024   Code   RO         2524    i.first_order_filter_init  user_lib.o
    0x0800c850   0x0800c850   0x0000002e   Code   RO         1065    i.flash_erase_address  bsp_flash.o
    0x0800c87e   0x0800c87e   0x00000014   Code   RO         1066    i.flash_read        bsp_flash.o
    0x0800c892   0x0800c892   0x00000002   PAD
    0x0800c894   0x0800c894   0x00000098   Code   RO         1068    i.flash_write_single_address  bsp_flash.o
    0x0800c92c   0x0800c92c   0x0000002a   Code   RO         2525    i.fp32_constrain    user_lib.o
    0x0800c956   0x0800c956   0x00000002   PAD
    0x0800c958   0x0800c958   0x000000f4   Code   RO         1069    i.ger_sector        bsp_flash.o
    0x0800ca4c   0x0800ca4c   0x00000008   Code   RO         1749    i.get_INS_angle_point  ins_task.o
    0x0800ca54   0x0800ca54   0x000000e8   Code   RO         8006    i.get_angle         AHRS.lib(ahrs.o)
    0x0800cb3c   0x0800cb3c   0x00000018   Code   RO         1384    i.get_chassis_motor_measure_point  can_receive.o
    0x0800cb54   0x0800cb54   0x0000000c   Code   RO         1261    i.get_control_temperature  calibrate_task.o
    0x0800cb60   0x0800cb60   0x00000008   Code   RO         1704    i.get_error_list_point  detect_task.o
    0x0800cb68   0x0800cb68   0x000000e8   Code   RO         1070    i.get_next_flash_address  bsp_flash.o
    0x0800cc50   0x0800cc50   0x00000054   Code   RO         1754    i.gyro_offset_calc  ins_task.o
    0x0800cca4   0x0800cca4   0x0000012c   Code   RO         1755    i.imu_cali_slove    ins_task.o
    0x0800cdd0   0x0800cdd0   0x000001a8   Code   RO         1756    i.imu_cmd_spi_dma   ins_task.o
    0x0800cf78   0x0800cf78   0x0000000c   Code   RO         1125    i.imu_pwm_set       bsp_imu_pwm.o
    0x0800cf84   0x0800cf84   0x000000b8   Code   RO         1757    i.imu_temp_control  ins_task.o
    0x0800d03c   0x0800d03c   0x00000002   Code   RO         2291    i.ist8310_GPIO_init  ist8310driver_middleware.o
    0x0800d03e   0x0800d03e   0x00000002   PAD
    0x0800d040   0x0800d040   0x00000028   Code   RO         2293    i.ist8310_IIC_read_single_reg  ist8310driver_middleware.o
    0x0800d068   0x0800d068   0x00000028   Code   RO         2295    i.ist8310_IIC_write_single_reg  ist8310driver_middleware.o
    0x0800d090   0x0800d090   0x00000014   Code   RO         2296    i.ist8310_RST_H     ist8310driver_middleware.o
    0x0800d0a4   0x0800d0a4   0x00000014   Code   RO         2297    i.ist8310_RST_L     ist8310driver_middleware.o
    0x0800d0b8   0x0800d0b8   0x00000002   Code   RO         2298    i.ist8310_com_init  ist8310driver_middleware.o
    0x0800d0ba   0x0800d0ba   0x0000000c   Code   RO         2299    i.ist8310_delay_ms  ist8310driver_middleware.o
    0x0800d0c6   0x0800d0c6   0x00000002   PAD
    0x0800d0c8   0x0800d0c8   0x00000094   Code   RO         2256    i.ist8310_init      ist8310driver.o
    0x0800d15c   0x0800d15c   0x000001b0   Code   RO         1889    i.led_RGB_flow_task  led_flow_task.o
    0x0800d30c   0x0800d30c   0x00000060   Code   RO         2530    i.loop_fp32_constrain  user_lib.o
    0x0800d36c   0x0800d36c   0x0000006c   Code   RO           17    i.main              main.o
    0x0800d3d8   0x0800d3d8   0x0000000e   Code   RO         7495    i.makeFreeRtosPriority  cmsis_os.o
    0x0800d3e6   0x0800d3e6   0x00000018   Code   RO         7497    i.osDelay           cmsis_os.o
    0x0800d3fe   0x0800d3fe   0x0000000a   Code   RO         7500    i.osKernelStart     cmsis_os.o
    0x0800d408   0x0800d408   0x0000005e   Code   RO         7534    i.osThreadCreate    cmsis_os.o
    0x0800d466   0x0800d466   0x00000002   PAD
    0x0800d468   0x0800d468   0x00000030   Code   RO         6992    i.pcTaskGetName     tasks.o
    0x0800d498   0x0800d498   0x000000a4   Code   RO         6993    i.prvAddCurrentTaskToDelayedList  tasks.o
    0x0800d53c   0x0800d53c   0x000000b4   Code   RO         6994    i.prvAddNewTaskToReadyList  tasks.o
    0x0800d5f0   0x0800d5f0   0x00000074   Code   RO         7342    i.prvCheckForValidListAndQueue  timers.o
    0x0800d664   0x0800d664   0x00000048   Code   RO         6995    i.prvCheckTasksWaitingTermination  tasks.o
    0x0800d6ac   0x0800d6ac   0x0000002a   Code   RO         6655    i.prvCopyDataFromQueue  queue.o
    0x0800d6d6   0x0800d6d6   0x0000007c   Code   RO         6656    i.prvCopyDataToQueue  queue.o
    0x0800d752   0x0800d752   0x00000050   Code   RO         6996    i.prvDeleteTCB      tasks.o
    0x0800d7a2   0x0800d7a2   0x00000002   PAD
    0x0800d7a4   0x0800d7a4   0x00000028   Code   RO         7343    i.prvGetNextExpireTime  timers.o
    0x0800d7cc   0x0800d7cc   0x0000007c   Code   RO         7874    i.prvHeapInit       heap_4.o
    0x0800d848   0x0800d848   0x00000028   Code   RO         6997    i.prvIdleTask       tasks.o
    0x0800d870   0x0800d870   0x00000026   Code   RO         6659    i.prvInitialiseNewQueue  queue.o
    0x0800d896   0x0800d896   0x000000b8   Code   RO         6998    i.prvInitialiseNewTask  tasks.o
    0x0800d94e   0x0800d94e   0x00000002   PAD
    0x0800d950   0x0800d950   0x00000068   Code   RO         6999    i.prvInitialiseTaskLists  tasks.o
    0x0800d9b8   0x0800d9b8   0x00000068   Code   RO         7875    i.prvInsertBlockIntoFreeList  heap_4.o
    0x0800da20   0x0800da20   0x00000058   Code   RO         7345    i.prvInsertTimerInActiveList  timers.o
    0x0800da78   0x0800da78   0x0000001a   Code   RO         6660    i.prvIsQueueEmpty   queue.o
    0x0800da92   0x0800da92   0x0000001e   Code   RO         6661    i.prvIsQueueFull    queue.o
    0x0800dab0   0x0800dab0   0x00000064   Code   RO         7346    i.prvProcessExpiredTimer  timers.o
    0x0800db14   0x0800db14   0x00000128   Code   RO         7347    i.prvProcessReceivedCommands  timers.o
    0x0800dc3c   0x0800dc3c   0x00000074   Code   RO         7348    i.prvProcessTimerOrBlockTask  timers.o
    0x0800dcb0   0x0800dcb0   0x00000034   Code   RO         7000    i.prvResetNextTaskUnblockTime  tasks.o
    0x0800dce4   0x0800dce4   0x0000002c   Code   RO         7349    i.prvSampleTimeNow  timers.o
    0x0800dd10   0x0800dd10   0x0000009e   Code   RO         7001    i.prvSearchForNameWithinSingleList  tasks.o
    0x0800ddae   0x0800ddae   0x00000002   PAD
    0x0800ddb0   0x0800ddb0   0x000000a0   Code   RO         7350    i.prvSwitchTimerLists  timers.o
    0x0800de50   0x0800de50   0x00000016   Code   RO         7002    i.prvTaskCheckFreeStackSpace  tasks.o
    0x0800de66   0x0800de66   0x00000002   PAD
    0x0800de68   0x0800de68   0x00000040   Code   RO         7925    i.prvTaskExitError  port.o
    0x0800dea8   0x0800dea8   0x0000001a   Code   RO         7351    i.prvTimerTask      timers.o
    0x0800dec2   0x0800dec2   0x0000007e   Code   RO         6662    i.prvUnlockQueue    queue.o
    0x0800df40   0x0800df40   0x0000013c   Code   RO         7876    i.pvPortMalloc      heap_4.o
    0x0800e07c   0x0800e07c   0x0000002c   Code   RO         7926    i.pxPortInitialiseStack  port.o
    0x0800e0a8   0x0800e0a8   0x00000084   Code   RO         8011    i.quat_normalization  AHRS.lib(ahrs.o)
    0x0800e12c   0x0800e12c   0x000000da   Code   RO         1927    i.sbus_to_rc        remote_control.o
    0x0800e206   0x0800e206   0x0000003e   Code   RO         8375    i.sqrtf             m_wm.l(sqrtf_full.o)
    0x0800e244   0x0800e244   0x0000008c   Code   RO         1992    i.test_task         test_task.o
    0x0800e2d0   0x0800e2d0   0x00000018   Code   RO         1705    i.toe_is_error      detect_task.o
    0x0800e2e8   0x0800e2e8   0x00000074   Code   RO         7005    i.ulTaskNotifyTake  tasks.o
    0x0800e35c   0x0800e35c   0x0000007a   Code   RO         8012    i.update_w          AHRS.lib(ahrs.o)
    0x0800e3d6   0x0800e3d6   0x00000028   Code   RO         6615    i.uxListRemove      list.o
    0x0800e3fe   0x0800e3fe   0x00000002   PAD
    0x0800e400   0x0800e400   0x00000028   Code   RO         7007    i.uxTaskGetStackHighWaterMark  tasks.o
    0x0800e428   0x0800e428   0x00000018   Code   RO          320    i.vApplicationGetIdleTaskMemory  freertos.o
    0x0800e440   0x0800e440   0x00000018   Code   RO          321    i.vApplicationGetTimerTaskMemory  freertos.o
    0x0800e458   0x0800e458   0x0000001a   Code   RO         6616    i.vListInitialise   list.o
    0x0800e472   0x0800e472   0x00000006   Code   RO         6617    i.vListInitialiseItem  list.o
    0x0800e478   0x0800e478   0x00000034   Code   RO         6618    i.vListInsert       list.o
    0x0800e4ac   0x0800e4ac   0x00000018   Code   RO         6619    i.vListInsertEnd    list.o
    0x0800e4c4   0x0800e4c4   0x00000054   Code   RO         7928    i.vPortEnterCritical  port.o
    0x0800e518   0x0800e518   0x0000003c   Code   RO         7929    i.vPortExitCritical  port.o
    0x0800e554   0x0800e554   0x00000094   Code   RO         7877    i.vPortFree         heap_4.o
    0x0800e5e8   0x0800e5e8   0x00000028   Code   RO         7930    i.vPortSetupTimerInterrupt  port.o
    0x0800e610   0x0800e610   0x00000078   Code   RO         7931    i.vPortValidateInterruptPriority  port.o
    0x0800e688   0x0800e688   0x0000002c   Code   RO         6666    i.vQueueAddToRegistry  queue.o
    0x0800e6b4   0x0800e6b4   0x0000004a   Code   RO         6669    i.vQueueWaitForMessageRestricted  queue.o
    0x0800e6fe   0x0800e6fe   0x00000002   PAD
    0x0800e700   0x0800e700   0x0000005c   Code   RO         7011    i.vTaskDelay        tasks.o
    0x0800e75c   0x0800e75c   0x00000018   Code   RO         7015    i.vTaskInternalSetTimeOutState  tasks.o
    0x0800e774   0x0800e774   0x0000000c   Code   RO         7016    i.vTaskMissedYield  tasks.o
    0x0800e780   0x0800e780   0x000000f0   Code   RO         7017    i.vTaskNotifyGiveFromISR  tasks.o
    0x0800e870   0x0800e870   0x00000038   Code   RO         7018    i.vTaskPlaceOnEventList  tasks.o
    0x0800e8a8   0x0800e8a8   0x00000040   Code   RO         7019    i.vTaskPlaceOnEventListRestricted  tasks.o
    0x0800e8e8   0x0800e8e8   0x000000b8   Code   RO         7026    i.vTaskStartScheduler  tasks.o
    0x0800e9a0   0x0800e9a0   0x00000010   Code   RO         7028    i.vTaskSuspendAll   tasks.o
    0x0800e9b0   0x0800e9b0   0x0000008c   Code   RO         7029    i.vTaskSwitchContext  tasks.o
    0x0800ea3c   0x0800ea3c   0x00000022   Code   RO         1636    i.write_fake_signal  chassis_task.o
    0x0800ea5e   0x0800ea5e   0x00000002   PAD
    0x0800ea60   0x0800ea60   0x00000168   Code   RO         7932    i.xPortStartScheduler  port.o
    0x0800ebc8   0x0800ebc8   0x000000de   Code   RO         6673    i.xQueueGenericCreateStatic  queue.o
    0x0800eca6   0x0800eca6   0x00000002   PAD
    0x0800eca8   0x0800eca8   0x00000098   Code   RO         6674    i.xQueueGenericReset  queue.o
    0x0800ed40   0x0800ed40   0x000001a8   Code   RO         6675    i.xQueueGenericSend  queue.o
    0x0800eee8   0x0800eee8   0x000000f8   Code   RO         6676    i.xQueueGenericSendFromISR  queue.o
    0x0800efe0   0x0800efe0   0x00000168   Code   RO         6684    i.xQueueReceive     queue.o
    0x0800f148   0x0800f148   0x000000a8   Code   RO         7031    i.xTaskCheckForTimeOut  tasks.o
    0x0800f1f0   0x0800f1f0   0x00000064   Code   RO         7032    i.xTaskCreate       tasks.o
    0x0800f254   0x0800f254   0x000000b8   Code   RO         7033    i.xTaskCreateStatic  tasks.o
    0x0800f30c   0x0800f30c   0x000000a4   Code   RO         7037    i.xTaskGetHandle    tasks.o
    0x0800f3b0   0x0800f3b0   0x00000020   Code   RO         7038    i.xTaskGetSchedulerState  tasks.o
    0x0800f3d0   0x0800f3d0   0x0000000c   Code   RO         7039    i.xTaskGetTickCount  tasks.o
    0x0800f3dc   0x0800f3dc   0x00000148   Code   RO         7041    i.xTaskIncrementTick  tasks.o
    0x0800f524   0x0800f524   0x000000c8   Code   RO         7044    i.xTaskPriorityDisinherit  tasks.o
    0x0800f5ec   0x0800f5ec   0x00000098   Code   RO         7046    i.xTaskRemoveFromEventList  tasks.o
    0x0800f684   0x0800f684   0x00000104   Code   RO         7047    i.xTaskResumeAll    tasks.o
    0x0800f788   0x0800f788   0x00000078   Code   RO         7356    i.xTimerCreateTimerTask  timers.o
    0x0800f800   0x0800f800   0x00000084   Code   RO         7357    i.xTimerGenericCommand  timers.o
    0x0800f884   0x0800f884   0x0000002c   Code   RO         8510    locale$$code        c_w.l(lc_numeric_c.o)
    0x0800f8b0   0x0800f8b0   0x000002c4   Code   RO         8297    x$fpl$d2f           g_wm.l(d2f_clz.o)
    0x0800fb74   0x0800fb74   0x0000024c   Code   RO         8299    x$fpl$dadd          g_wm.l(daddsub_clz.o)
    0x0800fdc0   0x0800fdc0   0x00000018   Code   RO         8403    x$fpl$dcmpinf       g_wm.l(dcmpi.o)
    0x0800fdd8   0x0800fdd8   0x000000c8   Code   RO         8305    x$fpl$dfix          g_wm.l(dfix.o)
    0x0800fea0   0x0800fea0   0x0000001a   Code   RO         8407    x$fpl$dfltn         g_wm.l(dflt_clz.o)
    0x0800feba   0x0800feba   0x00000002   PAD
    0x0800febc   0x0800febc   0x00000078   Code   RO         8309    x$fpl$dleqf         g_wm.l(dleqf.o)
    0x0800ff34   0x0800ff34   0x000001c0   Code   RO         8311    x$fpl$dmul          g_wm.l(dmul_clz.o)
    0x080100f4   0x080100f4   0x00000102   Code   RO         8411    x$fpl$dnaninf       g_wm.l(dnaninf.o)
    0x080101f6   0x080101f6   0x00000070   Code   RO         8413    x$fpl$drenorm       g_wm.l(drenorm_clz.o)
    0x08010266   0x08010266   0x0000000c   Code   RO         8415    x$fpl$dretinf       g_wm.l(dretinf.o)
    0x08010272   0x08010272   0x00000062   Code   RO         8313    x$fpl$drleqf        g_wm.l(drleqf.o)
    0x080102d4   0x080102d4   0x0000029c   Code   RO         8301    x$fpl$dsub          g_wm.l(daddsub_clz.o)
    0x08010570   0x08010570   0x0000017a   Code   RO         8417    x$fpl$dunder        g_wm.l(dunder_clz.o)
    0x080106ea   0x080106ea   0x00000002   PAD
    0x080106ec   0x080106ec   0x000001ec   Code   RO         8419    x$fpl$exception     g_wm.l(except.o)
    0x080108d8   0x080108d8   0x0000007a   Code   RO         8315    x$fpl$f2d           g_wm.l(f2d.o)
    0x08010952   0x08010952   0x000000f2   Code   RO         8421    x$fpl$fnaninf       g_wm.l(fnaninf.o)
    0x08010a44   0x08010a44   0x0000000a   Code   RO         8592    x$fpl$fpinit        g_wm.l(fpinit.o)
    0x08010a4e   0x08010a4e   0x0000000a   Code   RO         8423    x$fpl$fretinf       g_wm.l(fretinf.o)
    0x08010a58   0x08010a58   0x0000013c   Code   RO         8425    x$fpl$funder        g_wm.l(funder_clz.o)
    0x08010b94   0x08010b94   0x00000020   Code   RO         8512    x$fpl$ieeestatus    g_wm.l(istatus.o)
    0x08010bb4   0x08010bb4   0x00000004   Code   RO         8317    x$fpl$printf1       g_wm.l(printf1.o)
    0x08010bb8   0x08010bb8   0x000000b2   Code   RO         8514    x$fpl$retnan        g_wm.l(retnan.o)
    0x08010c6a   0x08010c6a   0x0000007e   Code   RO         8427    x$fpl$trapveneer    g_wm.l(trapv.o)
    0x08010ce8   0x08010ce8   0x00000000   Code   RO         8429    x$fpl$usenofp       g_wm.l(usenofp.o)
    0x08010ce8   0x08010ce8   0x0000008c   Data   RO          323    .constdata          freertos.o
    0x08010d74   0x08010d74   0x00000018   Data   RO          853    .constdata          system_stm32f4xx.o
    0x08010d8c   0x08010d8c   0x0000000f   Data   RO         1264    .constdata          calibrate_task.o
    0x08010d9b   0x08010d9b   0x00000001   PAD
    0x08010d9c   0x08010d9c   0x00000020   Data   RO         1638    .constdata          chassis_task.o
    0x08010dbc   0x08010dbc   0x00000018   Data   RO         1759    .constdata          ins_task.o
    0x08010dd4   0x08010dd4   0x00000012   Data   RO         2044    .constdata          bmi088driver.o
    0x08010de6   0x08010de6   0x0000000c   Data   RO         2259    .constdata          ist8310driver.o
    0x08010df2   0x08010df2   0x00000008   Data   RO         3416    .constdata          stm32f4xx_hal_dma.o
    0x08010dfa   0x08010dfa   0x00000002   PAD
    0x08010dfc   0x08010dfc   0x0000000c   Data   RO         8013    .constdata          AHRS.lib(ahrs.o)
    0x08010e08   0x08010e08   0x00000804   Data   RO         8223    .constdata          arm_cortexM4lf_math.lib(arm_common_tables.o)
    0x0801160c   0x0801160c   0x00000094   Data   RO         8485    .constdata          c_w.l(bigflt0.o)
    0x080116a0   0x080116a0   0x00000025   Data   RO          324    .conststring        freertos.o
    0x080116c5   0x080116c5   0x00000003   PAD
    0x080116c8   0x080116c8   0x00000020   Data   RO         8663    Region$$Table       anon$$obj.o
    0x080116e8   0x080116e8   0x0000001c   Data   RO         8509    locale$$data        c_w.l(lc_numeric_c.o)


    Execution Region RW_IRAM1 (Exec base: 0x20000000, Load base: 0x08011704, Size: 0x0000b770, Max: 0x00020000, ABSOLUTE, COMPRESSED[0x00000098])

    Exec Addr    Load Addr    Size         Type   Attr      Idx    E Section Name        Object

    0x20000000   COMPRESSED   0x00000018   Data   RW           18    .data               main.o
    0x20000018   COMPRESSED   0x00000018   Data   RW          325    .data               freertos.o
    0x20000030   COMPRESSED   0x00000004   Data   RW          379    .data               can.o
    0x20000034   COMPRESSED   0x00000004   Data   RW          854    .data               system_stm32f4xx.o
    0x20000038   COMPRESSED   0x00000008   Data   RW         1027    .data               bsp_delay.o
    0x20000040   COMPRESSED   0x00000010   Data   RW         1071    .data               bsp_flash.o
    0x20000050   COMPRESSED   0x00000008   Data   RW         1154    .data               bsp_led.o
    0x20000058   COMPRESSED   0x00000054   Data   RW         1265    .data               calibrate_task.o
    0x200000ac   COMPRESSED   0x00000011   Data   RW         1389    .data               can_receive.o
    0x200000bd   COMPRESSED   0x00000003   PAD
    0x200000c0   COMPRESSED   0x00000004   Data   RW         1639    .data               chassis_task.o
    0x200000c4   COMPRESSED   0x000000a0   Data   RW         1760    .data               ins_task.o
    0x20000164   COMPRESSED   0x0000001c   Data   RW         1890    .data               led_flow_task.o
    0x20000180   COMPRESSED   0x00000002   Data   RW         1931    .data               remote_control.o
    0x20000182   COMPRESSED   0x00000002   PAD
    0x20000184   COMPRESSED   0x0000000a   Data   RW         1993    .data               test_task.o
    0x2000018e   COMPRESSED   0x00000002   PAD
    0x20000190   COMPRESSED   0x0000002c   Data   RW         2045    .data               bmi088driver.o
    0x200001bc   COMPRESSED   0x00000009   Data   RW         3848    .data               stm32f4xx_hal.o
    0x200001c5   COMPRESSED   0x00000003   PAD
    0x200001c8   COMPRESSED   0x0000003c   Data   RW         7050    .data               tasks.o
    0x20000204   COMPRESSED   0x00000014   Data   RW         7365    .data               timers.o
    0x20000218   COMPRESSED   0x00000018   Data   RW         7882    .data               heap_4.o
    0x20000230   COMPRESSED   0x0000000c   Data   RW         7933    .data               port.o
    0x2000023c   COMPRESSED   0x00000010   Data   RW         8014    .data               AHRS.lib(ahrs.o)
    0x2000024c        -       0x000006a8   Zero   RW          322    .bss                freertos.o
    0x200008f4        -       0x00000050   Zero   RW          378    .bss                can.o
    0x20000944        -       0x00000054   Zero   RW          450    .bss                i2c.o
    0x20000998        -       0x00000020   Zero   RW          492    .bss                rtc.o
    0x200009b8        -       0x00000118   Zero   RW          534    .bss                spi.o
    0x20000ad0        -       0x00000140   Zero   RW          581    .bss                tim.o
    0x20000c10        -       0x000000e0   Zero   RW          649    .bss                usart.o
    0x20000cf0        -       0x00000040   Zero   RW          814    .bss                stm32f4xx_hal_timebase_tim.o
    0x20000d30        -       0x00000115   Zero   RW         1263    .bss                calibrate_task.o
    0x20000e45   COMPRESSED   0x00000003   PAD
    0x20000e48        -       0x00000078   Zero   RW         1388    .bss                can_receive.o
    0x20000ec0        -       0x0000023a   Zero   RW         1637    .bss                chassis_task.o
    0x200010fa        -       0x0000021c   Zero   RW         1706    .bss                detect_task.o
    0x20001316   COMPRESSED   0x00000002   PAD
    0x20001318        -       0x00000134   Zero   RW         1758    .bss                ins_task.o
    0x2000144c        -       0x0000005e   Zero   RW         1930    .bss                remote_control.o
    0x200014aa   COMPRESSED   0x00000002   PAD
    0x200014ac        -       0x00000020   Zero   RW         3070    .bss                stm32f4xx_hal_flash.o
    0x200014cc        -       0x00000040   Zero   RW         6687    .bss                queue.o
    0x2000150c        -       0x000000f0   Zero   RW         7049    .bss                tasks.o
    0x200015fc        -       0x00000110   Zero   RW         7364    .bss                timers.o
    0x2000170c        -       0x00006000   Zero   RW         7881    .bss                heap_4.o
    0x2000770c        -       0x00000060   Zero   RW         8519    .bss                c_w.l(libspace.o)
    0x2000776c   COMPRESSED   0x00000004   PAD
    0x20007770        -       0x00002000   Zero   RW            2    HEAP                startup_stm32f407xx.o
    0x20009770        -       0x00002000   Zero   RW            1    STACK               startup_stm32f407xx.o


==============================================================================

Image component sizes


      Code (inc. data)   RO Data    RW Data    ZI Data      Debug   Object Name

       168          4          0          0          0       5552   ahrs_middleware.o
      2338         40         18         44          0      10747   bmi088driver.o
       140         28          0          0          0       4924   bmi088middleware.o
        36         12          0          0          0     575941   bsp_buzzer.o
        92          8          0          0          0        598   bsp_can.o
       128         20          0          8          0       1360   bsp_delay.o
       694        108          0         16          0       4133   bsp_flash.o
        12          4          0          0          0        510   bsp_imu_pwm.o
       104         22          0          8          0        600   bsp_led.o
       104         14          0          0          0        977   bsp_rc.o
     10428        170          0          0          0       5678   bsp_spi.o
      1044         68         15         84        277      12246   calibrate_task.o
       464         44          0          4         80       2430   can.o
       392         38          0         17        120     604291   can_receive.o
         0          0          0          0          0       4080   chassis_behaviour.o
      2100        176         32          4        570       7773   chassis_task.o
       142          0          0          0          0      22115   cmsis_os.o
       324         12          0          0        540       2371   detect_task.o
       120          6          0          0          0        822   dma.o
         0          0          0          0          0      17916   event_groups.o
       200         44        177         24       1704       3241   freertos.o
       448         24          0          0          0       1187   gpio.o
       692         62          0         24      24576       4855   heap_4.o
       260         30          0          0         84       1733   i2c.o
      4352        326         24        160        308      18842   ins_task.o
       148          6         12          0          0       1987   ist8310driver.o
       136         22          0          0          0       4063   ist8310driver_middleware.o
       432         10          0         28          0       1689   led_flow_task.o
       148          0          0          0          0       3646   list.o
      1074        126          0         24          0     774751   main.o
       592          8          0          0          0       2530   pid.o
      1014         92          0         12          0      12177   port.o
      1910         20          0          0         64      14816   queue.o
       522         28          0          2         94       2178   remote_control.o
       116         22          0          0         32       1547   rtc.o
       416         38          0          0        280       1943   spi.o
        64         26        392          0      16384        856   startup_stm32f407xx.o
        96         20          0          9          0       3302   stm32f4xx_hal.o
      2136          6          0          0          0      14539   stm32f4xx_hal_can.o
       252         22          0          0          0      33762   stm32f4xx_hal_cortex.o
       458         10          8          0          0       2815   stm32f4xx_hal_dma.o
       636         64          0          0         32       6078   stm32f4xx_hal_flash.o
       432         26          0          0          0       3314   stm32f4xx_hal_flash_ex.o
       552         50          0          0          0       2991   stm32f4xx_hal_gpio.o
      2772         46          0          0          0      11742   stm32f4xx_hal_i2c.o
        84          6          0          0          0        858   stm32f4xx_hal_msp.o
      1800         94          0          0          0       6273   stm32f4xx_hal_rcc.o
       416         20          0          0          0       1432   stm32f4xx_hal_rcc_ex.o
       336          4          0          0          0       2660   stm32f4xx_hal_rtc.o
       970          8          0          0          0       4561   stm32f4xx_hal_spi.o
      2028         90          0          0          0      16941   stm32f4xx_hal_tim.o
        88          0          0          0          0       2485   stm32f4xx_hal_tim_ex.o
       180         20          0          0         64       1532   stm32f4xx_hal_timebase_tim.o
      1308          8          0          0          0       3756   stm32f4xx_hal_uart.o
        92         12          0          0          0       5783   stm32f4xx_it.o
       100         18         24          4          0       1191   system_stm32f4xx.o
      3688        418          0         60        240      30989   tasks.o
       264         28          0         10          0       2044   test_task.o
      1236        116          0          0        320       4919   tim.o
      1238        124          0         20        272      27283   timers.o
       536         54          0          0        224       2546   usart.o
       174          4          0          0          0       3233   user_lib.o

    ----------------------------------------------------------------------
     53288       2926        740        572      46272    2334134   Object Totals
         0          0         32          0          0          0   (incl. Generated)
        62          0          6         10          7          0   (incl. Padding)

    ----------------------------------------------------------------------

      Code (inc. data)   RO Data    RW Data    ZI Data      Debug   Library Member Name

      2718         84         12         16          0       9922   ahrs.o
         0          0       2052          0          0       4636   arm_common_tables.o
       120         12          0          0          0      16970   arm_cos_f32.o
       116         12          0          0          0        658   arm_sin_f32.o
        90          0          0          0          0          0   __dczerorl2.o
         8          0          0          0          0         68   __main.o
       284          0          0          0          0        156   __printf_wp.o
         0          0          0          0          0          0   __rtentry.o
        12          0          0          0          0          0   __rtentry2.o
         6          0          0          0          0          0   __rtentry4.o
        52          8          0          0          0          0   __scatter.o
        28          0          0          0          0          0   __scatter_zi.o
        48          4          0          0          0         84   _fptrap.o
        48          6          0          0          0         96   _printf_char_common.o
         6          0          0          0          0          0   _printf_d.o
       120         16          0          0          0         92   _printf_dec.o
         6          0          0          0          0          0   _printf_f.o
      1054          0          0          0          0        216   _printf_fp_dec.o
       128         16          0          0          0         84   _printf_fp_infnan.o
       178          0          0          0          0         88   _printf_intcommon.o
         0          0          0          0          0          0   _printf_percent.o
         4          0          0          0          0          0   _printf_percent_end.o
        22          0          0          0          0        100   _rserrno.o
        10          0          0          0          0         68   _sputc.o
        16          0          0          0          0         68   aeabi_memset.o
       228          4        148          0          0         96   bigflt0.o
      1936        128          0          0          0        672   btod.o
        10          0          0          0          0         68   defsig_exit.o
       172        110          0          0          0         76   defsig_fpe_inner.o
        14          0          0          0          0         80   defsig_fpe_outer.o
        50          0          0          0          0         88   defsig_general.o
        18          0          0          0          0         80   exit.o
         6          0          0          0          0        152   heapauxi.o
         0          0          0          0          0          0   indicate_semi.o
        44         10         28          0          0         76   lc_numeric_c.o
         2          0          0          0          0          0   libinit.o
        22          0          0          0          0          0   libinit2.o
         2          0          0          0          0          0   libshutdown.o
         2          0          0          0          0          0   libshutdown2.o
         8          4          0          0         96         68   libspace.o
       138          0          0          0          0         80   lludiv10.o
       238          0          0          0          0        100   lludivv7m.o
        40          6          0          0          0         84   noretval__2sprintf.o
         8          4          0          0          0         68   rt_errno_addr_intlibspace.o
         8          4          0          0          0         68   rt_locale_intlibspace.o
        68          0          0          0          0         68   rt_memclr.o
        78          0          0          0          0         80   rt_memclr_w.o
       138          0          0          0          0         68   rt_memcpy_v6.o
       100          0          0          0          0         80   rt_memcpy_w.o
         2          0          0          0          0          0   rtexit.o
        10          0          0          0          0          0   rtexit2.o
       128          0          0          0          0         68   strcmpv7m.o
        62          0          0          0          0         76   strlen.o
        12          4          0          0          0         68   sys_exit.o
        74          0          0          0          0         80   sys_stackheap_outer.o
        14          0          0          0          0         76   sys_wrch.o
         2          0          0          0          0         68   use_no_semi.o
       708         16          0          0          0        140   d2f_clz.o
      1256         28          0          0          0        408   daddsub_clz.o
        24          0          0          0          0        116   dcmpi.o
       200         16          0          0          0        184   dfix.o
        26          0          0          0          0        116   dflt_clz.o
       120          8          0          0          0        140   dleqf.o
       448         16          0          0          0        164   dmul_clz.o
       258          4          0          0          0        156   dnaninf.o
       112          0          0          0          0        160   drenorm_clz.o
        12          0          0          0          0        116   dretinf.o
        98          0          0          0          0        128   drleqf.o
       378          0          0          0          0        168   dunder_clz.o
       492         36          0          0          0        148   except.o
       122          8          0          0          0        132   f2d.o
       242          4          0          0          0        144   fnaninf.o
        10          0          0          0          0        116   fpinit.o
        10          0          0          0          0        116   fretinf.o
       316          0          0          0          0        132   funder_clz.o
        32          4          0          0          0        116   istatus.o
         4          0          0          0          0        116   printf1.o
       178          0          0          0          0        116   retnan.o
       126          0          0          0          0        148   trapv.o
         0          0          0          0          0          0   usenofp.o
       300         42          0          0          0        176   asinf.o
       684         90          0          0          0        208   atan2f.o
        20          0          0          0          0        124   fabs.o
        48          0          0          0          0        124   fpclassify.o
        38          0          0          0          0        116   fpclassifyf.o
        44         12          0          0          0        464   funder.o
       120          0          0          0          0        272   sqrtf_full.o

    ----------------------------------------------------------------------
     15160        716       2240         16        100      40658   Library Totals
        26          0          0          0          4          0   (incl. Padding)

    ----------------------------------------------------------------------

      Code (inc. data)   RO Data    RW Data    ZI Data      Debug   Library Name

      2718         84         12         16          0       9922   AHRS.lib
       236         24       2052          0          0      22264   arm_cortexM4lf_math.lib
      5754        324        176          0         96       3708   c_w.l
      5172        140          0          0          0       3280   g_wm.l
      1254        144          0          0          0       1484   m_wm.l

    ----------------------------------------------------------------------
     15160        716       2240         16        100      40658   Library Totals

    ----------------------------------------------------------------------

==============================================================================


      Code (inc. data)   RO Data    RW Data    ZI Data      Debug   

     68448       3642       2980        588      46372    2337660   Grand Totals
     68448       3642       2980        152      46372    2337660   ELF Image Totals (compressed)
     68448       3642       2980        152          0          0   ROM Totals

==============================================================================

    Total RO  Size (Code + RO Data)                71428 (  69.75kB)
    Total RW  Size (RW Data + ZI Data)             46960 (  45.86kB)
    Total ROM Size (Code + RO Data + RW Data)      71580 (  69.90kB)

==============================================================================

